
> finanzas-frontend@1.0.0 test:run
> vitest run


 RUN  v4.0.15 C:/Users/SHADOW/Desktop/Desarrollo3/finanzas-frontend

 ÔØ» src/components/NotificationCenter.test.tsx (12 tests | 2 failed) 2317ms
     Ô£ô debe renderizar el bot├│n de notificaciones 70ms
     Ô£ô debe mostrar el contador de notificaciones no le├¡das 30ms
     Ô£ô debe mostrar "9+" cuando hay m├ís de 9 notificaciones no le├¡das 16ms
     ├ù debe abrir el dropdown al hacer click 215ms
     Ô£ô debe mostrar notificaciones no le├¡das en el dropdown 107ms
     Ô£ô debe mostrar mensaje cuando no hay notificaciones 71ms
     Ô£ô debe mostrar estado de carga 87ms
     Ô£ô debe llamar a refreshNotifications al abrir el dropdown 73ms
     Ô£ô debe marcar como le├¡da al hacer click en el bot├│n 183ms
     Ô£ô debe descartar notificaci├│n al hacer click en descartar 194ms
     Ô£ô debe marcar todas como le├¡das cuando hay notificaciones no le├¡das 167ms
     ├ù debe cerrar el dropdown al hacer click fuera 1101ms
node.exe : stderr | src/context/NotificationContext.test.tsx > NotificationContext > debe actualizar notificaciones al 
llamar refreshNotifications
En línea: 1 Carácter: 1
+ & "C:\Program Files\nodejs/node.exe" "C:\Users\SHADOW\AppData\Roaming ...
+ ~~~~~~~~~~~~~~~~~~~~~~~~~~~~~~~~~~~~~~~~~~~~~~~~~~~~~~~~~~~~~~~~~~~~~
    + CategoryInfo          : NotSpecified: (stderr | src/co...shNotifications:String) [], RemoteException
    + FullyQualifiedErrorId : NativeCommandError
 
An update to NotificationProvider inside a test was not wrapped in act(...).

When testing, code that causes React state updates should be wrapped into act(...):

act(() => {
  /* fire events that update state */
});
/* assert on the output */

This ensures that you're testing the behavior the user would see in the browser. Learn more at 
https://react.dev/link/wrap-tests-with-act
An update to NotificationProvider inside a test was not wrapped in act(...).

When testing, code that causes React state updates should be wrapped into act(...):

act(() => {
  /* fire events that update state */
});
/* assert on the output */

This ensures that you're testing the behavior the user would see in the browser. Learn more at 
https://react.dev/link/wrap-tests-with-act

stderr | src/context/NotificationContext.test.tsx > NotificationContext > debe actualizar notificaciones al llamar 
refreshNotifications
An update to NotificationProvider inside a test was not wrapped in act(...).

When testing, code that causes React state updates should be wrapped into act(...):

act(() => {
  /* fire events that update state */
});
/* assert on the output */

This ensures that you're testing the behavior the user would see in the browser. Learn more at 
https://react.dev/link/wrap-tests-with-act
An update to NotificationProvider inside a test was not wrapped in act(...).

When testing, code that causes React state updates should be wrapped into act(...):

act(() => {
  /* fire events that update state */
});
/* assert on the output */

This ensures that you're testing the behavior the user would see in the browser. Learn more at 
https://react.dev/link/wrap-tests-with-act

stderr | src/pages/notifications/Notifications.test.tsx > Notifications Page > debe mostrar recordatorios pendientes y 
enviados
An update to Notifications inside a test was not wrapped in act(...).

When testing, code that causes React state updates should be wrapped into act(...):

act(() => {
  /* fire events that update state */
});
/* assert on the output */

This ensures that you're testing the behavior the user would see in the browser. Learn more at 
https://react.dev/link/wrap-tests-with-act

stderr | src/context/NotificationContext.test.tsx > NotificationContext > debe marcar notificaci├│n como le├¡da y 
actualizar estado
An update to NotificationProvider inside a test was not wrapped in act(...).

When testing, code that causes React state updates should be wrapped into act(...):

act(() => {
  /* fire events that update state */
});
/* assert on the output */

This ensures that you're testing the behavior the user would see in the browser. Learn more at 
https://react.dev/link/wrap-tests-with-act

stderr | src/context/NotificationContext.test.tsx > NotificationContext > debe marcar notificaci├│n como le├¡da y 
actualizar estado
An update to NotificationProvider inside a test was not wrapped in act(...).

When testing, code that causes React state updates should be wrapped into act(...):

act(() => {
  /* fire events that update state */
});
/* assert on the output */

This ensures that you're testing the behavior the user would see in the browser. Learn more at 
https://react.dev/link/wrap-tests-with-act

 ÔØ» src/context/NotificationContext.test.tsx (5 tests | 1 failed) 1246ms
     Ô£ô debe cargar notificaciones al montar cuando est├í autenticado 114ms
     Ô£ô debe calcular correctamente el contador de no le├¡das 44ms
     ├ù debe actualizar notificaciones al llamar refreshNotifications 1057ms
     Ô£ô debe marcar notificaci├│n como le├¡da y actualizar estado 21ms
     Ô£ô no debe cargar notificaciones si no est├í autenticado 7ms
 ÔØ» src/components/NotificationPreferences.test.tsx (13 tests | 9 failed) 560ms
     ├ù debe renderizar el formulario de preferencias 96ms
     ├ù debe cargar las preferencias existentes 28ms
     Ô£ô debe mostrar estado de carga mientras carga preferencias 15ms
     Ô£ô debe mostrar error si no se pueden cargar preferencias 13ms
     ├ù debe actualizar preferencias al enviar el formulario 25ms
     ├ù debe mostrar mensaje de ├®xito al guardar 119ms
     ├ù debe mostrar error si falla al guardar 35ms
     ├ù debe actualizar el estado al cambiar timezone 20ms
     ├ù debe actualizar el estado al cambiar toggles 21ms
     ├ù debe mostrar estado de carga al guardar 39ms
     Ô£ô debe cargar timezones del servicio 52ms
     Ô£ô debe usar lista b├ísica de timezones si el servicio falla 63ms
     ├ù debe limpiar mensajes de error/├®xito al cambiar valores 30ms
 ÔØ» src/pages/notifications/Notifications.test.tsx (20 tests | 10 failed) 9963ms
     ├ù debe renderizar la p├ígina de notificaciones 111ms
     Ô£ô debe mostrar las pesta├▒as correctas 198ms
     Ô£ô debe mostrar el contador de no le├¡das en la pesta├▒a 28ms
     ├ù debe mostrar notificaciones no le├¡das y le├¡das por separado 121ms
     ├ù debe filtrar notificaciones por tipo 1287ms
     ├ù debe filtrar notificaciones por estado de lectura 1123ms
     Ô£ô debe mostrar notificaciones descartadas cuando el checkbox est├í marcado 132ms
     Ô£ô debe marcar notificaci├│n como le├¡da al hacer click 123ms
     Ô£ô debe descartar notificaci├│n al hacer click 110ms
     Ô£ô debe marcar todas como le├¡das 114ms
     ├ù debe cambiar a la pesta├▒a de recordatorios 1115ms
     Ô£ô debe mostrar recordatorios pendientes y enviados 80ms
     ├ù debe abrir modal para crear recordatorio 1214ms
     ├ù debe crear recordatorio personalizado 2729ms
     ├ù debe cambiar a la pesta├▒a de preferencias 1204ms
     Ô£ô debe mostrar estado de carga 19ms
     ├ù debe mostrar mensaje cuando no hay notificaciones 25ms
     Ô£ô debe mostrar estad├¡sticas del resumen 23ms
     Ô£ô debe cargar notificaciones y recordatorios al montar 20ms
     ├ù debe eliminar recordatorio personalizado 185ms
 ÔØ» src/App.test.tsx (10 tests | 10 failed) 117ms
     ├ù debe renderizar correctamente 43ms
     ├ù debe renderizar la p├ígina de inicio en la ruta ra├¡z 17ms
     ├ù debe renderizar la p├ígina de login en /login 11ms
     ├ù debe renderizar la p├ígina de registro en /register 5ms
     ├ù debe renderizar la p├ígina about en /about 9ms
     ├ù debe renderizar la p├ígina de forgot-password en /forgot-password 5ms
     ├ù debe renderizar la p├ígina de reset-password en /reset-password 5ms
     ├ù debe renderizar la p├ígina de success en /success 7ms
     ├ù debe renderizar la p├ígina de dashboard protegida en /dashboard 6ms
     ├ù debe renderizar la p├ígina de perfil protegida en /profile 6ms
Error: Not implemented: navigation (except hash changes)
    at module.exports 
(C:\Users\SHADOW\Desktop\Desarrollo3\finanzas-frontend\node_modules\jsdom\lib\jsdom\browser\not-implemented.js:9:17)
    at navigateFetch 
(C:\Users\SHADOW\Desktop\Desarrollo3\finanzas-frontend\node_modules\jsdom\lib\jsdom\living\window\navigation.js:77:3)
    at exports.navigate 
(C:\Users\SHADOW\Desktop\Desarrollo3\finanzas-frontend\node_modules\jsdom\lib\jsdom\living\window\navigation.js:55:3)
    at LocationImpl._locationObjectNavigate (C:\Users\SHADOW\Desktop\Desarrollo3\finanzas-frontend\node_modules\jsdom\l
ib\jsdom\living\window\Location-impl.js:31:5)
    at LocationImpl._locationObjectSetterNavigate (C:\Users\SHADOW\Desktop\Desarrollo3\finanzas-frontend\node_modules\j
sdom\lib\jsdom\living\window\Location-impl.js:25:17)
    at LocationImpl.set href [as href] (C:\Users\SHADOW\Desktop\Desarrollo3\finanzas-frontend\node_modules\jsdom\lib\js
dom\living\window\Location-impl.js:47:10)
    at Location.set href [as href] (C:\Users\SHADOW\Desktop\Desarrollo3\finanzas-frontend\node_modules\jsdom\lib\jsdom\
living\generated\Location.js:125:37)
    at handleAuthError (C:/Users/SHADOW/Desktop/Desarrollo3/finanzas-frontend/src/utils/authErrorHandler.ts:8:21)
    at checkAndHandleAuthError 
(C:/Users/SHADOW/Desktop/Desarrollo3/finanzas-frontend/src/utils/authErrorHandler.ts:14:5)
    at parseError (C:/Users/SHADOW/Desktop/Desarrollo3/finanzas-frontend/src/services/notificationService.ts:109:5) 
undefined
 ÔØ» src/services/notificationService.test.ts (24 tests | 1 failed) 65ms
       Ô£ô debe listar las notificaciones 7ms
       Ô£ô debe aplicar filtros cuando se proporcionan 2ms
       Ô£ô debe manejar respuesta sin paginaci├│n (array directo) 1ms
       ├ù debe manejar errores de red 16ms
       Ô£ô debe manejar errores del servidor 1ms
       Ô£ô debe obtener una notificaci├│n por ID 1ms
       Ô£ô debe marcar una notificaci├│n como le├¡da 1ms
       Ô£ô debe marcar todas las notificaciones como le├¡das 1ms
       Ô£ô debe descartar una notificaci├│n 1ms
       Ô£ô debe descartar todas las notificaciones 1ms
       Ô£ô debe obtener el resumen de notificaciones 1ms
       Ô£ô debe listar los recordatorios personalizados 1ms
       Ô£ô debe aplicar filtros a los recordatorios 1ms
       Ô£ô debe crear un recordatorio personalizado 1ms
       Ô£ô debe actualizar un recordatorio personalizado 1ms
       Ô£ô debe eliminar un recordatorio personalizado 1ms
       Ô£ô debe marcar un recordatorio como le├¡do 1ms
       Ô£ô debe obtener las preferencias del usuario 1ms
       Ô£ô debe actualizar las preferencias del usuario 1ms
       Ô£ô debe obtener la lista de timezones 1ms
       Ô£ô debe transformar formato timezone a value/label 1ms
       Ô£ô debe manejar error 401 (no autenticado) 15ms
       Ô£ô debe manejar error 403 (sin permisos) 1ms
       Ô£ô debe manejar error 404 (no encontrado) 1ms
stdout | src/components/NewMovementModal.test.tsx > NewMovementModal > debe crear un movimiento de gasto correctamente
[DEBUG] Total sin GMF en pesos: 100000, Total en centavos: 10000000, GMF estimado: 400

 Ô£ô src/components/NewMovementModal.test.tsx (17 tests) 4755ms
     Ô£ô debe validar que el monto sea mayor a cero  327ms
     Ô£ô debe crear un movimiento de gasto correctamente  1728ms
     Ô£ô debe calcular el total cuando se ingresa base e IVA  588ms
 Ô£ô src/pages/register/Register.test.tsx (10 tests) 7603ms
     Ô£ô debe mostrar validaci├│n de contrase├▒a en tiempo real  597ms
     Ô£ô debe validar que la contrase├▒a tenga may├║scula, min├║scula, n├║mero y car├ícter especial  325ms
     Ô£ô debe mostrar error si las contrase├▒as no coinciden  857ms
     Ô£ô debe registrar usuario exitosamente con datos v├ílidos  1805ms
     Ô£ô debe mostrar error si el registro falla  1693ms
     Ô£ô debe mostrar estado de carga durante el registro  1870ms
 Ô£ô src/pages/login/Login.test.tsx (9 tests) 2527ms
     Ô£ô debe permitir escribir en los campos  457ms
     Ô£ô debe mostrar error cuando el login falla  548ms
     Ô£ô debe llamar a login con las credenciales correctas  544ms
     Ô£ô debe mostrar estado de carga durante el login  470ms
 Ô£ô src/pages/movements/Movements.test.tsx (16 tests) 4422ms
     Ô£ô debe abrir el modal de nuevo movimiento al hacer clic  537ms
     Ô£ô debe filtrar movimientos por tipo  380ms
     Ô£ô debe buscar movimientos por t├®rmino de b├║squeda  905ms
     Ô£ô debe eliminar un movimiento  510ms
     Ô£ô debe duplicar un movimiento  343ms
     Ô£ô debe mostrar el bot├│n de volver  305ms
 Ô£ô src/components/NewAccountModal.test.tsx (9 tests) 1584ms
 Ô£ô src/pages/accounts/Accounts.test.tsx (11 tests) 1011ms
 Ô£ô src/components/MovementDetailModal.test.tsx (14 tests) 867ms
 Ô£ô src/pages/categories/Categories.test.tsx (12 tests) 1217ms
 Ô£ô src/components/FinanceAnimation.test.tsx (4 tests) 91ms
 Ô£ô src/components/ConfirmModal.test.tsx (5 tests) 461ms
 Ô£ô src/components/BaseCurrencySettings.test.tsx (2 tests) 217ms
 Ô£ô src/components/AlertCenter.test.tsx (2 tests) 69ms
 Ô£ô src/components/ProtectedRoute.test.tsx (3 tests) 65ms
 Ô£ô src/utils/currencyUtils.test.ts (13 tests) 48ms
stdout | src/services/transactionService.test.ts > transactionService > create > debe crear una transacci├│n de gasto
[DEBUG] Enviando al backend: {
  origin_account: 1,
  type: 2,
  date: '2025-01-15',
  total_amount: 119000,
  category: 1,
  tax_percentage: 19,
  tag: 'almuerzo',
  note: 'Almuerzo con amigos'
}
[DEBUG] total_amount tipo: number valor: 119000
[DEBUG] base_amount tipo: undefined valor: undefined

stdout | src/services/transactionService.test.ts > transactionService > create > debe crear una transferencia
[DEBUG] Enviando al backend: {
  origin_account: 1,
  type: 3,
  date: '2025-01-15',
  total_amount: 50000,
  destination_account: 2,
  note: 'Transferencia'
}
[DEBUG] total_amount tipo: number valor: 50000
[DEBUG] base_amount tipo: undefined valor: undefined

stdout | src/services/transactionService.test.ts > transactionService > create > debe crear un pago a tarjeta de cr├®dito con capital e intereses
[DEBUG] Enviando al backend: {
  origin_account: 1,
  type: 3,
  date: '2025-01-15',
  total_amount: 450000,
  destination_account: 3,
  note: 'Pago tarjeta'
}
[DEBUG] total_amount tipo: number valor: 450000
[DEBUG] base_amount tipo: undefined valor: undefined

stdout | src/services/transactionService.test.ts > transactionService > create > debe redondear montos a enteros
[DEBUG] Enviando al backend: {
  origin_account: 1,
  type: 2,
  date: '2025-01-15',
  total_amount: 119000
}
[DEBUG] total_amount tipo: number valor: 119000
[DEBUG] base_amount tipo: undefined valor: undefined

stdout | src/services/transactionService.test.ts > transactionService > duplicate > debe duplicar una transacci├│n
[DEBUG] Enviando al backend: {
  origin_account: 1,
  type: 2,
  date: '2025-12-10',
  total_amount: 119000,
  tax_percentage: 19,
  tag: 'almuerzo',
  note: 'Almuerzo con amigos (duplicado)'
}
[DEBUG] total_amount tipo: number valor: 119000
[DEBUG] base_amount tipo: undefined valor: undefined

stdout | src/services/transactionService.test.ts > transactionService > parseError > debe parsear errores de campos espec├¡ficos
[DEBUG] Enviando al backend: { origin_account: 1, type: 2, date: '2025-01-15', total_amount: 1000 }
[DEBUG] total_amount tipo: number valor: 1000
[DEBUG] base_amount tipo: undefined valor: undefined

 Ô£ô src/services/transactionService.test.ts (24 tests) 47ms
 Ô£ô src/services/exchangeRateService.test.ts (12 tests) 29ms
 Ô£ô src/services/categoryService.test.ts (14 tests) 29ms
 Ô£ô src/services/accountService.test.ts (12 tests) 25ms
 Ô£ô src/utils/authErrorHandler.test.ts (13 tests) 20ms
 Ô£ô src/services/alertService.test.ts (10 tests) 22ms
 Ô£ô src/services/baseCurrencyService.test.ts (5 tests) 18ms
 Ô£ô src/utils/cookieUtils.test.ts (12 tests) 21ms
 Ô£ô src/services/authService.test.ts (7 tests) 19ms
 Ô£ô src/utils/financingCategoryUtils.test.ts (9 tests) 17ms
 Ô£ô src/main.test.tsx (3 tests) 14ms
 ÔØ» src/components/CustomReminderModal.test.tsx (16 tests | 13 failed) 55766ms
     Ô£ô debe renderizar el modal para crear nuevo recordatorio 125ms
     Ô£ô debe renderizar el modal para editar recordatorio existente 26ms
     Ô£ô debe establecer valores por defecto para nuevo recordatorio 27ms
     ├ù debe validar que el t├¡tulo sea requerido 5014ms
     ├ù debe validar que el mensaje sea requerido 5041ms
     ├ù debe validar que la fecha sea requerida 5012ms
     ├ù debe validar que la hora sea requerida 5020ms
     ├ù debe validar que la fecha/hora sea futura 5034ms
     ├ù debe llamar a onSave con los datos correctos 5017ms
     ├ù debe mostrar estado de carga al guardar 5039ms
     ├ù debe mostrar error si onSave falla 5032ms
     ├ù debe cerrar el modal al hacer click en cancelar 5016ms
     ├ù debe cerrar el modal al hacer click fuera del contenido 196ms
     ├ù no debe cerrar el modal al hacer click dentro del contenido 142ms
     ├ù debe deshabilitar botones durante el guardado 5013ms
     ├ù debe recortar espacios en blanco del t├¡tulo y mensaje 5007ms

ÔÄ»ÔÄ»ÔÄ»ÔÄ»ÔÄ»ÔÄ» Failed Tests 46 ÔÄ»ÔÄ»ÔÄ»ÔÄ»ÔÄ»ÔÄ»ÔÄ»

 FAIL  src/App.test.tsx > App > debe renderizar correctamente
 FAIL  src/App.test.tsx > App > debe renderizar la p├ígina de inicio en la ruta ra├¡z
 FAIL  src/App.test.tsx > App > debe renderizar la p├ígina de login en /login
 FAIL  src/App.test.tsx > App > debe renderizar la p├ígina de registro en /register
 FAIL  src/App.test.tsx > App > debe renderizar la p├ígina about en /about
 FAIL  src/App.test.tsx > App > debe renderizar la p├ígina de forgot-password en /forgot-password
 FAIL  src/App.test.tsx > App > debe renderizar la p├ígina de reset-password en /reset-password
 FAIL  src/App.test.tsx > App > debe renderizar la p├ígina de success en /success
 FAIL  src/App.test.tsx > App > debe renderizar la p├ígina de dashboard protegida en /dashboard
 FAIL  src/App.test.tsx > App > debe renderizar la p├ígina de perfil protegida en /profile
Error: [vitest] No "useAuth" export is defined on the "./context/AuthContext" mock. Did you forget to return it from 
"vi.mock"?
If you need to partially mock a module, you can use "importOriginal" helper inside:

vi.mock(import("./context/AuthContext"), async (importOriginal) => {
  const actual = await importOriginal()
  return {
    ...actual,
    // your mocked methods
  }
})

 ÔØ» NotificationProvider src/context/NotificationContext.tsx:44:31
     42| 
     43| export const NotificationProvider: React.FC<{ children: React.ReactNodÔÇª
     44|   const { isAuthenticated } = useAuth();
       |                               ^
     45|   const [notifications, setNotifications] = useState<Notification[]>([ÔÇª
     46|   const [customReminders, setCustomReminders] = useState<CustomRemindeÔÇª
 ÔØ» Object.react_stack_bottom_frame node_modules/react-dom/cjs/react-dom-client.development.js:25904:20
 ÔØ» renderWithHooks node_modules/react-dom/cjs/react-dom-client.development.js:7662:22
 ÔØ» updateFunctionComponent node_modules/react-dom/cjs/react-dom-client.development.js:10166:19
 ÔØ» beginWork node_modules/react-dom/cjs/react-dom-client.development.js:11778:18
 ÔØ» runWithFiberInDEV node_modules/react-dom/cjs/react-dom-client.development.js:874:13
 ÔØ» performUnitOfWork node_modules/react-dom/cjs/react-dom-client.development.js:17641:22
 ÔØ» workLoopSync node_modules/react-dom/cjs/react-dom-client.development.js:17469:41

ÔÄ»ÔÄ»ÔÄ»ÔÄ»ÔÄ»ÔÄ»ÔÄ»ÔÄ»ÔÄ»ÔÄ»ÔÄ»ÔÄ»ÔÄ»ÔÄ»ÔÄ»ÔÄ»ÔÄ»ÔÄ»ÔÄ»ÔÄ»ÔÄ»ÔÄ»ÔÄ»[1/46]ÔÄ»

 FAIL  src/context/NotificationContext.test.tsx > NotificationContext > debe actualizar notificaciones al llamar 
refreshNotifications
AssertionError: expected "vi.fn()" to be called 2 times, but got 3 times

Ignored nodes: comments, script, style
[36m<html>[39m
  [36m<head />[39m
  [36m<body>[39m
    [36m<div>[39m
      [36m<div>[39m
        [36m<div[39m
          [33mdata-testid[39m=[32m"notifications-count"[39m
        [36m>[39m
          [0m0[0m
        [36m</div>[39m
        [36m<div[39m
          [33mdata-testid[39m=[32m"unread-count"[39m
        [36m>[39m
          [0m0[0m
        [36m</div>[39m
        [36m<div[39m
          [33mdata-testid[39m=[32m"loading"[39m
        [36m>[39m
          [0mnot-loading[0m
        [36m</div>[39m
        [36m<button>[39m
          [0mRefresh[0m
        [36m</button>[39m
        [36m<button>[39m
          [0mMark Read[0m
        [36m</button>[39m
      [36m</div>[39m
    [36m</div>[39m
  [36m</body>[39m
[36m</html>[39m
 ÔØ» src/context/NotificationContext.test.tsx:181:40
    179| 
    180|     await waitFor(() => {
    181|       expect(notificationService.list).toHaveBeenCalledTimes(2);
       |                                        ^
    182|     });
    183|   });
 ÔØ» runWithExpensiveErrorDiagnosticsDisabled node_modules/@testing-library/dom/dist/config.js:47:12
 ÔØ» checkCallback node_modules/@testing-library/dom/dist/wait-for.js:124:77
 ÔØ» Timeout.checkRealTimersCallback node_modules/@testing-library/dom/dist/wait-for.js:118:16

ÔÄ»ÔÄ»ÔÄ»ÔÄ»ÔÄ»ÔÄ»ÔÄ»ÔÄ»ÔÄ»ÔÄ»ÔÄ»ÔÄ»ÔÄ»ÔÄ»ÔÄ»ÔÄ»ÔÄ»ÔÄ»ÔÄ»ÔÄ»ÔÄ»ÔÄ»ÔÄ»[2/46]ÔÄ»

 FAIL  src/components/CustomReminderModal.test.tsx > CustomReminderModal > debe validar que el t├¡tulo sea requerido
Error: Test timed out in 5000ms.
If this is a long-running test, pass a timeout value as the last argument or configure it globally with "testTimeout".
 ÔØ» src/components/CustomReminderModal.test.tsx:66:3
     64|   });
     65| 
     66|   it('debe validar que el t├¡tulo sea requerido', async () => {
       |   ^
     67|     const user = userEvent.setup();
     68|     render(<CustomReminderModal onClose={mockOnClose} onSave={mockOnSaÔÇª

ÔÄ»ÔÄ»ÔÄ»ÔÄ»ÔÄ»ÔÄ»ÔÄ»ÔÄ»ÔÄ»ÔÄ»ÔÄ»ÔÄ»ÔÄ»ÔÄ»ÔÄ»ÔÄ»ÔÄ»ÔÄ»ÔÄ»ÔÄ»ÔÄ»ÔÄ»ÔÄ»[3/46]ÔÄ»

 FAIL  src/components/CustomReminderModal.test.tsx > CustomReminderModal > debe validar que el mensaje sea requerido
Error: Test timed out in 5000ms.
If this is a long-running test, pass a timeout value as the last argument or configure it globally with "testTimeout".
 ÔØ» src/components/CustomReminderModal.test.tsx:80:3
     78|   });
     79| 
     80|   it('debe validar que el mensaje sea requerido', async () => {
       |   ^
     81|     const user = userEvent.setup();
     82|     render(<CustomReminderModal onClose={mockOnClose} onSave={mockOnSaÔÇª

ÔÄ»ÔÄ»ÔÄ»ÔÄ»ÔÄ»ÔÄ»ÔÄ»ÔÄ»ÔÄ»ÔÄ»ÔÄ»ÔÄ»ÔÄ»ÔÄ»ÔÄ»ÔÄ»ÔÄ»ÔÄ»ÔÄ»ÔÄ»ÔÄ»ÔÄ»ÔÄ»[4/46]ÔÄ»

 FAIL  src/components/CustomReminderModal.test.tsx > CustomReminderModal > debe validar que la fecha sea requerida
Error: Test timed out in 5000ms.
If this is a long-running test, pass a timeout value as the last argument or configure it globally with "testTimeout".
 ÔØ» src/components/CustomReminderModal.test.tsx:97:3
     95|   });
     96| 
     97|   it('debe validar que la fecha sea requerida', async () => {
       |   ^
     98|     const user = userEvent.setup();
     99|     render(<CustomReminderModal onClose={mockOnClose} onSave={mockOnSaÔÇª

ÔÄ»ÔÄ»ÔÄ»ÔÄ»ÔÄ»ÔÄ»ÔÄ»ÔÄ»ÔÄ»ÔÄ»ÔÄ»ÔÄ»ÔÄ»ÔÄ»ÔÄ»ÔÄ»ÔÄ»ÔÄ»ÔÄ»ÔÄ»ÔÄ»ÔÄ»ÔÄ»[5/46]ÔÄ»

 FAIL  src/components/CustomReminderModal.test.tsx > CustomReminderModal > debe validar que la hora sea requerida
Error: Test timed out in 5000ms.
If this is a long-running test, pass a timeout value as the last argument or configure it globally with "testTimeout".
 ÔØ» src/components/CustomReminderModal.test.tsx:119:3
    117|   });
    118| 
    119|   it('debe validar que la hora sea requerida', async () => {
       |   ^
    120|     const user = userEvent.setup();
    121|     render(<CustomReminderModal onClose={mockOnClose} onSave={mockOnSaÔÇª

ÔÄ»ÔÄ»ÔÄ»ÔÄ»ÔÄ»ÔÄ»ÔÄ»ÔÄ»ÔÄ»ÔÄ»ÔÄ»ÔÄ»ÔÄ»ÔÄ»ÔÄ»ÔÄ»ÔÄ»ÔÄ»ÔÄ»ÔÄ»ÔÄ»ÔÄ»ÔÄ»[6/46]ÔÄ»

 FAIL  src/components/CustomReminderModal.test.tsx > CustomReminderModal > debe validar que la fecha/hora sea futura
Error: Test timed out in 5000ms.
If this is a long-running test, pass a timeout value as the last argument or configure it globally with "testTimeout".
 ÔØ» src/components/CustomReminderModal.test.tsx:141:3
    139|   });
    140| 
    141|   it('debe validar que la fecha/hora sea futura', async () => {
       |   ^
    142|     const user = userEvent.setup();
    143|     render(<CustomReminderModal onClose={mockOnClose} onSave={mockOnSaÔÇª

ÔÄ»ÔÄ»ÔÄ»ÔÄ»ÔÄ»ÔÄ»ÔÄ»ÔÄ»ÔÄ»ÔÄ»ÔÄ»ÔÄ»ÔÄ»ÔÄ»ÔÄ»ÔÄ»ÔÄ»ÔÄ»ÔÄ»ÔÄ»ÔÄ»ÔÄ»ÔÄ»[7/46]ÔÄ»

 FAIL  src/components/CustomReminderModal.test.tsx > CustomReminderModal > debe llamar a onSave con los datos correctos
Error: Test timed out in 5000ms.
If this is a long-running test, pass a timeout value as the last argument or configure it globally with "testTimeout".
 ÔØ» src/components/CustomReminderModal.test.tsx:170:3
    168|   });
    169| 
    170|   it('debe llamar a onSave con los datos correctos', async () => {
       |   ^
    171|     const user = userEvent.setup();
    172|     mockOnSave.mockResolvedValue(undefined);

ÔÄ»ÔÄ»ÔÄ»ÔÄ»ÔÄ»ÔÄ»ÔÄ»ÔÄ»ÔÄ»ÔÄ»ÔÄ»ÔÄ»ÔÄ»ÔÄ»ÔÄ»ÔÄ»ÔÄ»ÔÄ»ÔÄ»ÔÄ»ÔÄ»ÔÄ»ÔÄ»[8/46]ÔÄ»

 FAIL  src/components/CustomReminderModal.test.tsx > CustomReminderModal > debe mostrar estado de carga al guardar
Error: Test timed out in 5000ms.
If this is a long-running test, pass a timeout value as the last argument or configure it globally with "testTimeout".
 ÔØ» src/components/CustomReminderModal.test.tsx:201:3
    199|   });
    200| 
    201|   it('debe mostrar estado de carga al guardar', async () => {
       |   ^
    202|     const user = userEvent.setup();
    203|     let resolveSave: () => void;

ÔÄ»ÔÄ»ÔÄ»ÔÄ»ÔÄ»ÔÄ»ÔÄ»ÔÄ»ÔÄ»ÔÄ»ÔÄ»ÔÄ»ÔÄ»ÔÄ»ÔÄ»ÔÄ»ÔÄ»ÔÄ»ÔÄ»ÔÄ»ÔÄ»ÔÄ»ÔÄ»[9/46]ÔÄ»

 FAIL  src/components/CustomReminderModal.test.tsx > CustomReminderModal > debe mostrar error si onSave falla
Error: Test timed out in 5000ms.
If this is a long-running test, pass a timeout value as the last argument or configure it globally with "testTimeout".
 ÔØ» src/components/CustomReminderModal.test.tsx:231:3
    229|   });
    230| 
    231|   it('debe mostrar error si onSave falla', async () => {
       |   ^
    232|     const user = userEvent.setup();
    233|     const errorMessage = 'Error al guardar';

ÔÄ»ÔÄ»ÔÄ»ÔÄ»ÔÄ»ÔÄ»ÔÄ»ÔÄ»ÔÄ»ÔÄ»ÔÄ»ÔÄ»ÔÄ»ÔÄ»ÔÄ»ÔÄ»ÔÄ»ÔÄ»ÔÄ»ÔÄ»ÔÄ»ÔÄ»[10/46]ÔÄ»

 FAIL  src/components/CustomReminderModal.test.tsx > CustomReminderModal > debe cerrar el modal al hacer click en 
cancelar
Error: Test timed out in 5000ms.
If this is a long-running test, pass a timeout value as the last argument or configure it globally with "testTimeout".
 ÔØ» src/components/CustomReminderModal.test.tsx:252:3
    250|   });
    251| 
    252|   it('debe cerrar el modal al hacer click en cancelar', async () => {
       |   ^
    253|     const user = userEvent.setup();
    254|     render(<CustomReminderModal onClose={mockOnClose} onSave={mockOnSaÔÇª

ÔÄ»ÔÄ»ÔÄ»ÔÄ»ÔÄ»ÔÄ»ÔÄ»ÔÄ»ÔÄ»ÔÄ»ÔÄ»ÔÄ»ÔÄ»ÔÄ»ÔÄ»ÔÄ»ÔÄ»ÔÄ»ÔÄ»ÔÄ»ÔÄ»ÔÄ»[11/46]ÔÄ»

 FAIL  src/components/CustomReminderModal.test.tsx > CustomReminderModal > debe cerrar el modal al hacer click fuera 
del contenido
TestingLibraryElementError: Unable to find an accessible element with the role "dialog"

Here are the accessible roles:

  heading:

  Name "Nuevo Recordatorio":
  [36m<h2[39m
    [33mclass[39m=[32m"modal-title"[39m
  [36m/>[39m

  --------------------------------------------------
  button:

  Name "Cerrar":
  [36m<button[39m
    [33maria-label[39m=[32m"Cerrar"[39m
    [33mclass[39m=[32m"modal-close-btn"[39m
  [36m/>[39m

  Name "Cancelar":
  [36m<button[39m
    [33mclass[39m=[32m"modal-btn modal-btn-secondary"[39m
    [33mtype[39m=[32m"button"[39m
  [36m/>[39m

  Name "Guardar":
  [36m<button[39m
    [33mclass[39m=[32m"modal-btn modal-btn-primary"[39m
    [33mtype[39m=[32m"submit"[39m
  [36m/>[39m

  --------------------------------------------------
  textbox:

  Name "T├¡tulo *":
  [36m<input[39m
    [33mclass[39m=[32m"form-input"[39m
    [33mid[39m=[32m"title"[39m
    [33mmaxlength[39m=[32m"200"[39m
    [33mplaceholder[39m=[32m"Ej: Reuni├│n con contador"[39m
    [33mrequired[39m=[32m""[39m
    [33mtype[39m=[32m"text"[39m
    [33mvalue[39m=[32m""[39m
  [36m/>[39m

  Name "Mensaje *":
  [36m<textarea[39m
    [33mclass[39m=[32m"form-textarea"[39m
    [33mid[39m=[32m"message"[39m
    [33mplaceholder[39m=[32m"Ej: Llevar documentos del mes"[39m
    [33mrequired[39m=[32m""[39m
    [33mrows[39m=[32m"4"[39m
  [36m/>[39m

  --------------------------------------------------

Ignored nodes: comments, script, style
[36m<body>[39m
  [36m<div>[39m
    [36m<div[39m
      [33mclass[39m=[32m"modal-overlay"[39m
    [36m>[39m
      [36m<div[39m
        [33mclass[39m=[32m"modal-content"[39m
      [36m>[39m
        [36m<div[39m
          [33mclass[39m=[32m"modal-header"[39m
        [36m>[39m
          [36m<h2[39m
            [33mclass[39m=[32m"modal-title"[39m
          [36m>[39m
            [0mNuevo Recordatorio[0m
          [36m</h2>[39m
          [36m<button[39m
            [33maria-label[39m=[32m"Cerrar"[39m
            [33mclass[39m=[32m"modal-close-btn"[39m
          [36m>[39m
            [36m<svg[39m
              [33maria-hidden[39m=[32m"true"[39m
              [33mclass[39m=[32m"lucide lucide-x w-5 h-5"[39m
              [33mfill[39m=[32m"none"[39m
              [33mheight[39m=[32m"24"[39m
              [33mstroke[39m=[32m"currentColor"[39m
              [33mstroke-linecap[39m=[32m"round"[39m
              [33mstroke-linejoin[39m=[32m"round"[39m
              [33mstroke-width[39m=[32m"2"[39m
              [33mviewBox[39m=[32m"0 0 24 24"[39m
              [33mwidth[39m=[32m"24"[39m
              [33mxmlns[39m=[32m"http://www.w3.org/2000/svg"[39m
            [36m>[39m
              [36m<path[39m
                [33md[39m=[32m"M18 6 6 18"[39m
              [36m/>[39m
              [36m<path[39m
                [33md[39m=[32m"m6 6 12 12"[39m
              [36m/>[39m
            [36m</svg>[39m
          [36m</button>[39m
        [36m</div>[39m
        [36m<form[39m
          [33mclass[39m=[32m"reminder-form"[39m
        [36m>[39m
          [36m<div[39m
            [33mclass[39m=[32m"form-group"[39m
          [36m>[39m
            [36m<label[39m
              [33mclass[39m=[32m"form-label"[39m
              [33mfor[39m=[32m"title"[39m
            [36m>[39m
              [0mT├¡tulo *[0m
            [36m</label>[39m
            [36m<input[39m
              [33mclass[39m=[32m"form-input"[39m
              [33mid[39m=[32m"title"[39m
              [33mmaxlength[39m=[32m"200"[39m
              [33mplaceholder[39m=[32m"Ej: Reuni├│n con contador"[39m
              [33mrequired[39m=[32m""[39m
              [33mtype[39m=[32m"text"[39m
              [33mvalue[39m=[32m""[39m
            [36m/>[39m
          [36m</div>[39m
          [36m<div[39m
            [33mclass[39m=[32m"form-group"[39m
          [36m>[39m
            [36m<label[39m
              [33mclass[39m=[32m"form-label"[39m
              [33mfor[39m=[32m"message"[39m
            [36m>[39m
              [0mMensaje *[0m
            [36m</label>[39m
            [36m<textarea[39m
              [33mclass[39m=[32m"form-textarea"[39m
              [33mid[39m=[32m"message"[39m
              [33mplaceholder[39m=[32m"Ej: Llevar documentos del mes"[39m
              [33mrequired[39m=[32m""[39m
              [33mrows[39m=[32m"4"[39m
            [36m/>[39m
          [36m</div>[39m
          [36m<div[39m
            [33mclass[39m=[32m"form-row"[39m
          [36m>[39m
            [36m<div[39m
              [33mclass[39m=[32m"form-group"[39m
            [36m>[39m
              [36m<label[39m
                [33mclass[39m=[32m"form-label"[39m
                [33mfor[39m=[32m"reminder_date"[39m
              [36m>[39m
                [36m<svg[39m
                  [33maria-hidden[39m=[32m"true"[39m
                  [33mclass[39m=[32m"lucide lucide-calendar w-4 h-4 inline mr-1"[39m
                  [33mfill[39m=[32m"none"[39m
                  [33mheight[39m=[32m"24"[39m
                  [33mstroke[39m=[32m"currentColor"[39m
                  [33mstroke-linecap[39m=[32m"round"[39m
                  [33mstroke-linejoin[39m=[32m"round"[39m
                  [33mstroke-width[39m=[32m"2"[39m
                  [33mviewBox[39m=[32m"0 0 24 24"[39m
                  [33mwidth[39m=[32m"24"[39m
                  [33mxmlns[39m=[32m"http://www.w3.org/2000/svg"[39m
                [36m>[39m
                  [36m<path[39m
                    [33md[39m=[32m"M8 2v4"[39m
                  [36m/>[39m
                  [36m<path[39m
                    [33md[39m=[32m"M16 2v4"[39m
                  [36m/>[39m
                  [36m<rect[39m
                    [33mheight[39m=[32m"18"[39m
                    [33mrx[39m=[32m"2"[39m
                    [33mwidth[39m=[32m"18"[39m
                    [33mx[39m=[32m"3"[39m
                    [33my[39m=[32m"4"[39m
                  [36m/>[39m
                  [36m<path[39m
                    [33md[39m=[32m"M3 10h18"[39m
                  [36m/>[39m
                [36m</svg>[39m
                [0mFecha *[0m
              [36m</label>[39m
              [36m<input[39m
                [33mclass[39m=[32m"form-input"[39m
                [33mid[39m=[32m"reminder_date"[39m
                [33mmin[39m=[32m"2025-01-11"[39m
                [33mrequired[39m=[32m""[39m
                [33mtype[39m=[32m"date"[39m
                [33mvalue[39m=[32m"2025-01-11"[39m
              [36m/>[39m
            [36m</div>[39m
            [36m<div[39m
              [33mclass[39m=[32m"form-group"[39m
            [36m>[39m
              [36m<label[39m
                [33mclass[39m=[32m"form-label"[39m
                [33mfor[39m=[32m"reminder_time"[39m
              [36m>[39m
                [36m<svg[39m
                  [33maria-hidden[39m=[32m"true"[39m
                  [33mclass[39m=[32m"lucide lucide-clock w-4 h-4 inline mr-1"[39m
                  [33mfill[39m=[32m"none"[39m
                  [33mheight[39m=[32m"24"[39m
                  [33mstroke[39m=[32m"currentColor"[39m
                  [33mstroke-linecap[39m=[32m"round"[39m
                  [33mstroke-linejoin[39m=[32m"round"[39m
                  [33mstroke-width[39m=[32m"2"[39m
                  [33mviewBox[39m=[32m"0 0 24 24"[39m
                  [33mwidth[39m=[32m"24"[39m
                  [33mxmlns[39m=[32m"http://www.w3.org/2000/svg"[39m
                [36m>[39m
                  [36m<path[39m
                    [33md[39m=[32m"M12 6v6l4 2"[39m
                  [36m/>[39m
                  [36m<circle[39m
                    [33mcx[39m=[32m"12"[39m
                    [33mcy[39m=[32m"12"[39m
                    [33mr[39m=[32m"10"[39m
                  [36m/>[39m
                [36m</svg>[39m
                [0mHora *[0m
              [36m</label>[39m
              [36m<input[39m
                [33mclass[39m=[32m"form-input"[39m
                [33mid[39m=[32m"reminder_time"[39m
                [33mrequired[39m=[32m""[39m
                [33mtype[39m=[32m"time"[39m
                [33mvalue[39m=[32m"09:00"[39m
              [36m/>[39m
            [36m</div>[39m
          [36m</div>[39m
          [36m<div[39m
            [33mclass[39m=[32m"modal-actions"[39m
          [36m>[39m
            [36m<button[39m
              [33mclass[39m=[32m"modal-btn modal-btn-secondary"[39m
              [33mtype[39m=[32m"button"[39m
            [36m>[39m
              [0mCancelar[0m
            [36m</button>[39m
            [36m<button[39m
              [33mclass[39m=[32m"modal-btn modal-btn-primary"[39m
              [33mtype[39m=[32m"submit"[39m
            [36m>[39m
              [0mGuardar[0m
            [36m</button>[39m
          [36m</div>[39m
        [36m</form>[39m
      [36m</div>[39m
    [36m</div>[39m
  [36m</div>[39m
[36m</body>[39m
 ÔØ» Object.getElementError node_modules/@testing-library/dom/dist/config.js:37:19
 ÔØ» node_modules/@testing-library/dom/dist/query-helpers.js:76:38
 ÔØ» node_modules/@testing-library/dom/dist/query-helpers.js:52:17
 ÔØ» node_modules/@testing-library/dom/dist/query-helpers.js:95:19
 ÔØ» src/components/CustomReminderModal.test.tsx:266:28
    264|     render(<CustomReminderModal onClose={mockOnClose} onSave={mockOnSaÔÇª
    265| 
    266|     const overlay = screen.getByRole('dialog').parentElement;
       |                            ^
    267|     if (overlay) {
    268|       await user.click(overlay);

ÔÄ»ÔÄ»ÔÄ»ÔÄ»ÔÄ»ÔÄ»ÔÄ»ÔÄ»ÔÄ»ÔÄ»ÔÄ»ÔÄ»ÔÄ»ÔÄ»ÔÄ»ÔÄ»ÔÄ»ÔÄ»ÔÄ»ÔÄ»ÔÄ»ÔÄ»[12/46]ÔÄ»

 FAIL  src/components/CustomReminderModal.test.tsx > CustomReminderModal > no debe cerrar el modal al hacer click 
dentro del contenido
TestingLibraryElementError: Unable to find an accessible element with the role "dialog"

Here are the accessible roles:

  heading:

  Name "Nuevo Recordatorio":
  [36m<h2[39m
    [33mclass[39m=[32m"modal-title"[39m
  [36m/>[39m

  --------------------------------------------------
  button:

  Name "Cerrar":
  [36m<button[39m
    [33maria-label[39m=[32m"Cerrar"[39m
    [33mclass[39m=[32m"modal-close-btn"[39m
  [36m/>[39m

  Name "Cancelar":
  [36m<button[39m
    [33mclass[39m=[32m"modal-btn modal-btn-secondary"[39m
    [33mtype[39m=[32m"button"[39m
  [36m/>[39m

  Name "Guardar":
  [36m<button[39m
    [33mclass[39m=[32m"modal-btn modal-btn-primary"[39m
    [33mtype[39m=[32m"submit"[39m
  [36m/>[39m

  --------------------------------------------------
  textbox:

  Name "T├¡tulo *":
  [36m<input[39m
    [33mclass[39m=[32m"form-input"[39m
    [33mid[39m=[32m"title"[39m
    [33mmaxlength[39m=[32m"200"[39m
    [33mplaceholder[39m=[32m"Ej: Reuni├│n con contador"[39m
    [33mrequired[39m=[32m""[39m
    [33mtype[39m=[32m"text"[39m
    [33mvalue[39m=[32m""[39m
  [36m/>[39m

  Name "Mensaje *":
  [36m<textarea[39m
    [33mclass[39m=[32m"form-textarea"[39m
    [33mid[39m=[32m"message"[39m
    [33mplaceholder[39m=[32m"Ej: Llevar documentos del mes"[39m
    [33mrequired[39m=[32m""[39m
    [33mrows[39m=[32m"4"[39m
  [36m/>[39m

  --------------------------------------------------

Ignored nodes: comments, script, style
[36m<body>[39m
  [36m<div>[39m
    [36m<div[39m
      [33mclass[39m=[32m"modal-overlay"[39m
    [36m>[39m
      [36m<div[39m
        [33mclass[39m=[32m"modal-content"[39m
      [36m>[39m
        [36m<div[39m
          [33mclass[39m=[32m"modal-header"[39m
        [36m>[39m
          [36m<h2[39m
            [33mclass[39m=[32m"modal-title"[39m
          [36m>[39m
            [0mNuevo Recordatorio[0m
          [36m</h2>[39m
          [36m<button[39m
            [33maria-label[39m=[32m"Cerrar"[39m
            [33mclass[39m=[32m"modal-close-btn"[39m
          [36m>[39m
            [36m<svg[39m
              [33maria-hidden[39m=[32m"true"[39m
              [33mclass[39m=[32m"lucide lucide-x w-5 h-5"[39m
              [33mfill[39m=[32m"none"[39m
              [33mheight[39m=[32m"24"[39m
              [33mstroke[39m=[32m"currentColor"[39m
              [33mstroke-linecap[39m=[32m"round"[39m
              [33mstroke-linejoin[39m=[32m"round"[39m
              [33mstroke-width[39m=[32m"2"[39m
              [33mviewBox[39m=[32m"0 0 24 24"[39m
              [33mwidth[39m=[32m"24"[39m
              [33mxmlns[39m=[32m"http://www.w3.org/2000/svg"[39m
            [36m>[39m
              [36m<path[39m
                [33md[39m=[32m"M18 6 6 18"[39m
              [36m/>[39m
              [36m<path[39m
                [33md[39m=[32m"m6 6 12 12"[39m
              [36m/>[39m
            [36m</svg>[39m
          [36m</button>[39m
        [36m</div>[39m
        [36m<form[39m
          [33mclass[39m=[32m"reminder-form"[39m
        [36m>[39m
          [36m<div[39m
            [33mclass[39m=[32m"form-group"[39m
          [36m>[39m
            [36m<label[39m
              [33mclass[39m=[32m"form-label"[39m
              [33mfor[39m=[32m"title"[39m
            [36m>[39m
              [0mT├¡tulo *[0m
            [36m</label>[39m
            [36m<input[39m
              [33mclass[39m=[32m"form-input"[39m
              [33mid[39m=[32m"title"[39m
              [33mmaxlength[39m=[32m"200"[39m
              [33mplaceholder[39m=[32m"Ej: Reuni├│n con contador"[39m
              [33mrequired[39m=[32m""[39m
              [33mtype[39m=[32m"text"[39m
              [33mvalue[39m=[32m""[39m
            [36m/>[39m
          [36m</div>[39m
          [36m<div[39m
            [33mclass[39m=[32m"form-group"[39m
          [36m>[39m
            [36m<label[39m
              [33mclass[39m=[32m"form-label"[39m
              [33mfor[39m=[32m"message"[39m
            [36m>[39m
              [0mMensaje *[0m
            [36m</label>[39m
            [36m<textarea[39m
              [33mclass[39m=[32m"form-textarea"[39m
              [33mid[39m=[32m"message"[39m
              [33mplaceholder[39m=[32m"Ej: Llevar documentos del mes"[39m
              [33mrequired[39m=[32m""[39m
              [33mrows[39m=[32m"4"[39m
            [36m/>[39m
          [36m</div>[39m
          [36m<div[39m
            [33mclass[39m=[32m"form-row"[39m
          [36m>[39m
            [36m<div[39m
              [33mclass[39m=[32m"form-group"[39m
            [36m>[39m
              [36m<label[39m
                [33mclass[39m=[32m"form-label"[39m
                [33mfor[39m=[32m"reminder_date"[39m
              [36m>[39m
                [36m<svg[39m
                  [33maria-hidden[39m=[32m"true"[39m
                  [33mclass[39m=[32m"lucide lucide-calendar w-4 h-4 inline mr-1"[39m
                  [33mfill[39m=[32m"none"[39m
                  [33mheight[39m=[32m"24"[39m
                  [33mstroke[39m=[32m"currentColor"[39m
                  [33mstroke-linecap[39m=[32m"round"[39m
                  [33mstroke-linejoin[39m=[32m"round"[39m
                  [33mstroke-width[39m=[32m"2"[39m
                  [33mviewBox[39m=[32m"0 0 24 24"[39m
                  [33mwidth[39m=[32m"24"[39m
                  [33mxmlns[39m=[32m"http://www.w3.org/2000/svg"[39m
                [36m>[39m
                  [36m<path[39m
                    [33md[39m=[32m"M8 2v4"[39m
                  [36m/>[39m
                  [36m<path[39m
                    [33md[39m=[32m"M16 2v4"[39m
                  [36m/>[39m
                  [36m<rect[39m
                    [33mheight[39m=[32m"18"[39m
                    [33mrx[39m=[32m"2"[39m
                    [33mwidth[39m=[32m"18"[39m
                    [33mx[39m=[32m"3"[39m
                    [33my[39m=[32m"4"[39m
                  [36m/>[39m
                  [36m<path[39m
                    [33md[39m=[32m"M3 10h18"[39m
                  [36m/>[39m
                [36m</svg>[39m
                [0mFecha *[0m
              [36m</label>[39m
              [36m<input[39m
                [33mclass[39m=[32m"form-input"[39m
                [33mid[39m=[32m"reminder_date"[39m
                [33mmin[39m=[32m"2025-01-11"[39m
                [33mrequired[39m=[32m""[39m
                [33mtype[39m=[32m"date"[39m
                [33mvalue[39m=[32m"2025-01-11"[39m
              [36m/>[39m
            [36m</div>[39m
            [36m<div[39m
              [33mclass[39m=[32m"form-group"[39m
            [36m>[39m
              [36m<label[39m
                [33mclass[39m=[32m"form-label"[39m
                [33mfor[39m=[32m"reminder_time"[39m
              [36m>[39m
                [36m<svg[39m
                  [33maria-hidden[39m=[32m"true"[39m
                  [33mclass[39m=[32m"lucide lucide-clock w-4 h-4 inline mr-1"[39m
                  [33mfill[39m=[32m"none"[39m
                  [33mheight[39m=[32m"24"[39m
                  [33mstroke[39m=[32m"currentColor"[39m
                  [33mstroke-linecap[39m=[32m"round"[39m
                  [33mstroke-linejoin[39m=[32m"round"[39m
                  [33mstroke-width[39m=[32m"2"[39m
                  [33mviewBox[39m=[32m"0 0 24 24"[39m
                  [33mwidth[39m=[32m"24"[39m
                  [33mxmlns[39m=[32m"http://www.w3.org/2000/svg"[39m
                [36m>[39m
                  [36m<path[39m
                    [33md[39m=[32m"M12 6v6l4 2"[39m
                  [36m/>[39m
                  [36m<circle[39m
                    [33mcx[39m=[32m"12"[39m
                    [33mcy[39m=[32m"12"[39m
                    [33mr[39m=[32m"10"[39m
                  [36m/>[39m
                [36m</svg>[39m
                [0mHora *[0m
              [36m</label>[39m
              [36m<input[39m
                [33mclass[39m=[32m"form-input"[39m
                [33mid[39m=[32m"reminder_time"[39m
                [33mrequired[39m=[32m""[39m
                [33mtype[39m=[32m"time"[39m
                [33mvalue[39m=[32m"09:00"[39m
              [36m/>[39m
            [36m</div>[39m
          [36m</div>[39m
          [36m<div[39m
            [33mclass[39m=[32m"modal-actions"[39m
          [36m>[39m
            [36m<button[39m
              [33mclass[39m=[32m"modal-btn modal-btn-secondary"[39m
              [33mtype[39m=[32m"button"[39m
            [36m>[39m
              [0mCancelar[0m
            [36m</button>[39m
            [36m<button[39m
              [33mclass[39m=[32m"modal-btn modal-btn-primary"[39m
              [33mtype[39m=[32m"submit"[39m
            [36m>[39m
              [0mGuardar[0m
            [36m</button>[39m
          [36m</div>[39m
        [36m</form>[39m
      [36m</div>[39m
    [36m</div>[39m
  [36m</div>[39m
[36m</body>[39m
 ÔØ» Object.getElementError node_modules/@testing-library/dom/dist/config.js:37:19
 ÔØ» node_modules/@testing-library/dom/dist/query-helpers.js:76:38
 ÔØ» node_modules/@testing-library/dom/dist/query-helpers.js:52:17
 ÔØ» node_modules/@testing-library/dom/dist/query-helpers.js:95:19
 ÔØ» src/components/CustomReminderModal.test.tsx:277:33
    275|     render(<CustomReminderModal onClose={mockOnClose} onSave={mockOnSaÔÇª
    276| 
    277|     const modalContent = screen.getByRole('dialog');
       |                                 ^
    278|     await user.click(modalContent);
    279| 

ÔÄ»ÔÄ»ÔÄ»ÔÄ»ÔÄ»ÔÄ»ÔÄ»ÔÄ»ÔÄ»ÔÄ»ÔÄ»ÔÄ»ÔÄ»ÔÄ»ÔÄ»ÔÄ»ÔÄ»ÔÄ»ÔÄ»ÔÄ»ÔÄ»ÔÄ»[13/46]ÔÄ»

 FAIL  src/components/CustomReminderModal.test.tsx > CustomReminderModal > debe deshabilitar botones durante el 
guardado
Error: Test timed out in 5000ms.
If this is a long-running test, pass a timeout value as the last argument or configure it globally with "testTimeout".
 ÔØ» src/components/CustomReminderModal.test.tsx:283:3
    281|   });
    282| 
    283|   it('debe deshabilitar botones durante el guardado', async () => {
       |   ^
    284|     const user = userEvent.setup();
    285|     let resolveSave: () => void;

ÔÄ»ÔÄ»ÔÄ»ÔÄ»ÔÄ»ÔÄ»ÔÄ»ÔÄ»ÔÄ»ÔÄ»ÔÄ»ÔÄ»ÔÄ»ÔÄ»ÔÄ»ÔÄ»ÔÄ»ÔÄ»ÔÄ»ÔÄ»ÔÄ»ÔÄ»[14/46]ÔÄ»

 FAIL  src/components/CustomReminderModal.test.tsx > CustomReminderModal > debe recortar espacios en blanco del 
t├¡tulo y mensaje
Error: Test timed out in 5000ms.
If this is a long-running test, pass a timeout value as the last argument or configure it globally with "testTimeout".
 ÔØ» src/components/CustomReminderModal.test.tsx:311:3
    309|   });
    310| 
    311|   it('debe recortar espacios en blanco del t├¡tulo y mensaje', async ()ÔÇª
       |   ^
    312|     const user = userEvent.setup();
    313|     mockOnSave.mockResolvedValue(undefined);

ÔÄ»ÔÄ»ÔÄ»ÔÄ»ÔÄ»ÔÄ»ÔÄ»ÔÄ»ÔÄ»ÔÄ»ÔÄ»ÔÄ»ÔÄ»ÔÄ»ÔÄ»ÔÄ»ÔÄ»ÔÄ»ÔÄ»ÔÄ»ÔÄ»ÔÄ»[15/46]ÔÄ»

 FAIL  src/components/NotificationCenter.test.tsx > NotificationCenter > debe abrir el dropdown al hacer click
TestingLibraryElementError: Found multiple elements with the text: /notificaciones/i

Here are the matching elements:

Ignored nodes: comments, script, style
[36m<h3[39m
  [33mclass[39m=[32m"notification-center-title"[39m
[36m>[39m
  [0mNotificaciones[0m
[36m</h3>[39m

Ignored nodes: comments, script, style
[36m<p[39m
  [33mclass[39m=[32m"text-sm font-medium text-gray-700"[39m
[36m>[39m
  [0mNo hay notificaciones nuevas[0m
[36m</p>[39m

Ignored nodes: comments, script, style
[36m<p[39m
  [33mclass[39m=[32m"text-xs mt-1 text-gray-500"[39m
[36m>[39m
  [0mTodas tus notificaciones est├ín al d├¡a[0m
[36m</p>[39m

(If this is intentional, then use the `*AllBy*` variant of the query (like `queryAllByText`, `getAllByText`, or 
`findAllByText`)).

Ignored nodes: comments, script, style
[36m<body>[39m
  [36m<div>[39m
    [36m<div[39m
      [33mclass[39m=[32m"relative"[39m
    [36m>[39m
      [36m<button[39m
        [33maria-expanded[39m=[32m"true"[39m
        [33maria-label[39m=[32m"Centro de notificaciones"[39m
        [33mclass[39m=[32m"relative p-2 text-gray-600 hover:text-gray-900 transition-colors"[39m
      [36m>[39m
        [36m<svg[39m
          [33maria-hidden[39m=[32m"true"[39m
          [33mclass[39m=[32m"lucide lucide-bell w-6 h-6"[39m
          [33mfill[39m=[32m"none"[39m
          [33mheight[39m=[32m"24"[39m
          [33mstroke[39m=[32m"currentColor"[39m
          [33mstroke-linecap[39m=[32m"round"[39m
          [33mstroke-linejoin[39m=[32m"round"[39m
          [33mstroke-width[39m=[32m"2"[39m
          [33mviewBox[39m=[32m"0 0 24 24"[39m
          [33mwidth[39m=[32m"24"[39m
          [33mxmlns[39m=[32m"http://www.w3.org/2000/svg"[39m
        [36m>[39m
          [36m<path[39m
            [33md[39m=[32m"M10.268 21a2 2 0 0 0 3.464 0"[39m
          [36m/>[39m
          [36m<path[39m
            [33md[39m=[32m"M3.262 15.326A1 1 0 0 0 4 17h16a1 1 0 0 0 .74-1.673C19.41 13.956 18 12.499 18 8A6 6 0 0 
0 6 8c0 4.499-1.411 5.956-2.738 7.326"[39m
          [36m/>[39m
        [36m</svg>[39m
      [36m</button>[39m
      [36m<div[39m
        [33mclass[39m=[32m"notification-center-dropdown"[39m
      [36m>[39m
        [36m<div[39m
          [33mclass[39m=[32m"notification-center-header"[39m
        [36m>[39m
          [36m<div[39m
            [33mclass[39m=[32m"notification-center-header-left"[39m
          [36m>[39m
            [36m<svg[39m
              [33maria-hidden[39m=[32m"true"[39m
              [33mclass[39m=[32m"lucide lucide-bell w-5 h-5 text-gray-700"[39m
              [33mfill[39m=[32m"none"[39m
              [33mheight[39m=[32m"24"[39m
              [33mstroke[39m=[32m"currentColor"[39m
              [33mstroke-linecap[39m=[32m"round"[39m
              [33mstroke-linejoin[39m=[32m"round"[39m
              [33mstroke-width[39m=[32m"2"[39m
              [33mviewBox[39m=[32m"0 0 24 24"[39m
              [33mwidth[39m=[32m"24"[39m
              [33mxmlns[39m=[32m"http://www.w3.org/2000/svg"[39m
            [36m>[39m
              [36m<path[39m
                [33md[39m=[32m"M10.268 21a2 2 0 0 0 3.464 0"[39m
              [36m/>[39m
              [36m<path[39m
                [33md[39m=[32m"M3.262 15.326A1 1 0 0 0 4 17h16a1 1 0 0 0 .74-1.673C19.41 13.956 18 12.499 18 8A6 6 
0 0 0 6 8c0 4.499-1.411 5.956-2.738 7.326"[39m
              [36m/>[39m
            [36m</svg>[39m
            [36m<h3[39m
              [33mclass[39m=[32m"notification-center-title"[39m
            [36m>[39m
              [0mNotificaciones[0m
            [36m</h3>[39m
          [36m</div>[39m
          [36m<div[39m
            [33mclass[39m=[32m"notification-center-header-actions"[39m
          [36m>[39m
            [36m<button[39m
              [33mclass[39m=[32m"notification-center-action-btn"[39m
              [33mtitle[39m=[32m"Preferencias"[39m
            [36m>[39m
              [36m<svg[39m
                [33maria-hidden[39m=[32m"true"[39m
                [33mclass[39m=[32m"lucide lucide-settings w-4 h-4"[39m
                [33mfill[39m=[32m"none"[39m
                [33mheight[39m=[32m"24"[39m
                [33mstroke[39m=[32m"currentColor"[39m
                [33mstroke-linecap[39m=[32m"round"[39m
                [33mstroke-linejoin[39m=[32m"round"[39m
                [33mstroke-width[39m=[32m"2"[39m
                [33mviewBox[39m=[32m"0 0 24 24"[39m
                [33mwidth[39m=[32m"24"[39m
                [33mxmlns[39m=[32m"http://www.w3.org/2000/svg"[39m
              [36m>[39m
                [36m<path[39m
                  [33md[39m=[32m"M9.671 4.136a2.34 2.34 0 0 1 4.659 0 2.34 2.34 0 0 0 3.319 1.915 2.34 2.34 0 0 1 
2.33 4.033 2.34 2.34 0 0 0 0 3.831 2.34 2.34 0 0 1-2.33 4.033 2.34 2.34 0 0 0-3.319 1.915 2.34 2.34 0 0 1-4.659 0 2.34 
2.34 0 0 0-3.32-1.915 2.34 2.34 0 0 1-2.33-4.033 2.34 2.34 0 0 0 0-3.831A2.34 2.34 0 0 1 6.35 6.051a2.34 2.34 0 0 0 
3.319-1.915"[39m
                [36m/>[39m
                [36m<circle[39m
                  [33mcx[39m=[32m"12"[39m
                  [33mcy[39m=[32m"12"[39m
                  [33mr[39m=[32m"3"[39m
                [36m/>[39m
              [36m</svg>[39m
            [36m</button>[39m
            [36m<button[39m
              [33maria-label[39m=[32m"Cerrar"[39m
              [33mclass[39m=[32m"notification-center-action-btn"[39m
            [36m>[39m
              [36m<svg[39m
                [33maria-hidden[39m=[32m"true"[39m
                [33mclass[39m=[32m"lucide lucide-x w-4 h-4"[39m
                [33mfill[39m=[32m"none"[39m
                [33mheight[39m=[32m"24"[39m
                [33mstroke[39m=[32m"currentColor"[39m
                [33mstroke-linecap[39m=[32m"round"[39m
                [33mstroke-linejoin[39m=[32m"round"[39m
                [33mstroke-width[39m=[32m"2"[39m
                [33mviewBox[39m=[32m"0 0 24 24"[39m
                [33mwidth[39m=[32m"24"[39m
                [33mxmlns[39m=[32m"http://www.w3.org/2000/svg"[39m
              [36m>[39m
                [36m<path[39m
                  [33md[39m=[32m"M18 6 6 18"[39m
                [36m/>[39m
                [36m<path[39m
                  [33md[39m=[32m"m6 6 12 12"[39m
                [36m/>[39m
              [36m</svg>[39m
            [36m</button>[39m
          [36m</div>[39m
        [36m</div>[39m
        [36m<div[39m
          [33mclass[39m=[32m"notification-center-content"[39m
        [36m>[39m
          [36m<div[39m
            [33mclass[39m=[32m"notification-center-empty"[39m
          [36m>[39m
            [36m<svg[39m
              [33maria-hidden[39m=[32m"true"[39m
              [33mclass[39m=[32m"lucide lucide-bell w-12 h-12 mx-auto mb-3 text-gray-300"[39m
              [33mfill[39m=[32m"none"[39m
              [33mheight[39m=[32m"24"[39m
              [33mstroke[39m=[32m"currentColor"[39m
              [33mstroke-linecap[39m=[32m"round"[39m
              [33mstroke-linejoin[39m=[32m"round"[39m
              [33mstroke-width[39m=[32m"2"[39m
              [33mviewBox[39m=[32m"0 0 24 24"[39m
              [33mwidth[39m=[32m"24"[39m
              [33mxmlns[39m=[32m"http://www.w3.org/2000/svg"[39m
            [36m>[39m
              [36m<path[39m
                [33md[39m=[32m"M10.268 21a2 2 0 0 0 3.464 0"[39m
              [36m/>[39m
              [36m<path[39m
                [33md[39m=[32m"M3.262 15.326A1 1 0 0 0 4 17h16a1 1 0 0 0 .74-1.673C19.41 13.956 18 12.499 18 8A6 6 
0 0 0 6 8c0 4.499-1.411 5.956-2.738 7.326"[39m
              [36m/>[39m
            [36m</svg>[39m
            [36m<p[39m
              [33mclass[39m=[32m"text-sm font-medium text-gray-700"[39m
            [36m>[39m
              [0mNo hay notificaciones nuevas[0m
            [36m</p>[39m
            [36m<p[39m
              [33mclass[39m=[32m"text-xs mt-1 text-gray-500"[39m
            [36m>[39m
              [0mTodas tus notificaciones est├ín al d├¡a[0m
            [36m</p>[39m
          [36m</div>[39m
        [36m</div>[39m
      [36m</div>[39m
    [36m</div>[39m
  [36m</div>[39m
[36m</body>[39m
 ÔØ» Object.getElementError node_modules/@testing-library/dom/dist/config.js:37:19
 ÔØ» getElementError node_modules/@testing-library/dom/dist/query-helpers.js:20:35
 ÔØ» getMultipleElementsFoundError node_modules/@testing-library/dom/dist/query-helpers.js:23:10
 ÔØ» node_modules/@testing-library/dom/dist/query-helpers.js:55:13
 ÔØ» node_modules/@testing-library/dom/dist/query-helpers.js:95:19
 ÔØ» src/components/NotificationCenter.test.tsx:110:19
    108|     await user.click(button);
    109| 
    110|     expect(screen.getByText(/notificaciones/i)).toBeInTheDocument();
       |                   ^
    111|   });
    112| 

ÔÄ»ÔÄ»ÔÄ»ÔÄ»ÔÄ»ÔÄ»ÔÄ»ÔÄ»ÔÄ»ÔÄ»ÔÄ»ÔÄ»ÔÄ»ÔÄ»ÔÄ»ÔÄ»ÔÄ»ÔÄ»ÔÄ»ÔÄ»ÔÄ»ÔÄ»[16/46]ÔÄ»

 FAIL  src/components/NotificationCenter.test.tsx > NotificationCenter > debe cerrar el dropdown al hacer click fuera
TestingLibraryElementError: Found multiple elements with the text: /notificaciones/i

Here are the matching elements:

Ignored nodes: comments, script, style
[36m<h3[39m
  [33mclass[39m=[32m"notification-center-title"[39m
[36m>[39m
  [0mNotificaciones[0m
[36m</h3>[39m

Ignored nodes: comments, script, style
[36m<p[39m
  [33mclass[39m=[32m"text-sm font-medium text-gray-700"[39m
[36m>[39m
  [0mNo hay notificaciones nuevas[0m
[36m</p>[39m

Ignored nodes: comments, script, style
[36m<p[39m
  [33mclass[39m=[32m"text-xs mt-1 text-gray-500"[39m
[36m>[39m
  [0mTodas tus notificaciones est├ín al d├¡a[0m
[36m</p>[39m

(If this is intentional, then use the `*AllBy*` variant of the query (like `queryAllByText`, `getAllByText`, or 
`findAllByText`)).

Ignored nodes: comments, script, style
[36m<body>[39m
  [36m<div>[39m
    [36m<div[39m
      [33mclass[39m=[32m"relative"[39m
    [36m>[39m
      [36m<button[39m
        [33maria-expanded[39m=[32m"true"[39m
        [33maria-label[39m=[32m"Centro de notificaciones"[39m
        [33mclass[39m=[32m"relative p-2 text-gray-600 hover:text-gray-900 transition-colors"[39m
      [36m>[39m
        [36m<svg[39m
          [33maria-hidden[39m=[32m"true"[39m
          [33mclass[39m=[32m"lucide lucide-bell w-6 h-6"[39m
          [33mfill[39m=[32m"none"[39m
          [33mheight[39m=[32m"24"[39m
          [33mstroke[39m=[32m"currentColor"[39m
          [33mstroke-linecap[39m=[32m"round"[39m
          [33mstroke-linejoin[39m=[32m"round"[39m
          [33mstroke-width[39m=[32m"2"[39m
          [33mviewBox[39m=[32m"0 0 24 24"[39m
          [33mwidth[39m=[32m"24"[39m
          [33mxmlns[39m=[32m"http://www.w3.org/2000/svg"[39m
        [36m>[39m
          [36m<path[39m
            [33md[39m=[32m"M10.268 21a2 2 0 0 0 3.464 0"[39m
          [36m/>[39m
          [36m<path[39m
            [33md[39m=[32m"M3.262 15.326A1 1 0 0 0 4 17h16a1 1 0 0 0 .74-1.673C19.41 13.956 18 12.499 18 8A6 6 0 0 
0 6 8c0 4.499-1.411 5.956-2.738 7.326"[39m
          [36m/>[39m
        [36m</svg>[39m
      [36m</button>[39m
      [36m<div[39m
        [33mclass[39m=[32m"notification-center-dropdown"[39m
      [36m>[39m
        [36m<div[39m
          [33mclass[39m=[32m"notification-center-header"[39m
        [36m>[39m
          [36m<div[39m
            [33mclass[39m=[32m"notification-center-header-left"[39m
          [36m>[39m
            [36m<svg[39m
              [33maria-hidden[39m=[32m"true"[39m
              [33mclass[39m=[32m"lucide lucide-bell w-5 h-5 text-gray-700"[39m
              [33mfill[39m=[32m"none"[39m
              [33mheight[39m=[32m"24"[39m
              [33mstroke[39m=[32m"currentColor"[39m
              [33mstroke-linecap[39m=[32m"round"[39m
              [33mstroke-linejoin[39m=[32m"round"[39m
              [33mstroke-width[39m=[32m"2"[39m
              [33mviewBox[39m=[32m"0 0 24 24"[39m
              [33mwidth[39m=[32m"24"[39m
              [33mxmlns[39m=[32m"http://www.w3.org/2000/svg"[39m
            [36m>[39m
              [36m<path[39m
                [33md[39m=[32m"M10.268 21a2 2 0 0 0 3.464 0"[39m
              [36m/>[39m
              [36m<path[39m
                [33md[39m=[32m"M3.262 15.326A1 1 0 0 0 4 17h16a1 1 0 0 0 .74-1.673C19.41 13.956 18 12.499 18 8A6 6 
0 0 0 6 8c0 4.499-1.411 5.956-2.738 7.326"[39m
              [36m/>[39m
            [36m</svg>[39m
            [36m<h3[39m
              [33mclass[39m=[32m"notification-center-title"[39m
            [36m>[39m
              [0mNotificaciones[0m
            [36m</h3>[39m
          [36m</div>[39m
          [36m<div[39m
            [33mclass[39m=[32m"notification-center-header-actions"[39m
          [36m>[39m
            [36m<button[39m
              [33mclass[39m=[32m"notification-center-action-btn"[39m
              [33mtitle[39m=[32m"Preferencias"[39m
            [36m>[39m
              [36m<svg[39m
                [33maria-hidden[39m=[32m"true"[39m
                [33mclass[39m=[32m"lucide lucide-settings w-4 h-4"[39m
                [33mfill[39m=[32m"none"[39m
                [33mheight[39m=[32m"24"[39m
                [33mstroke[39m=[32m"currentColor"[39m
                [33mstroke-linecap[39m=[32m"round"[39m
                [33mstroke-linejoin[39m=[32m"round"[39m
                [33mstroke-width[39m=[32m"2"[39m
                [33mviewBox[39m=[32m"0 0 24 24"[39m
                [33mwidth[39m=[32m"24"[39m
                [33mxmlns[39m=[32m"http://www.w3.org/2000/svg"[39m
              [36m>[39m
                [36m<path[39m
                  [33md[39m=[32m"M9.671 4.136a2.34 2.34 0 0 1 4.659 0 2.34 2.34 0 0 0 3.319 1.915 2.34 2.34 0 0 1 
2.33 4.033 2.34 2.34 0 0 0 0 3.831 2.34 2.34 0 0 1-2.33 4.033 2.34 2.34 0 0 0-3.319 1.915 2.34 2.34 0 0 1-4.659 0 2.34 
2.34 0 0 0-3.32-1.915 2.34 2.34 0 0 1-2.33-4.033 2.34 2.34 0 0 0 0-3.831A2.34 2.34 0 0 1 6.35 6.051a2.34 2.34 0 0 0 
3.319-1.915"[39m
                [36m/>[39m
                [36m<circle[39m
                  [33mcx[39m=[32m"12"[39m
                  [33mcy[39m=[32m"12"[39m
                  [33mr[39m=[32m"3"[39m
                [36m/>[39m
              [36m</svg>[39m
            [36m</button>[39m
            [36m<button[39m
              [33maria-label[39m=[32m"Cerrar"[39m
              [33mclass[39m=[32m"notification-center-action-btn"[39m
            [36m>[39m
              [36m<svg[39m
                [33maria-hidden[39m=[32m"true"[39m
                [33mclass[39m=[32m"lucide lucide-x w-4 h-4"[39m
                [33mfill[39m=[32m"none"[39m
                [33mheight[39m=[32m"24"[39m
                [33mstroke[39m=[32m"currentColor"[39m
                [33mstroke-linecap[39m=[32m"round"[39m
                [33mstroke-linejoin[39m=[32m"round"[39m
                [33mstroke-width[39m=[32m"2"[39m
                [33mviewBox[39m=[32m"0 0 24 24"[39m
                [33mwidth[39m=[32m"24"[39m
                [33mxmlns[39m=[32m"http://www.w3.org/2000/svg"[39m
              [36m>[39m
                [36m<path[39m
                  [33md[39m=[32m"M18 6 6 18"[39m
                [36m/>[39m
                [36m<path[39m
                  [33md[39m=[32m"m6 6 12 12"[39m
                [36m/>[39m
              [36m</svg>[39m
            [36m</button>[39m
          [36m</div>[39m
        [36m</div>[39m
        [36m<div[39m
          [33mclass[39m=[32m"notification-center-content"[39m
        [36m>[39m
          [36m<div[39m
            [33mclass[39m=[32m"notification-center-empty"[39m
          [36m>[39m
            [36m<svg[39m
              [33maria-hidden[39m=[32m"true"[39m
              [33mclass[39m=[32m"lucide lucide-bell w-12 h-12 mx-auto mb-3 text-gray-300"[39m
              [33mfill[39m=[32m"none"[39m
              [33mheight[39m=[32m"24"[39m
              [33mstroke[39m=[32m"currentColor"[39m
              [33mstroke-linecap[39m=[32m"round"[39m
              [33mstroke-linejoin[39m=[32m"round"[39m
              [33mstroke-width[39m=[32m"2"[39m
              [33mviewBox[39m=[32m"0 0 24 24"[39m
              [33mwidth[39m=[32m"24"[39m
              [33mxmlns[39m=[32m"http://www.w3.org/2000/svg"[39m
            [36m>[39m
              [36m<path[39m
                [33md[39m=[32m"M10.268 21a2 2 0 0 0 3.464 0"[39m
              [36m/>[39m
              [36m<path[39m
                [33md[39m=[32m"M3.262 15.326A1 1 0 0 0 4 17h16a1 1 0 0 0 .74-1.673C19.41 13.956 18 12.499 18 8A6 6 
0 0 0 6 8c0 4.499-1.411 5.956-2.738 7.326"[39m
              [36m/>[39m
            [36m</svg>[39m
            [36m<p[39m
              [33mclass[39m=[32m"text-sm font-medium text-gray-700"[39m
            [36m>[39m
              [0mNo hay notificaciones nuevas[0m
            [36m</p>[39m
            [36m<p[39m
              [33mclass[39m=[32m"text-xs mt-1 text-gray-500"[39m
            [36m>[39m
              [0mTodas tus notificaciones est├ín al d├¡a[0m
            [36m</p>[39m
          [36m</div>[39m
        [36m</div>[39m
      [36m</div>[39m
    [36m</div>[39m
  [36m</div>[39m
[36m</body>[39m

Ignored nodes: comments, script, style
[36m<html>[39m
  [36m<head />[39m
  [36m<body>[39m
    [36m<div>[39m
      [36m<div[39m
        [33mclass[39m=[32m"relative"[39m
      [36m>[39m
        [36m<button[39m
          [33maria-expanded[39m=[32m"true"[39m
          [33maria-label[39m=[32m"Centro de notificaciones"[39m
          [33mclass[39m=[32m"relative p-2 text-gray-600 hover:text-gray-900 transition-colors"[39m
        [36m>[39m
          [36m<svg[39m
            [33maria-hidden[39m=[32m"true"[39m
            [33mclass[39m=[32m"lucide lucide-bell w-6 h-6"[39m
            [33mfill[39m=[32m"none"[39m
            [33mheight[39m=[32m"24"[39m
            [33mstroke[39m=[32m"currentColor"[39m
            [33mstroke-linecap[39m=[32m"round"[39m
            [33mstroke-linejoin[39m=[32m"round"[39m
            [33mstroke-width[39m=[32m"2"[39m
            [33mviewBox[39m=[32m"0 0 24 24"[39m
            [33mwidth[39m=[32m"24"[39m
            [33mxmlns[39m=[32m"http://www.w3.org/2000/svg"[39m
          [36m>[39m
            [36m<path[39m
              [33md[39m=[32m"M10.268 21a2 2 0 0 0 3.464 0"[39m
            [36m/>[39m
            [36m<path[39m
              [33md[39m=[32m"M3.262 15.326A1 1 0 0 0 4 17h16a1 1 0 0 0 .74-1.673C19.41 13.956 18 12.499 18 8A6 6 0 
0 0 6 8c0 4.499-1.411 5.956-2.738 7.326"[39m
            [36m/>[39m
          [36m</svg>[39m
        [36m</button>[39m
        [36m<div[39m
          [33mclass[39m=[32m"notification-center-dropdown"[39m
        [36m>[39m
          [36m<div[39m
            [33mclass[39m=[32m"notification-center-header"[39m
          [36m>[39m
            [36m<div[39m
              [33mclass[39m=[32m"notification-center-header-left"[39m
            [36m>[39m
              [36m<svg[39m
                [33maria-hidden[39m=[32m"true"[39m
                [33mclass[39m=[32m"lucide lucide-bell w-5 h-5 text-gray-700"[39m
                [33mfill[39m=[32m"none"[39m
                [33mheight[39m=[32m"24"[39m
                [33mstroke[39m=[32m"currentColor"[39m
                [33mstroke-linecap[39m=[32m"round"[39m
                [33mstroke-linejoin[39m=[32m"round"[39m
                [33mstroke-width[39m=[32m"2"[39m
                [33mviewBox[39m=[32m"0 0 24 24"[39m
                [33mwidth[39m=[32m"24"[39m
                [33mxmlns[39m=[32m"http://www.w3.org/2000/svg"[39m
              [36m>[39m
                [36m<path[39m
                  [33md[39m=[32m"M10.268 21a2 2 0 0 0 3.464 0"[39m
                [36m/>[39m
                [36m<path[39m
                  [33md[39m=[32m"M3.262 15.326A1 1 0 0 0 4 17h16a1 1 0 0 0 .74-1.673C19.41 13.956 18 12.499 18 8A6 
6 0 0 0 6 8c0 4.499-1.411 5.956-2.738 7.326"[39m
                [36m/>[39m
              [36m</svg>[39m
              [36m<h3[39m
                [33mclass[39m=[32m"notification-center-title"[39m
              [36m>[39m
                [0mNotificaciones[0m
              [36m</h3>[39m
            [36m</div>[39m
            [36m<div[39m
              [33mclass[39m=[32m"notification-center-header-actions"[39m
            [36m>[39m
              [36m<button[39m
                [33mclass[39m=[32m"notification-center-action-btn"[39m
                [33mtitle[39m=[32m"Preferencias"[39m
              [36m>[39m
                [36m<svg[39m
                  [33maria-hidden[39m=[32m"true"[39m
                  [33mclass[39m=[32m"lucide lucide-settings w-4 h-4"[39m
                  [33mfill[39m=[32m"none"[39m
                  [33mheight[39m=[32m"24"[39m
                  [33mstroke[39m=[32m"currentColor"[39m
                  [33mstroke-linecap[39m=[32m"round"[39m
                  [33mstroke-linejoin[39m=[32m"round"[39m
                  [33mstroke-width[39m=[32m"2"[39m
                  [33mviewBox[39m=[32m"0 0 24 24"[39m
                  [33mwidth[39m=[32m"24"[39m
                  [33mxmlns[39m=[32m"http://www.w3.org/2000/svg"[39m
                [36m>[39m
                  [36m<path[39m
                    [33md[39m=[32m"M9.671 4.136a2.34 2.34 0 0 1 4.659 0 2.34 2.34 0 0 0 3.319 1.915 2.34 2.34 0 0 1 
2.33 4.033 2.34 2.34 0 0 0 0 3.831 2.34 2.34 0 0 1-2.33 4.033 2.34 2.34 0 0 0-3.319 1.915 2.34 2.34 0 0 1-4.659 0 2.34 
2.34 0 0 0-3.32-1.915 2.34 2.34 0 0 1-2.33-4.033 2.34 2.34 0 0 0 0-3.831A2.34 2.34 0 0 1 6.35 6.051a2.34 2.34 0 0 0 
3.319-1.915"[39m
                  [36m/>[39m
                  [36m<circle[39m
                    [33mcx[39m=[32m"12"[39m
                    [33mcy[39m=[32m"12"[39m
                    [33mr[39m=[32m"3"[39m
                  [36m/>[39m
                [36m</svg>[39m
              [36m</button>[39m
              [36m<button[39m
                [33maria-label[39m=[32m"Cerrar"[39m
                [33mclass[39m=[32m"notification-center-action-btn"[39m
              [36m>[39m
                [36m<svg[39m
                  [33maria-hidden[39m=[32m"true"[39m
                  [33mclass[39m=[32m"lucide lucide-x w-4 h-4"[39m
                  [33mfill[39m=[32m"none"[39m
                  [33mheight[39m=[32m"24"[39m
                  [33mstroke[39m=[32m"currentColor"[39m
                  [33mstroke-linecap[39m=[32m"round"[39m
                  [33mstroke-linejoin[39m=[32m"round"[39m
                  [33mstroke-width[39m=[32m"2"[39m
                  [33mviewBox[39m=[32m"0 0 24 24"[39m
                  [33mwidth[39m=[32m"24"[39m
                  [33mxmlns[39m=[32m"http://www.w3.org/2000/svg"[39m
                [36m>[39m
                  [36m<path[39m
                    [33md[39m=[32m"M18 6 6 18"[39m
                  [36m/>[39m
                  [36m<path[39m
                    [33md[39m=[32m"m6 6 12 12"[39m
                  [36m/>[39m
                [36m</svg>[39m
              [36m</button>[39m
            [36m</div>[39m
          [36m</div>[39m
          [36m<div[39m
            [33mclass[39m=[32m"notification-center-content"[39m
          [36m>[39m
            [36m<div[39m
              [33mclass[39m=[32m"notification-center-empty"[39m
            [36m>[39m
              [36m<svg[39m
                [33maria-hidden[39m=[32m"true"[39m
                [33mclass[39m=[32m"lucide lucide-bell w-12 h-12 mx-auto mb-3 text-gray-300"[39m
                [33mfill[39m=[32m"none"[39m
                [33mheight[39m=[32m"24"[39m
                [33mstroke[39m=[32m"currentColor"[39m
                [33mstroke-linecap[39m=[32m"round"[39m
                [33mstroke-linejoin[39m=[32m"round"[39m
                [33mstroke-width[39m=[32m"2"[39m
                [33mviewBox[39m=[32m"0 0 24 24"[39m
                [33mwidth[39m=[32m"24"[39m
                [33mxmlns[39m=[32m"http://www.w3.org/2000/svg"[39m
              [36m>[39m
                [36m<path[39m
                  [33md[39m=[32m"M10.268 21a2 2 0 0 0 3.464 0"[39m
                [36m/>[39m
                [36m<path[39m
                  [33md[39m=[32m"M3.262 15.326A1 1 0 0 0 4 17h16a1 1 0 0 0 .74-1.673C19.41 13.956 18 12.499 18 8A6 
6 0 0 0 6 8c0 4.499-1.411 5.956-2.738 7.326"[39m
                [36m/>[39m
              [36m</svg>[39m
              [36m<p[39m
                [33mclass[39m=[32m"text-sm font-medium text-gray-700"[39m
              [36m>[39m
                [0mNo hay notificaciones nuevas[0m
              [36m</p>[39m
              [36m<p[39m
                [33mclass[39m=[32m"text-xs mt-1 text-gray-500"[39m
              [36m>[39m
                [0mTodas tus notificaciones est├ín al d├¡a[0m
              [36m</p>[39m
            [36m</div>[39m
          [36m</div>[39m
        [36m</div>[39m
      [36m</div>[39m
    [36m</div>[39m
  [36m</body>[39m
[36m</html>[39m
 ÔØ» Module.waitForWrapper node_modules/@testing-library/dom/dist/wait-for.js:163:27
 ÔØ» src/components/NotificationCenter.test.tsx:254:11
    252|     await user.click(button);
    253| 
    254|     await waitFor(() => {
       |           ^
    255|       expect(screen.getByText(/notificaciones/i)).toBeInTheDocument();
    256|     });

ÔÄ»ÔÄ»ÔÄ»ÔÄ»ÔÄ»ÔÄ»ÔÄ»ÔÄ»ÔÄ»ÔÄ»ÔÄ»ÔÄ»ÔÄ»ÔÄ»ÔÄ»ÔÄ»ÔÄ»ÔÄ»ÔÄ»ÔÄ»ÔÄ»ÔÄ»[17/46]ÔÄ»

 FAIL  src/components/NotificationPreferences.test.tsx > NotificationPreferences > debe renderizar el formulario de 
preferencias
TestingLibraryElementError: Unable to find an element with the text: /preferencias de notificaciones/i. This could be 
because the text is broken up by multiple elements. In this case, you can provide a function for your text matcher to 
make your matcher more flexible.

Ignored nodes: comments, script, style
[36m<body>[39m
  [36m<div>[39m
    [36m<div[39m
      [33mclass[39m=[32m"preferences-loading"[39m
    [36m>[39m
      [36m<svg[39m
        [33maria-hidden[39m=[32m"true"[39m
        [33mclass[39m=[32m"lucide lucide-loader-circle w-8 h-8 animate-spin text-blue-600"[39m
        [33mfill[39m=[32m"none"[39m
        [33mheight[39m=[32m"24"[39m
        [33mstroke[39m=[32m"currentColor"[39m
        [33mstroke-linecap[39m=[32m"round"[39m
        [33mstroke-linejoin[39m=[32m"round"[39m
        [33mstroke-width[39m=[32m"2"[39m
        [33mviewBox[39m=[32m"0 0 24 24"[39m
        [33mwidth[39m=[32m"24"[39m
        [33mxmlns[39m=[32m"http://www.w3.org/2000/svg"[39m
      [36m>[39m
        [36m<path[39m
          [33md[39m=[32m"M21 12a9 9 0 1 1-6.219-8.56"[39m
        [36m/>[39m
      [36m</svg>[39m
      [36m<p>[39m
        [0mCargando preferencias...[0m
      [36m</p>[39m
    [36m</div>[39m
  [36m</div>[39m
[36m</body>[39m
 ÔØ» Object.getElementError node_modules/@testing-library/dom/dist/config.js:37:19
 ÔØ» node_modules/@testing-library/dom/dist/query-helpers.js:76:38
 ÔØ» node_modules/@testing-library/dom/dist/query-helpers.js:52:17
 ÔØ» node_modules/@testing-library/dom/dist/query-helpers.js:95:19
 ÔØ» src/components/NotificationPreferences.test.tsx:73:19
     71|     render(<NotificationPreferences />);
     72| 
     73|     expect(screen.getByText(/preferencias de notificaciones/i)).toBeInÔÇª
       |                   ^
     74|     expect(screen.getByLabelText(/zona horaria/i)).toBeInTheDocument();
     75|     expect(screen.getByLabelText(/idioma/i)).toBeInTheDocument();

ÔÄ»ÔÄ»ÔÄ»ÔÄ»ÔÄ»ÔÄ»ÔÄ»ÔÄ»ÔÄ»ÔÄ»ÔÄ»ÔÄ»ÔÄ»ÔÄ»ÔÄ»ÔÄ»ÔÄ»ÔÄ»ÔÄ»ÔÄ»ÔÄ»ÔÄ»[18/46]ÔÄ»

 FAIL  src/components/NotificationPreferences.test.tsx > NotificationPreferences > debe cargar las preferencias 
existentes
TestingLibraryElementError: Unable to find a label with the text of: /zona horaria/i

Ignored nodes: comments, script, style
[36m<body>[39m
  [36m<div>[39m
    [36m<div[39m
      [33mclass[39m=[32m"preferences-loading"[39m
    [36m>[39m
      [36m<svg[39m
        [33maria-hidden[39m=[32m"true"[39m
        [33mclass[39m=[32m"lucide lucide-loader-circle w-8 h-8 animate-spin text-blue-600"[39m
        [33mfill[39m=[32m"none"[39m
        [33mheight[39m=[32m"24"[39m
        [33mstroke[39m=[32m"currentColor"[39m
        [33mstroke-linecap[39m=[32m"round"[39m
        [33mstroke-linejoin[39m=[32m"round"[39m
        [33mstroke-width[39m=[32m"2"[39m
        [33mviewBox[39m=[32m"0 0 24 24"[39m
        [33mwidth[39m=[32m"24"[39m
        [33mxmlns[39m=[32m"http://www.w3.org/2000/svg"[39m
      [36m>[39m
        [36m<path[39m
          [33md[39m=[32m"M21 12a9 9 0 1 1-6.219-8.56"[39m
        [36m/>[39m
      [36m</svg>[39m
      [36m<p>[39m
        [0mCargando preferencias...[0m
      [36m</p>[39m
    [36m</div>[39m
  [36m</div>[39m
[36m</body>[39m
 ÔØ» Object.getElementError node_modules/@testing-library/dom/dist/config.js:37:19
 ÔØ» getAllByLabelText node_modules/@testing-library/dom/dist/queries/label-text.js:111:38
 ÔØ» node_modules/@testing-library/dom/dist/query-helpers.js:52:17
 ÔØ» node_modules/@testing-library/dom/dist/query-helpers.js:95:19
 ÔØ» src/components/NotificationPreferences.test.tsx:86:35
     84|     render(<NotificationPreferences />);
     85| 
     86|     const timezoneSelect = screen.getByLabelText(/zona horaria/i) as HÔÇª
       |                                   ^
     87|     const languageSelect = screen.getByLabelText(/idioma/i) as HTMLSelÔÇª
     88|     const budgetAlerts = screen.getByLabelText(/alertas de presupuestoÔÇª

ÔÄ»ÔÄ»ÔÄ»ÔÄ»ÔÄ»ÔÄ»ÔÄ»ÔÄ»ÔÄ»ÔÄ»ÔÄ»ÔÄ»ÔÄ»ÔÄ»ÔÄ»ÔÄ»ÔÄ»ÔÄ»ÔÄ»ÔÄ»ÔÄ»ÔÄ»[19/46]ÔÄ»

 FAIL  src/components/NotificationPreferences.test.tsx > NotificationPreferences > debe actualizar preferencias al 
enviar el formulario
TestingLibraryElementError: Unable to find a label with the text of: /idioma/i

Ignored nodes: comments, script, style
[36m<body>[39m
  [36m<div>[39m
    [36m<div[39m
      [33mclass[39m=[32m"preferences-loading"[39m
    [36m>[39m
      [36m<svg[39m
        [33maria-hidden[39m=[32m"true"[39m
        [33mclass[39m=[32m"lucide lucide-loader-circle w-8 h-8 animate-spin text-blue-600"[39m
        [33mfill[39m=[32m"none"[39m
        [33mheight[39m=[32m"24"[39m
        [33mstroke[39m=[32m"currentColor"[39m
        [33mstroke-linecap[39m=[32m"round"[39m
        [33mstroke-linejoin[39m=[32m"round"[39m
        [33mstroke-width[39m=[32m"2"[39m
        [33mviewBox[39m=[32m"0 0 24 24"[39m
        [33mwidth[39m=[32m"24"[39m
        [33mxmlns[39m=[32m"http://www.w3.org/2000/svg"[39m
      [36m>[39m
        [36m<path[39m
          [33md[39m=[32m"M21 12a9 9 0 1 1-6.219-8.56"[39m
        [36m/>[39m
      [36m</svg>[39m
      [36m<p>[39m
        [0mCargando preferencias...[0m
      [36m</p>[39m
    [36m</div>[39m
  [36m</div>[39m
[36m</body>[39m
 ÔØ» Object.getElementError node_modules/@testing-library/dom/dist/config.js:37:19
 ÔØ» getAllByLabelText node_modules/@testing-library/dom/dist/queries/label-text.js:111:38
 ÔØ» node_modules/@testing-library/dom/dist/query-helpers.js:52:17
 ÔØ» node_modules/@testing-library/dom/dist/query-helpers.js:95:19
 ÔØ» src/components/NotificationPreferences.test.tsx:127:35
    125|     render(<NotificationPreferences />);
    126| 
    127|     const languageSelect = screen.getByLabelText(/idioma/i);
       |                                   ^
    128|     await user.selectOptions(languageSelect, 'en');
    129| 

ÔÄ»ÔÄ»ÔÄ»ÔÄ»ÔÄ»ÔÄ»ÔÄ»ÔÄ»ÔÄ»ÔÄ»ÔÄ»ÔÄ»ÔÄ»ÔÄ»ÔÄ»ÔÄ»ÔÄ»ÔÄ»ÔÄ»ÔÄ»ÔÄ»ÔÄ»[20/46]ÔÄ»

 FAIL  src/components/NotificationPreferences.test.tsx > NotificationPreferences > debe mostrar mensaje de ├®xito al 
guardar
TestingLibraryElementError: Unable to find an accessible element with the role "button" and name `/guardar 
preferencias/i`

Here are the accessible roles:

  paragraph:

  Name "":
  [36m<p />[39m

  --------------------------------------------------

Ignored nodes: comments, script, style
[36m<body>[39m
  [36m<div>[39m
    [36m<div[39m
      [33mclass[39m=[32m"preferences-loading"[39m
    [36m>[39m
      [36m<svg[39m
        [33maria-hidden[39m=[32m"true"[39m
        [33mclass[39m=[32m"lucide lucide-loader-circle w-8 h-8 animate-spin text-blue-600"[39m
        [33mfill[39m=[32m"none"[39m
        [33mheight[39m=[32m"24"[39m
        [33mstroke[39m=[32m"currentColor"[39m
        [33mstroke-linecap[39m=[32m"round"[39m
        [33mstroke-linejoin[39m=[32m"round"[39m
        [33mstroke-width[39m=[32m"2"[39m
        [33mviewBox[39m=[32m"0 0 24 24"[39m
        [33mwidth[39m=[32m"24"[39m
        [33mxmlns[39m=[32m"http://www.w3.org/2000/svg"[39m
      [36m>[39m
        [36m<path[39m
          [33md[39m=[32m"M21 12a9 9 0 1 1-6.219-8.56"[39m
        [36m/>[39m
      [36m</svg>[39m
      [36m<p>[39m
        [0mCargando preferencias...[0m
      [36m</p>[39m
    [36m</div>[39m
  [36m</div>[39m
[36m</body>[39m
 ÔØ» Object.getElementError node_modules/@testing-library/dom/dist/config.js:37:19
 ÔØ» node_modules/@testing-library/dom/dist/query-helpers.js:76:38
 ÔØ» node_modules/@testing-library/dom/dist/query-helpers.js:52:17
 ÔØ» node_modules/@testing-library/dom/dist/query-helpers.js:95:19
 ÔØ» src/components/NotificationPreferences.test.tsx:148:33
    146|     render(<NotificationPreferences />);
    147| 
    148|     const submitButton = screen.getByRole('button', { name: /guardar pÔÇª
       |                                 ^
    149|     await user.click(submitButton);
    150| 

ÔÄ»ÔÄ»ÔÄ»ÔÄ»ÔÄ»ÔÄ»ÔÄ»ÔÄ»ÔÄ»ÔÄ»ÔÄ»ÔÄ»ÔÄ»ÔÄ»ÔÄ»ÔÄ»ÔÄ»ÔÄ»ÔÄ»ÔÄ»ÔÄ»ÔÄ»[21/46]ÔÄ»

 FAIL  src/components/NotificationPreferences.test.tsx > NotificationPreferences > debe mostrar error si falla al 
guardar
TestingLibraryElementError: Unable to find an accessible element with the role "button" and name `/guardar 
preferencias/i`

Here are the accessible roles:

  paragraph:

  Name "":
  [36m<p />[39m

  --------------------------------------------------

Ignored nodes: comments, script, style
[36m<body>[39m
  [36m<div>[39m
    [36m<div[39m
      [33mclass[39m=[32m"preferences-loading"[39m
    [36m>[39m
      [36m<svg[39m
        [33maria-hidden[39m=[32m"true"[39m
        [33mclass[39m=[32m"lucide lucide-loader-circle w-8 h-8 animate-spin text-blue-600"[39m
        [33mfill[39m=[32m"none"[39m
        [33mheight[39m=[32m"24"[39m
        [33mstroke[39m=[32m"currentColor"[39m
        [33mstroke-linecap[39m=[32m"round"[39m
        [33mstroke-linejoin[39m=[32m"round"[39m
        [33mstroke-width[39m=[32m"2"[39m
        [33mviewBox[39m=[32m"0 0 24 24"[39m
        [33mwidth[39m=[32m"24"[39m
        [33mxmlns[39m=[32m"http://www.w3.org/2000/svg"[39m
      [36m>[39m
        [36m<path[39m
          [33md[39m=[32m"M21 12a9 9 0 1 1-6.219-8.56"[39m
        [36m/>[39m
      [36m</svg>[39m
      [36m<p>[39m
        [0mCargando preferencias...[0m
      [36m</p>[39m
    [36m</div>[39m
  [36m</div>[39m
[36m</body>[39m
 ÔØ» Object.getElementError node_modules/@testing-library/dom/dist/config.js:37:19
 ÔØ» node_modules/@testing-library/dom/dist/query-helpers.js:76:38
 ÔØ» node_modules/@testing-library/dom/dist/query-helpers.js:52:17
 ÔØ» node_modules/@testing-library/dom/dist/query-helpers.js:95:19
 ÔØ» src/components/NotificationPreferences.test.tsx:163:33
    161|     render(<NotificationPreferences />);
    162| 
    163|     const submitButton = screen.getByRole('button', { name: /guardar pÔÇª
       |                                 ^
    164|     await user.click(submitButton);
    165| 

ÔÄ»ÔÄ»ÔÄ»ÔÄ»ÔÄ»ÔÄ»ÔÄ»ÔÄ»ÔÄ»ÔÄ»ÔÄ»ÔÄ»ÔÄ»ÔÄ»ÔÄ»ÔÄ»ÔÄ»ÔÄ»ÔÄ»ÔÄ»ÔÄ»ÔÄ»[22/46]ÔÄ»

 FAIL  src/components/NotificationPreferences.test.tsx > NotificationPreferences > debe actualizar el estado al 
cambiar timezone
TestingLibraryElementError: Unable to find a label with the text of: /zona horaria/i

Ignored nodes: comments, script, style
[36m<body>[39m
  [36m<div>[39m
    [36m<div[39m
      [33mclass[39m=[32m"preferences-loading"[39m
    [36m>[39m
      [36m<svg[39m
        [33maria-hidden[39m=[32m"true"[39m
        [33mclass[39m=[32m"lucide lucide-loader-circle w-8 h-8 animate-spin text-blue-600"[39m
        [33mfill[39m=[32m"none"[39m
        [33mheight[39m=[32m"24"[39m
        [33mstroke[39m=[32m"currentColor"[39m
        [33mstroke-linecap[39m=[32m"round"[39m
        [33mstroke-linejoin[39m=[32m"round"[39m
        [33mstroke-width[39m=[32m"2"[39m
        [33mviewBox[39m=[32m"0 0 24 24"[39m
        [33mwidth[39m=[32m"24"[39m
        [33mxmlns[39m=[32m"http://www.w3.org/2000/svg"[39m
      [36m>[39m
        [36m<path[39m
          [33md[39m=[32m"M21 12a9 9 0 1 1-6.219-8.56"[39m
        [36m/>[39m
      [36m</svg>[39m
      [36m<p>[39m
        [0mCargando preferencias...[0m
      [36m</p>[39m
    [36m</div>[39m
  [36m</div>[39m
[36m</body>[39m
 ÔØ» Object.getElementError node_modules/@testing-library/dom/dist/config.js:37:19
 ÔØ» getAllByLabelText node_modules/@testing-library/dom/dist/queries/label-text.js:111:38
 ÔØ» node_modules/@testing-library/dom/dist/query-helpers.js:52:17
 ÔØ» node_modules/@testing-library/dom/dist/query-helpers.js:95:19
 ÔØ» src/components/NotificationPreferences.test.tsx:175:35
    173|     render(<NotificationPreferences />);
    174| 
    175|     const timezoneSelect = screen.getByLabelText(/zona horaria/i);
       |                                   ^
    176|     await user.selectOptions(timezoneSelect, 'America/Mexico_City');
    177| 

ÔÄ»ÔÄ»ÔÄ»ÔÄ»ÔÄ»ÔÄ»ÔÄ»ÔÄ»ÔÄ»ÔÄ»ÔÄ»ÔÄ»ÔÄ»ÔÄ»ÔÄ»ÔÄ»ÔÄ»ÔÄ»ÔÄ»ÔÄ»ÔÄ»ÔÄ»[23/46]ÔÄ»

 FAIL  src/components/NotificationPreferences.test.tsx > NotificationPreferences > debe actualizar el estado al 
cambiar toggles
TestingLibraryElementError: Unable to find a label with the text of: /alertas de presupuesto/i

Ignored nodes: comments, script, style
[36m<body>[39m
  [36m<div>[39m
    [36m<div[39m
      [33mclass[39m=[32m"preferences-loading"[39m
    [36m>[39m
      [36m<svg[39m
        [33maria-hidden[39m=[32m"true"[39m
        [33mclass[39m=[32m"lucide lucide-loader-circle w-8 h-8 animate-spin text-blue-600"[39m
        [33mfill[39m=[32m"none"[39m
        [33mheight[39m=[32m"24"[39m
        [33mstroke[39m=[32m"currentColor"[39m
        [33mstroke-linecap[39m=[32m"round"[39m
        [33mstroke-linejoin[39m=[32m"round"[39m
        [33mstroke-width[39m=[32m"2"[39m
        [33mviewBox[39m=[32m"0 0 24 24"[39m
        [33mwidth[39m=[32m"24"[39m
        [33mxmlns[39m=[32m"http://www.w3.org/2000/svg"[39m
      [36m>[39m
        [36m<path[39m
          [33md[39m=[32m"M21 12a9 9 0 1 1-6.219-8.56"[39m
        [36m/>[39m
      [36m</svg>[39m
      [36m<p>[39m
        [0mCargando preferencias...[0m
      [36m</p>[39m
    [36m</div>[39m
  [36m</div>[39m
[36m</body>[39m
 ÔØ» Object.getElementError node_modules/@testing-library/dom/dist/config.js:37:19
 ÔØ» getAllByLabelText node_modules/@testing-library/dom/dist/queries/label-text.js:111:38
 ÔØ» node_modules/@testing-library/dom/dist/query-helpers.js:52:17
 ÔØ» node_modules/@testing-library/dom/dist/query-helpers.js:95:19
 ÔØ» src/components/NotificationPreferences.test.tsx:194:33
    192|     render(<NotificationPreferences />);
    193| 
    194|     const budgetAlerts = screen.getByLabelText(/alertas de presupuestoÔÇª
       |                                 ^
    195|     await user.click(budgetAlerts);
    196| 

ÔÄ»ÔÄ»ÔÄ»ÔÄ»ÔÄ»ÔÄ»ÔÄ»ÔÄ»ÔÄ»ÔÄ»ÔÄ»ÔÄ»ÔÄ»ÔÄ»ÔÄ»ÔÄ»ÔÄ»ÔÄ»ÔÄ»ÔÄ»ÔÄ»ÔÄ»[24/46]ÔÄ»

 FAIL  src/components/NotificationPreferences.test.tsx > NotificationPreferences > debe mostrar estado de carga al 
guardar
TestingLibraryElementError: Unable to find an accessible element with the role "button" and name `/guardar 
preferencias/i`

Here are the accessible roles:

  paragraph:

  Name "":
  [36m<p />[39m

  --------------------------------------------------

Ignored nodes: comments, script, style
[36m<body>[39m
  [36m<div>[39m
    [36m<div[39m
      [33mclass[39m=[32m"preferences-loading"[39m
    [36m>[39m
      [36m<svg[39m
        [33maria-hidden[39m=[32m"true"[39m
        [33mclass[39m=[32m"lucide lucide-loader-circle w-8 h-8 animate-spin text-blue-600"[39m
        [33mfill[39m=[32m"none"[39m
        [33mheight[39m=[32m"24"[39m
        [33mstroke[39m=[32m"currentColor"[39m
        [33mstroke-linecap[39m=[32m"round"[39m
        [33mstroke-linejoin[39m=[32m"round"[39m
        [33mstroke-width[39m=[32m"2"[39m
        [33mviewBox[39m=[32m"0 0 24 24"[39m
        [33mwidth[39m=[32m"24"[39m
        [33mxmlns[39m=[32m"http://www.w3.org/2000/svg"[39m
      [36m>[39m
        [36m<path[39m
          [33md[39m=[32m"M21 12a9 9 0 1 1-6.219-8.56"[39m
        [36m/>[39m
      [36m</svg>[39m
      [36m<p>[39m
        [0mCargando preferencias...[0m
      [36m</p>[39m
    [36m</div>[39m
  [36m</div>[39m
[36m</body>[39m
 ÔØ» Object.getElementError node_modules/@testing-library/dom/dist/config.js:37:19
 ÔØ» node_modules/@testing-library/dom/dist/query-helpers.js:76:38
 ÔØ» node_modules/@testing-library/dom/dist/query-helpers.js:52:17
 ÔØ» node_modules/@testing-library/dom/dist/query-helpers.js:95:19
 ÔØ» src/components/NotificationPreferences.test.tsx:219:33
    217|     render(<NotificationPreferences />);
    218| 
    219|     const submitButton = screen.getByRole('button', { name: /guardar pÔÇª
       |                                 ^
    220|     await user.click(submitButton);
    221| 

ÔÄ»ÔÄ»ÔÄ»ÔÄ»ÔÄ»ÔÄ»ÔÄ»ÔÄ»ÔÄ»ÔÄ»ÔÄ»ÔÄ»ÔÄ»ÔÄ»ÔÄ»ÔÄ»ÔÄ»ÔÄ»ÔÄ»ÔÄ»ÔÄ»ÔÄ»[25/46]ÔÄ»

 FAIL  src/components/NotificationPreferences.test.tsx > NotificationPreferences > debe limpiar mensajes de 
error/├®xito al cambiar valores
TestingLibraryElementError: Unable to find an accessible element with the role "button" and name `/guardar 
preferencias/i`

Here are the accessible roles:

  paragraph:

  Name "":
  [36m<p />[39m

  --------------------------------------------------

Ignored nodes: comments, script, style
[36m<body>[39m
  [36m<div>[39m
    [36m<div[39m
      [33mclass[39m=[32m"preferences-loading"[39m
    [36m>[39m
      [36m<svg[39m
        [33maria-hidden[39m=[32m"true"[39m
        [33mclass[39m=[32m"lucide lucide-loader-circle w-8 h-8 animate-spin text-blue-600"[39m
        [33mfill[39m=[32m"none"[39m
        [33mheight[39m=[32m"24"[39m
        [33mstroke[39m=[32m"currentColor"[39m
        [33mstroke-linecap[39m=[32m"round"[39m
        [33mstroke-linejoin[39m=[32m"round"[39m
        [33mstroke-width[39m=[32m"2"[39m
        [33mviewBox[39m=[32m"0 0 24 24"[39m
        [33mwidth[39m=[32m"24"[39m
        [33mxmlns[39m=[32m"http://www.w3.org/2000/svg"[39m
      [36m>[39m
        [36m<path[39m
          [33md[39m=[32m"M21 12a9 9 0 1 1-6.219-8.56"[39m
        [36m/>[39m
      [36m</svg>[39m
      [36m<p>[39m
        [0mCargando preferencias...[0m
      [36m</p>[39m
    [36m</div>[39m
  [36m</div>[39m
[36m</body>[39m
 ÔØ» Object.getElementError node_modules/@testing-library/dom/dist/config.js:37:19
 ÔØ» node_modules/@testing-library/dom/dist/query-helpers.js:76:38
 ÔØ» node_modules/@testing-library/dom/dist/query-helpers.js:52:17
 ÔØ» node_modules/@testing-library/dom/dist/query-helpers.js:95:19
 ÔØ» src/components/NotificationPreferences.test.tsx:259:33
    257| 
    258|     // Guardar para mostrar ├®xito
    259|     const submitButton = screen.getByRole('button', { name: /guardar pÔÇª
       |                                 ^
    260|     await user.click(submitButton);
    261| 

ÔÄ»ÔÄ»ÔÄ»ÔÄ»ÔÄ»ÔÄ»ÔÄ»ÔÄ»ÔÄ»ÔÄ»ÔÄ»ÔÄ»ÔÄ»ÔÄ»ÔÄ»ÔÄ»ÔÄ»ÔÄ»ÔÄ»ÔÄ»ÔÄ»ÔÄ»[26/46]ÔÄ»

 FAIL  src/services/notificationService.test.ts > notificationService > list > debe manejar errores de red
AssertionError: expected [Function] to throw error including 'No se pudo conectar con el servidor' but got 'Network 
error'

Expected: "No se pudo conectar con el servidor"
Received: "Network error"

 ÔØ» src/services/notificationService.test.ts:149:7
    147|       mockFetch.mockRejectedValueOnce(new TypeError('Network error'));
    148| 
    149|       await expect(notificationService.list()).rejects.toThrow('No se ÔÇª
       |       ^
    150|     });
    151| 

ÔÄ»ÔÄ»ÔÄ»ÔÄ»ÔÄ»ÔÄ»ÔÄ»ÔÄ»ÔÄ»ÔÄ»ÔÄ»ÔÄ»ÔÄ»ÔÄ»ÔÄ»ÔÄ»ÔÄ»ÔÄ»ÔÄ»ÔÄ»ÔÄ»ÔÄ»[27/46]ÔÄ»

 FAIL  src/pages/notifications/Notifications.test.tsx > Notifications Page > debe renderizar la p├ígina de 
notificaciones
TestingLibraryElementError: Found multiple elements with the text: /notificaciones/i

Here are the matching elements:

Ignored nodes: comments, script, style
[36m<h1[39m
  [33mclass[39m=[32m"notifications-title"[39m
[36m>[39m
  [0mNotificaciones[0m
[36m</h1>[39m

Ignored nodes: comments, script, style
[36m<button[39m
  [33mclass[39m=[32m"tab-button active"[39m
[36m>[39m
  [36m<svg[39m
    [33maria-hidden[39m=[32m"true"[39m
    [33mclass[39m=[32m"lucide lucide-bell w-4 h-4"[39m
    [33mfill[39m=[32m"none"[39m
    [33mheight[39m=[32m"24"[39m
    [33mstroke[39m=[32m"currentColor"[39m
    [33mstroke-linecap[39m=[32m"round"[39m
    [33mstroke-linejoin[39m=[32m"round"[39m
    [33mstroke-width[39m=[32m"2"[39m
    [33mviewBox[39m=[32m"0 0 24 24"[39m
    [33mwidth[39m=[32m"24"[39m
    [33mxmlns[39m=[32m"http://www.w3.org/2000/svg"[39m
  [36m>[39m
    [36m<path[39m
      [33md[39m=[32m"M10.268 21a2 2 0 0 0 3.464 0"[39m
    [36m/>[39m
    [36m<path[39m
      [33md[39m=[32m"M3.262 15.326A1 1 0 0 0 4 17h16a1 1 0 0 0 .74-1.673C19.41 13.956 18 12.499 18 8A6 6 0 0 0 6 
8c0 4.499-1.411 5.956-2.738 7.326"[39m
    [36m/>[39m
  [36m</svg>[39m
  [0mNotificaciones[0m
[36m</button>[39m

Ignored nodes: comments, script, style
[36m<p[39m
  [33mclass[39m=[32m"notifications-empty-title"[39m
[36m>[39m
  [0mNo hay notificaciones[0m
[36m</p>[39m

Ignored nodes: comments, script, style
[36m<p[39m
  [33mclass[39m=[32m"notifications-empty-text"[39m
[36m>[39m
  [0mNo hay notificaciones que coincidan con los filtros seleccionados[0m
[36m</p>[39m

(If this is intentional, then use the `*AllBy*` variant of the query (like `queryAllByText`, `getAllByText`, or 
`findAllByText`)).

Ignored nodes: comments, script, style
[36m<body>[39m
  [36m<div>[39m
    [36m<div[39m
      [33mclass[39m=[32m"notifications-page"[39m
    [36m>[39m
      [36m<div[39m
        [33mclass[39m=[32m"notifications-header"[39m
      [36m>[39m
        [36m<div[39m
          [33mclass[39m=[32m"notifications-header-left"[39m
        [36m>[39m
          [36m<svg[39m
            [33maria-hidden[39m=[32m"true"[39m
            [33mclass[39m=[32m"lucide lucide-bell w-8 h-8 text-blue-600"[39m
            [33mfill[39m=[32m"none"[39m
            [33mheight[39m=[32m"24"[39m
            [33mstroke[39m=[32m"currentColor"[39m
            [33mstroke-linecap[39m=[32m"round"[39m
            [33mstroke-linejoin[39m=[32m"round"[39m
            [33mstroke-width[39m=[32m"2"[39m
            [33mviewBox[39m=[32m"0 0 24 24"[39m
            [33mwidth[39m=[32m"24"[39m
            [33mxmlns[39m=[32m"http://www.w3.org/2000/svg"[39m
          [36m>[39m
            [36m<path[39m
              [33md[39m=[32m"M10.268 21a2 2 0 0 0 3.464 0"[39m
            [36m/>[39m
            [36m<path[39m
              [33md[39m=[32m"M3.262 15.326A1 1 0 0 0 4 17h16a1 1 0 0 0 .74-1.673C19.41 13.956 18 12.499 18 8A6 6 0 
0 0 6 8c0 4.499-1.411 5.956-2.738 7.326"[39m
            [36m/>[39m
          [36m</svg>[39m
          [36m<div>[39m
            [36m<h1[39m
              [33mclass[39m=[32m"notifications-title"[39m
            [36m>[39m
              [0mNotificaciones[0m
            [36m</h1>[39m
            [36m<p[39m
              [33mclass[39m=[32m"notifications-subtitle"[39m
            [36m>[39m
              [0mGestiona tus alertas, recordatorios y preferencias[0m
            [36m</p>[39m
          [36m</div>[39m
        [36m</div>[39m
        [36m<div[39m
          [33mclass[39m=[32m"notifications-stats"[39m
        [36m>[39m
          [36m<div[39m
            [33mclass[39m=[32m"stat-item"[39m
          [36m>[39m
            [36m<span[39m
              [33mclass[39m=[32m"stat-label"[39m
            [36m>[39m
              [0mTotal[0m
            [36m</span>[39m
            [36m<span[39m
              [33mclass[39m=[32m"stat-value"[39m
            [36m>[39m
              [0m0[0m
            [36m</span>[39m
          [36m</div>[39m
          [36m<div[39m
            [33mclass[39m=[32m"stat-item"[39m
          [36m>[39m
            [36m<span[39m
              [33mclass[39m=[32m"stat-label"[39m
            [36m>[39m
              [0mNo le├¡das[0m
            [36m</span>[39m
            [36m<span[39m
              [33mclass[39m=[32m"stat-value stat-value-unread"[39m
            [36m>[39m
              [0m0[0m
            [36m</span>[39m
          [36m</div>[39m
        [36m</div>[39m
      [36m</div>[39m
      [36m<div[39m
        [33mclass[39m=[32m"notifications-tabs"[39m
      [36m>[39m
        [36m<button[39m
          [33mclass[39m=[32m"tab-button active"[39m
        [36m>[39m
          [36m<svg[39m
            [33maria-hidden[39m=[32m"true"[39m
            [33mclass[39m=[32m"lucide lucide-bell w-4 h-4"[39m
            [33mfill[39m=[32m"none"[39m
            [33mheight[39m=[32m"24"[39m
            [33mstroke[39m=[32m"currentColor"[39m
            [33mstroke-linecap[39m=[32m"round"[39m
            [33mstroke-linejoin[39m=[32m"round"[39m
            [33mstroke-width[39m=[32m"2"[39m
            [33mviewBox[39m=[32m"0 0 24 24"[39m
            [33mwidth[39m=[32m"24"[39m
            [33mxmlns[39m=[32m"http://www.w3.org/2000/svg"[39m
          [36m>[39m
            [36m<path[39m
              [33md[39m=[32m"M10.268 21a2 2 0 0 0 3.464 0"[39m
            [36m/>[39m
            [36m<path[39m
              [33md[39m=[32m"M3.262 15.326A1 1 0 0 0 4 17h16a1 1 0 0 0 .74-1.673C19.41 13.956 18 12.499 18 8A6 6 0 
0 0 6 8c0 4.499-1.411 5.956-2.738 7.326"[39m
            [36m/>[39m
          [36m</svg>[39m
          [0mNotificaciones[0m
        [36m</button>[39m
        [36m<button[39m
          [33mclass[39m=[32m"tab-button "[39m
        [36m>[39m
          [36m<svg[39m
            [33maria-hidden[39m=[32m"true"[39m
            [33mclass[39m=[32m"lucide lucide-calendar w-4 h-4"[39m
            [33mfill[39m=[32m"none"[39m
            [33mheight[39m=[32m"24"[39m
            [33mstroke[39m=[32m"currentColor"[39m
            [33mstroke-linecap[39m=[32m"round"[39m
            [33mstroke-linejoin[39m=[32m"round"[39m
            [33mstroke-width[39m=[32m"2"[39m
            [33mviewBox[39m=[32m"0 0 24 24"[39m
            [33mwidth[39m=[32m"24"[39m
            [33mxmlns[39m=[32m"http://www.w3.org/2000/svg"[39m
          [36m>[39m
            [36m<path[39m
              [33md[39m=[32m"M8 2v4"[39m
            [36m/>[39m
            [36m<path[39m
              [33md[39m=[32m"M16 2v4"[39m
            [36m/>[39m
            [36m<rect[39m
              [33mheight[39m=[32m"18"[39m
              [33mrx[39m=[32m"2"[39m
              [33mwidth[39m=[32m"18"[39m
              [33mx[39m=[32m"3"[39m
              [33my[39m=[32m"4"[39m
            [36m/>[39m
            [36m<path[39m
              [33md[39m=[32m"M3 10h18"[39m
            [36m/>[39m
          [36m</svg>[39m
          [0mRecordatorios[0m
        [36m</button>[39m
        [36m<button[39m
          [33mclass[39m=[32m"tab-button "[39m
        [36m>[39m
          [36m<svg[39m
            [33maria-hidden[39m=[32m"true"[39m
            [33mclass[39m=[32m"lucide lucide-settings w-4 h-4"[39m
            [33mfill[39m=[32m"none"[39m
            [33mheight[39m=[32m"24"[39m
            [33mstroke[39m=[32m"currentColor"[39m
            [33mstroke-linecap[39m=[32m"round"[39m
            [33mstroke-linejoin[39m=[32m"round"[39m
            [33mstroke-width[39m=[32m"2"[39m
            [33mviewBox[39m=[32m"0 0 24 24"[39m
            [33mwidth[39m=[32m"24"[39m
            [33mxmlns[39m=[32m"http://www.w3.org/2000/svg"[39m
          [36m>[39m
            [36m<path[39m
              [33md[39m=[32m"M9.671 4.136a2.34 2.34 0 0 1 4.659 0 2.34 2.34 0 0 0 3.319 1.915 2.34 2.34 0 0 1 2.33 
4.033 2.34 2.34 0 0 0 0 3.831 2.34 2.34 0 0 1-2.33 4.033 2.34 2.34 0 0 0-3.319 1.915 2.34 2.34 0 0 1-4.659 0 2.34 2.34 
0 0 0-3.32-1.915 2.34 2.34 0 0 1-2.33-4.033 2.34 2.34 0 0 0 0-3.831A2.34 2.34 0 0 1 6.35 6.051a2.34 2.34 0 0 0 
3.319-1.915"[39m
            [36m/>[39m
            [36m<circle[39m
              [33mcx[39m=[32m"12"[39m
              [33mcy[39m=[32m"12"[39m
              [33mr[39m=[32m"3"[39m
            [36m/>[39m
          [36m</svg>[39m
          [0mPreferencias[0m
        [36m</button>[39m
      [36m</div>[39m
      [36m<div[39m
        [33mclass[39m=[32m"notifications-content"[39m
      [36m>[39m
        [36m<div[39m
          [33mclass[39m=[32m"notifications-filters"[39m
        [36m>[39m
          [36m<div[39m
            [33mclass[39m=[32m"filter-group"[39m
          [36m>[39m
            [36m<svg[39m
              [33maria-hidden[39m=[32m"true"[39m
              [33mclass[39m=[32m"lucide lucide-funnel w-4 h-4"[39m
              [33mfill[39m=[32m"none"[39m
              [33mheight[39m=[32m"24"[39m
              [33mstroke[39m=[32m"currentColor"[39m
              [33mstroke-linecap[39m=[32m"round"[39m
              [33mstroke-linejoin[39m=[32m"round"[39m
              [33mstroke-width[39m=[32m"2"[39m
              [33mviewBox[39m=[32m"0 0 24 24"[39m
              [33mwidth[39m=[32m"24"[39m
              [33mxmlns[39m=[32m"http://www.w3.org/2000/svg"[39m
            [36m>[39m
              [36m<path[39m
                [33md[39m=[32m"M10 20a1 1 0 0 0 .553.895l2 1A1 1 0 0 0 14 21v-7a2 2 0 0 1 .517-1.341L21.74 4.67A1 1 
0 0 0 21 3H3a1 1 0 0 0-.742 1.67l7.225 7.989A2 2 0 0 1 10 14z"[39m
              [36m/>[39m
            [36m</svg>[39m
            [36m<select[39m
              [33mclass[39m=[32m"filter-select"[39m
            [36m>[39m
              [36m<option[39m
                [33mvalue[39m=[32m"all"[39m
              [36m>[39m
                [0mTodos los tipos[0m
              [36m</option>[39m
              [36m<option[39m
                [33mvalue[39m=[32m"budget_warning"[39m
              [36m>[39m
                [0mAlerta de presupuesto (80%)[0m
              [36m</option>[39m
              [36m<option[39m
                [33mvalue[39m=[32m"budget_exceeded"[39m
              [36m>[39m
                [0mPresupuesto excedido[0m
              [36m</option>[39m
              [36m<option[39m
                [33mvalue[39m=[32m"bill_reminder"[39m
              [36m>[39m
                [0mRecordatorio de factura[0m
              [36m</option>[39m
              [36m<option[39m
                [33mvalue[39m=[32m"soat_reminder"[39m
              [36m>[39m
                [0mRecordatorio de SOAT[0m
              [36m</option>[39m
              [36m<option[39m
                [33mvalue[39m=[32m"month_end_reminder"[39m
              [36m>[39m
                [0mFin de mes[0m
              [36m</option>[39m
              [36m<option[39m
                [33mvalue[39m=[32m"custom_reminder"[39m
              [36m>[39m
                [0mRecordatorio personalizado[0m
              [36m</option>[39m
            [36m</select>[39m
          [36m</div>[39m
          [36m<div[39m
            [33mclass[39m=[32m"filter-group"[39m
          [36m>[39m
            [36m<select[39m
              [33mclass[39m=[32m"filter-select"[39m
            [36m>[39m
              [36m<option[39m
                [33mvalue[39m=[32m"all"[39m
              [36m>[39m
                [0mTodas[0m
              [36m</option>[39m
              [36m<option[39m
                [33mvalue[39m=[32m"unread"[39m
              [36m>[39m
                [0mNo le├¡das[0m
              [36m</option>[39m
              [36m<option[39m
                [33mvalue[39m=[32m"read"[39m
              [36m>[39m
                [0mLe├¡das[0m
              [36m</option>[39m
            [36m</select>[39m
          [36m</div>[39m
          [36m<div[39m
            [33mclass[39m=[32m"filter-group"[39m
          [36m>[39m
            [36m<label[39m
              [33mclass[39m=[32m"filter-checkbox"[39m
            [36m>[39m
              [36m<input[39m
                [33mtype[39m=[32m"checkbox"[39m
              [36m/>[39m
              [0mMostrar descartadas[0m
            [36m</label>[39m
          [36m</div>[39m
          [36m<div[39m
            [33mclass[39m=[32m"filter-actions"[39m
          [36m/>[39m
        [36m</div>[39m
        [36m<div[39m
          [33mclass[39m=[32m"notifications-empty"[39m
        [36m>[39m
          [36m<svg[39m
            [33maria-hidden[39m=[32m"true"[39m
            [33mclass[39m=[32m"lucide lucide-bell w-16 h-16 text-gray-300"[39m
            [33mfill[39m=[32m"none"[39m
            [33mheight[39m=[32m"24"[39m
            [33mstroke[39m=[32m"currentColor"[39m
            [33mstroke-linecap[39m=[32m"round"[39m
            [33mstroke-linejoin[39m=[32m"round"[39m
            [33mstroke-width[39m=[32m"2"[39m
            [33mviewBox[39m=[32m"0 0 24 24"[39m
            [33mwidth[39m=[32m"24"[39m
            [33mxmlns[39m=[32m"http://www.w3.org/2000/svg"[39m
          [36m>[39m
            [36m<path[39m
              [33md[39m=[32m"M10.268 21a2 2 0 0 0 3.464 0"[39m
            [36m/>[39m
            [36m<path[39m
              [33md[39m=[32m"M3.262 15.326A1 1 0 0 0 4 17h16a1 1 0 0 0 .74-1.673C19.41 13.956 18 12.499 18 8A6 6 0 
0 0 6 8c0 4.499-1.411 5.956-2.738 7.326"[39m
            [36m/>[39m
          [36m</svg>[39m
          [36m<p[39m
            [33mclass[39m=[32m"notifications-empty-title"[39m
          [36m>[39m
            [0mNo hay notificaciones[0m
          [36m</p>[39m
          [36m<p[39m
            [33mclass[39m=[32m"notifications-empty-text"[39m
          [36m>[39m
            [0mNo hay notificaciones que coincidan con los filtros seleccionados[0m
          [36m</p>[39m
        [36m</div>[39m
      [36m</div>[39m
    [36m</div>[39m
  [36m</div>[39m
[36m</body>[39m
 ÔØ» Object.getElementError node_modules/@testing-library/dom/dist/config.js:37:19
 ÔØ» getElementError node_modules/@testing-library/dom/dist/query-helpers.js:20:35
 ÔØ» getMultipleElementsFoundError node_modules/@testing-library/dom/dist/query-helpers.js:23:10
 ÔØ» node_modules/@testing-library/dom/dist/query-helpers.js:55:13
 ÔØ» node_modules/@testing-library/dom/dist/query-helpers.js:95:19
 ÔØ» src/pages/notifications/Notifications.test.tsx:110:19
    108|     render(<Notifications />);
    109| 
    110|     expect(screen.getByText(/notificaciones/i)).toBeInTheDocument();
       |                   ^
    111|     expect(screen.getByText(/gestiona tus alertas/i)).toBeInTheDocumenÔÇª
    112|   });

ÔÄ»ÔÄ»ÔÄ»ÔÄ»ÔÄ»ÔÄ»ÔÄ»ÔÄ»ÔÄ»ÔÄ»ÔÄ»ÔÄ»ÔÄ»ÔÄ»ÔÄ»ÔÄ»ÔÄ»ÔÄ»ÔÄ»ÔÄ»ÔÄ»ÔÄ»[28/46]ÔÄ»

 FAIL  src/pages/notifications/Notifications.test.tsx > Notifications Page > debe mostrar notificaciones no le├¡das y 
le├¡das por separado
TestingLibraryElementError: Found multiple elements with the text: /le├¡das \(1\)/i

Here are the matching elements:

Ignored nodes: comments, script, style
[36m<h3[39m
  [33mclass[39m=[32m"notifications-section-title"[39m
[36m>[39m
  [0mNo le├¡das ([0m
  [0m1[0m
  [0m)[0m
[36m</h3>[39m

Ignored nodes: comments, script, style
[36m<h3[39m
  [33mclass[39m=[32m"notifications-section-title"[39m
[36m>[39m
  [0mLe├¡das ([0m
  [0m1[0m
  [0m)[0m
[36m</h3>[39m

(If this is intentional, then use the `*AllBy*` variant of the query (like `queryAllByText`, `getAllByText`, or 
`findAllByText`)).

Ignored nodes: comments, script, style
[36m<body>[39m
  [36m<div>[39m
    [36m<div[39m
      [33mclass[39m=[32m"notifications-page"[39m
    [36m>[39m
      [36m<div[39m
        [33mclass[39m=[32m"notifications-header"[39m
      [36m>[39m
        [36m<div[39m
          [33mclass[39m=[32m"notifications-header-left"[39m
        [36m>[39m
          [36m<svg[39m
            [33maria-hidden[39m=[32m"true"[39m
            [33mclass[39m=[32m"lucide lucide-bell w-8 h-8 text-blue-600"[39m
            [33mfill[39m=[32m"none"[39m
            [33mheight[39m=[32m"24"[39m
            [33mstroke[39m=[32m"currentColor"[39m
            [33mstroke-linecap[39m=[32m"round"[39m
            [33mstroke-linejoin[39m=[32m"round"[39m
            [33mstroke-width[39m=[32m"2"[39m
            [33mviewBox[39m=[32m"0 0 24 24"[39m
            [33mwidth[39m=[32m"24"[39m
            [33mxmlns[39m=[32m"http://www.w3.org/2000/svg"[39m
          [36m>[39m
            [36m<path[39m
              [33md[39m=[32m"M10.268 21a2 2 0 0 0 3.464 0"[39m
            [36m/>[39m
            [36m<path[39m
              [33md[39m=[32m"M3.262 15.326A1 1 0 0 0 4 17h16a1 1 0 0 0 .74-1.673C19.41 13.956 18 12.499 18 8A6 6 0 
0 0 6 8c0 4.499-1.411 5.956-2.738 7.326"[39m
            [36m/>[39m
          [36m</svg>[39m
          [36m<div>[39m
            [36m<h1[39m
              [33mclass[39m=[32m"notifications-title"[39m
            [36m>[39m
              [0mNotificaciones[0m
            [36m</h1>[39m
            [36m<p[39m
              [33mclass[39m=[32m"notifications-subtitle"[39m
            [36m>[39m
              [0mGestiona tus alertas, recordatorios y preferencias[0m
            [36m</p>[39m
          [36m</div>[39m
        [36m</div>[39m
        [36m<div[39m
          [33mclass[39m=[32m"notifications-stats"[39m
        [36m>[39m
          [36m<div[39m
            [33mclass[39m=[32m"stat-item"[39m
          [36m>[39m
            [36m<span[39m
              [33mclass[39m=[32m"stat-label"[39m
            [36m>[39m
              [0mTotal[0m
            [36m</span>[39m
            [36m<span[39m
              [33mclass[39m=[32m"stat-value"[39m
            [36m>[39m
              [0m0[0m
            [36m</span>[39m
          [36m</div>[39m
          [36m<div[39m
            [33mclass[39m=[32m"stat-item"[39m
          [36m>[39m
            [36m<span[39m
              [33mclass[39m=[32m"stat-label"[39m
            [36m>[39m
              [0mNo le├¡das[0m
            [36m</span>[39m
            [36m<span[39m
              [33mclass[39m=[32m"stat-value stat-value-unread"[39m
            [36m>[39m
              [0m0[0m
            [36m</span>[39m
          [36m</div>[39m
        [36m</div>[39m
      [36m</div>[39m
      [36m<div[39m
        [33mclass[39m=[32m"notifications-tabs"[39m
      [36m>[39m
        [36m<button[39m
          [33mclass[39m=[32m"tab-button active"[39m
        [36m>[39m
          [36m<svg[39m
            [33maria-hidden[39m=[32m"true"[39m
            [33mclass[39m=[32m"lucide lucide-bell w-4 h-4"[39m
            [33mfill[39m=[32m"none"[39m
            [33mheight[39m=[32m"24"[39m
            [33mstroke[39m=[32m"currentColor"[39m
            [33mstroke-linecap[39m=[32m"round"[39m
            [33mstroke-linejoin[39m=[32m"round"[39m
            [33mstroke-width[39m=[32m"2"[39m
            [33mviewBox[39m=[32m"0 0 24 24"[39m
            [33mwidth[39m=[32m"24"[39m
            [33mxmlns[39m=[32m"http://www.w3.org/2000/svg"[39m
          [36m>[39m
            [36m<path[39m
              [33md[39m=[32m"M10.268 21a2 2 0 0 0 3.464 0"[39m
            [36m/>[39m
            [36m<path[39m
              [33md[39m=[32m"M3.262 15.326A1 1 0 0 0 4 17h16a1 1 0 0 0 .74-1.673C19.41 13.956 18 12.499 18 8A6 6 0 
0 0 6 8c0 4.499-1.411 5.956-2.738 7.326"[39m
            [36m/>[39m
          [36m</svg>[39m
          [0mNotificaciones[0m
          [36m<span[39m
            [33mclass[39m=[32m"tab-badge"[39m
          [36m>[39m
            [0m1[0m
          [36m</span>[39m
        [36m</button>[39m
        [36m<button[39m
          [33mclass[39m=[32m"tab-button "[39m
        [36m>[39m
          [36m<svg[39m
            [33maria-hidden[39m=[32m"true"[39m
            [33mclass[39m=[32m"lucide lucide-calendar w-4 h-4"[39m
            [33mfill[39m=[32m"none"[39m
            [33mheight[39m=[32m"24"[39m
            [33mstroke[39m=[32m"currentColor"[39m
            [33mstroke-linecap[39m=[32m"round"[39m
            [33mstroke-linejoin[39m=[32m"round"[39m
            [33mstroke-width[39m=[32m"2"[39m
            [33mviewBox[39m=[32m"0 0 24 24"[39m
            [33mwidth[39m=[32m"24"[39m
            [33mxmlns[39m=[32m"http://www.w3.org/2000/svg"[39m
          [36m>[39m
            [36m<path[39m
              [33md[39m=[32m"M8 2v4"[39m
            [36m/>[39m
            [36m<path[39m
              [33md[39m=[32m"M16 2v4"[39m
            [36m/>[39m
            [36m<rect[39m
              [33mheight[39m=[32m"18"[39m
              [33mrx[39m=[32m"2"[39m
              [33mwidth[39m=[32m"18"[39m
              [33mx[39m=[32m"3"[39m
              [33my[39m=[32m"4"[39m
            [36m/>[39m
            [36m<path[39m
              [33md[39m=[32m"M3 10h18"[39m
            [36m/>[39m
          [36m</svg>[39m
          [0mRecordatorios[0m
        [36m</button>[39m
        [36m<button[39m
          [33mclass[39m=[32m"tab-button "[39m
        [36m>[39m
          [36m<svg[39m
            [33maria-hidden[39m=[32m"true"[39m
            [33mclass[39m=[32m"lucide lucide-settings w-4 h-4"[39m
            [33mfill[39m=[32m"none"[39m
            [33mheight[39m=[32m"24"[39m
            [33mstroke[39m=[32m"currentColor"[39m
            [33mstroke-linecap[39m=[32m"round"[39m
            [33mstroke-linejoin[39m=[32m"round"[39m
            [33mstroke-width[39m=[32m"2"[39m
            [33mviewBox[39m=[32m"0 0 24 24"[39m
            [33mwidth[39m=[32m"24"[39m
            [33mxmlns[39m=[32m"http://www.w3.org/2000/svg"[39m
          [36m>[39m
            [36m<path[39m
              [33md[39m=[32m"M9.671 4.136a2.34 2.34 0 0 1 4.659 0 2.34 2.34 0 0 0 3.319 1.915 2.34 2.34 0 0 1 2.33 
4.033 2.34 2.34 0 0 0 0 3.831 2.34 2.34 0 0 1-2.33 4.033 2.34 2.34 0 0 0-3.319 1.915 2.34 2.34 0 0 1-4.659 0 2.34 2.34 
0 0 0-3.32-1.915 2.34 2.34 0 0 1-2.33-4.033 2.34 2.34 0 0 0 0-3.831A2.34 2.34 0 0 1 6.35 6.051a2.34 2.34 0 0 0 
3.319-1.915"[39m
            [36m/>[39m
            [36m<circle[39m
              [33mcx[39m=[32m"12"[39m
              [33mcy[39m=[32m"12"[39m
              [33mr[39m=[32m"3"[39m
            [36m/>[39m
          [36m</svg>[39m
     ...
 ÔØ» Object.getElementError node_modules/@testing-library/dom/dist/config.js:37:19
 ÔØ» getElementError node_modules/@testing-library/dom/dist/query-helpers.js:20:35
 ÔØ» getMultipleElementsFoundError node_modules/@testing-library/dom/dist/query-helpers.js:23:10
 ÔØ» node_modules/@testing-library/dom/dist/query-helpers.js:55:13
 ÔØ» node_modules/@testing-library/dom/dist/query-helpers.js:95:19
 ÔØ» src/pages/notifications/Notifications.test.tsx:143:19
    141| 
    142|     expect(screen.getByText(/no le├¡das \(1\)/i)).toBeInTheDocument();
    143|     expect(screen.getByText(/le├¡das \(1\)/i)).toBeInTheDocument();
       |                   ^
    144|   });
    145| 

ÔÄ»ÔÄ»ÔÄ»ÔÄ»ÔÄ»ÔÄ»ÔÄ»ÔÄ»ÔÄ»ÔÄ»ÔÄ»ÔÄ»ÔÄ»ÔÄ»ÔÄ»ÔÄ»ÔÄ»ÔÄ»ÔÄ»ÔÄ»ÔÄ»ÔÄ»[29/46]ÔÄ»

 FAIL  src/pages/notifications/Notifications.test.tsx > Notifications Page > debe filtrar notificaciones por tipo
Error: expect(element).not.toBeInTheDocument()

expected document not to contain element, found <h4
  class="notification-card-title"
>
  ÔÜá´©Å Alerta de Presupuesto
</h4> instead

Ignored nodes: comments, script, style
[36m<html>[39m
  [36m<head />[39m
  [36m<body>[39m
    [36m<div>[39m
      [36m<div[39m
        [33mclass[39m=[32m"notifications-page"[39m
      [36m>[39m
        [36m<div[39m
          [33mclass[39m=[32m"notifications-header"[39m
        [36m>[39m
          [36m<div[39m
            [33mclass[39m=[32m"notifications-header-left"[39m
          [36m>[39m
            [36m<svg[39m
              [33maria-hidden[39m=[32m"true"[39m
              [33mclass[39m=[32m"lucide lucide-bell w-8 h-8 text-blue-600"[39m
              [33mfill[39m=[32m"none"[39m
              [33mheight[39m=[32m"24"[39m
              [33mstroke[39m=[32m"currentColor"[39m
              [33mstroke-linecap[39m=[32m"round"[39m
              [33mstroke-linejoin[39m=[32m"round"[39m
              [33mstroke-width[39m=[32m"2"[39m
              [33mviewBox[39m=[32m"0 0 24 24"[39m
              [33mwidth[39m=[32m"24"[39m
              [33mxmlns[39m=[32m"http://www.w3.org/2000/svg"[39m
            [36m>[39m
              [36m<path[39m
                [33md[39m=[32m"M10.268 21a2 2 0 0 0 3.464 0"[39m
              [36m/>[39m
              [36m<path[39m
                [33md[39m=[32m"M3.262 15.326A1 1 0 0 0 4 17h16a1 1 0 0 0 .74-1.673C19.41 13.956 18 12.499 18 8A6 6 
0 0 0 6 8c0 4.499-1.411 5.956-2.738 7.326"[39m
              [36m/>[39m
            [36m</svg>[39m
            [36m<div>[39m
              [36m<h1[39m
                [33mclass[39m=[32m"notifications-title"[39m
              [36m>[39m
                [0mNotificaciones[0m
              [36m</h1>[39m
              [36m<p[39m
                [33mclass[39m=[32m"notifications-subtitle"[39m
              [36m>[39m
                [0mGestiona tus alertas, recordatorios y preferencias[0m
              [36m</p>[39m
            [36m</div>[39m
          [36m</div>[39m
          [36m<div[39m
            [33mclass[39m=[32m"notifications-stats"[39m
          [36m>[39m
            [36m<div[39m
              [33mclass[39m=[32m"stat-item"[39m
            [36m>[39m
              [36m<span[39m
                [33mclass[39m=[32m"stat-label"[39m
              [36m>[39m
                [0mTotal[0m
              [36m</span>[39m
              [36m<span[39m
                [33mclass[39m=[32m"stat-value"[39m
              [36m>[39m
                [0m0[0m
              [36m</span>[39m
            [36m</div>[39m
            [36m<div[39m
              [33mclass[39m=[32m"stat-item"[39m
            [36m>[39m
              [36m<span[39m
                [33mclass[39m=[32m"stat-label"[39m
              [36m>[39m
                [0mNo le├¡das[0m
              [36m</span>[39m
              [36m<span[39m
                [33mclass[39m=[32m"stat-value stat-value-unread"[39m
              [36m>[39m
                [0m0[0m
              [36m</span>[39m
            [36m</div>[39m
          [36m</div>[39m
        [36m</div>[39m
        [36m<div[39m
          [33mclass[39m=[32m"notifications-tabs"[39m
        [36m>[39m
          [36m<button[39m
            [33mclass[39m=[32m"tab-button active"[39m
          [36m>[39m
            [36m<svg[39m
              [33maria-hidden[39m=[32m"true"[39m
              [33mclass[39m=[32m"lucide lucide-bell w-4 h-4"[39m
              [33mfill[39m=[32m"none"[39m
              [33mheight[39m=[32m"24"[39m
              [33mstroke[39m=[32m"currentColor"[39m
              [33mstroke-linecap[39m=[32m"round"[39m
              [33mstroke-linejoin[39m=[32m"round"[39m
              [33mstroke-width[39m=[32m"2"[39m
              [33mviewBox[39m=[32m"0 0 24 24"[39m
              [33mwidth[39m=[32m"24"[39m
              [33mxmlns[39m=[32m"http://www.w3.org/2000/svg"[39m
            [36m>[39m
              [36m<path[39m
                [33md[39m=[32m"M10.268 21a2 2 0 0 0 3.464 0"[39m
              [36m/>[39m
              [36m<path[39m
                [33md[39m=[32m"M3.262 15.326A1 1 0 0 0 4 17h16a1 1 0 0 0 .74-1.673C19.41 13.956 18 12.499 18 8A6 6 
0 0 0 6 8c0 4.499-1.411 5.956-2.738 7.326"[39m
              [36m/>[39m
            [36m</svg>[39m
            [0mNotificaciones[0m
            [36m<span[39m
              [33mclass[39m=[32m"tab-badge"[39m
            [36m>[39m
              [0m2[0m
            [36m</span>[39m
          [36m</button>[39m
          [36m<button[39m
            [33mclass[39m=[32m"tab-button "[39m
          [36m>[39m
            [36m<svg[39m
              [33maria-hidden[39m=[32m"true"[39m
              [33mclass[39m=[32m"lucide lucide-calendar w-4 h-4"[39m
              [33mfill[39m=[32m"none"[39m
              [33mheight[39m=[32m"24"[39m
              [33mstroke[39m=[32m"currentColor"[39m
              [33mstroke-linecap[39m=[32m"round"[39m
              [33mstroke-linejoin[39m=[32m"round"[39m
              [33mstroke-width[39m=[32m"2"[39m
              [33mviewBox[39m=[32m"0 0 24 24"[39m
              [33mwidth[39m=[32m"24"[39m
              [33mxmlns[39m=[32m"http://www.w3.org/2000/svg"[39m
            [36m>[39m
              [36m<path[39m
                [33md[39m=[32m"M8 2v4"[39m
              [36m/>[39m
              [36m<path[39m
                [33md[39m=[32m"M16 2v4"[39m
              [36m/>[39m
              [36m<rect[39m
                [33mheight[39m=[32m"18"[39m
                [33mrx[39m=[32m"2"[39m
                [33mwidth[39m=[32m"18"[39m
                [33mx[39m=[32m"3"[39m
                [33my[39m=[32m"4"[39m
              [36m/>[39m
              [36m<path[39m
                [33md[39m=[32m"M3 10h18"[39m
              [36m/>[39m
            [36m</svg>[39m
            [0mRecordatorios[0m
          [36m</button>[39m
          [36m<button[39m
            [33mclass[39m=[32m"tab-button "[39m
          [36m>[39m
            [36m<svg[39m
              [33maria-hidden[39m=[32m"true"[39m
              [33mclass[39m=[32m"lucide lucide-settings w-4 h-4"[39m
              [33mfill[39m=[32m"none"[39m
              [33mheight[39m=[32m"24"[39m
              [33mstroke[39m=[32m"currentColor"[39m
              [33mstroke-linecap[39m=[32m"round"[39m
              [33mstroke-linejoin[39m=[32m"round"[39m
              [33mstroke-width[39m=[32m"2"[39m
              [33mviewBox[39m=[32m"0 0 24 24"[39m
              [33mwidth[39m=[32m"24"[39m
              [33mxmlns[39m=[32m"http://www.w3.org/2000/svg"[39m
            [36m>[39m
              [36m<path[39m
                [33md[39m=[32m"M9.671 4.136a2.34 2.34 0 0 1 4.659 0 2.34 2.34 0 0 0 3.319 1.915 2.34 2.34 0 0 1 
2.33 4.033 2.34 2.34 0 0 0 0 3.831 2.34 2.34 0 0 1-2.33 4.033 2.34 2.34 0 0 0-3.319 1.915 2.34 2.34 0 0 1-4.659 0 2.34 
2.34 0...
 ÔØ» src/pages/notifications/Notifications.test.tsx:168:62
    166|     await waitFor(() => {
    167|       expect(screen.getByText(mockNotification.title)).toBeInTheDocumeÔÇª
    168|       expect(screen.queryByText(billNotification.title)).not.toBeInTheÔÇª
       |                                                              ^
    169|     });
    170|   });
 ÔØ» runWithExpensiveErrorDiagnosticsDisabled node_modules/@testing-library/dom/dist/config.js:47:12
 ÔØ» checkCallback node_modules/@testing-library/dom/dist/wait-for.js:124:77
 ÔØ» Timeout.checkRealTimersCallback node_modules/@testing-library/dom/dist/wait-for.js:118:16

ÔÄ»ÔÄ»ÔÄ»ÔÄ»ÔÄ»ÔÄ»ÔÄ»ÔÄ»ÔÄ»ÔÄ»ÔÄ»ÔÄ»ÔÄ»ÔÄ»ÔÄ»ÔÄ»ÔÄ»ÔÄ»ÔÄ»ÔÄ»ÔÄ»ÔÄ»[30/46]ÔÄ»

 FAIL  src/pages/notifications/Notifications.test.tsx > Notifications Page > debe filtrar notificaciones por estado de 
lectura
Error: expect(element).not.toBeInTheDocument()

expected document not to contain element, found <h4
  class="notification-card-title"
>
  ÔÜá´©Å Alerta de Presupuesto
</h4> instead

Ignored nodes: comments, script, style
[36m<html>[39m
  [36m<head />[39m
  [36m<body>[39m
    [36m<div>[39m
      [36m<div[39m
        [33mclass[39m=[32m"notifications-page"[39m
      [36m>[39m
        [36m<div[39m
          [33mclass[39m=[32m"notifications-header"[39m
        [36m>[39m
          [36m<div[39m
            [33mclass[39m=[32m"notifications-header-left"[39m
          [36m>[39m
            [36m<svg[39m
              [33maria-hidden[39m=[32m"true"[39m
              [33mclass[39m=[32m"lucide lucide-bell w-8 h-8 text-blue-600"[39m
              [33mfill[39m=[32m"none"[39m
              [33mheight[39m=[32m"24"[39m
              [33mstroke[39m=[32m"currentColor"[39m
              [33mstroke-linecap[39m=[32m"round"[39m
              [33mstroke-linejoin[39m=[32m"round"[39m
              [33mstroke-width[39m=[32m"2"[39m
              [33mviewBox[39m=[32m"0 0 24 24"[39m
              [33mwidth[39m=[32m"24"[39m
              [33mxmlns[39m=[32m"http://www.w3.org/2000/svg"[39m
            [36m>[39m
              [36m<path[39m
                [33md[39m=[32m"M10.268 21a2 2 0 0 0 3.464 0"[39m
              [36m/>[39m
              [36m<path[39m
                [33md[39m=[32m"M3.262 15.326A1 1 0 0 0 4 17h16a1 1 0 0 0 .74-1.673C19.41 13.956 18 12.499 18 8A6 6 
0 0 0 6 8c0 4.499-1.411 5.956-2.738 7.326"[39m
              [36m/>[39m
            [36m</svg>[39m
            [36m<div>[39m
              [36m<h1[39m
                [33mclass[39m=[32m"notifications-title"[39m
              [36m>[39m
                [0mNotificaciones[0m
              [36m</h1>[39m
              [36m<p[39m
                [33mclass[39m=[32m"notifications-subtitle"[39m
              [36m>[39m
                [0mGestiona tus alertas, recordatorios y preferencias[0m
              [36m</p>[39m
            [36m</div>[39m
          [36m</div>[39m
          [36m<div[39m
            [33mclass[39m=[32m"notifications-stats"[39m
          [36m>[39m
            [36m<div[39m
              [33mclass[39m=[32m"stat-item"[39m
            [36m>[39m
              [36m<span[39m
                [33mclass[39m=[32m"stat-label"[39m
              [36m>[39m
                [0mTotal[0m
              [36m</span>[39m
              [36m<span[39m
                [33mclass[39m=[32m"stat-value"[39m
              [36m>[39m
                [0m0[0m
              [36m</span>[39m
            [36m</div>[39m
            [36m<div[39m
              [33mclass[39m=[32m"stat-item"[39m
            [36m>[39m
              [36m<span[39m
                [33mclass[39m=[32m"stat-label"[39m
              [36m>[39m
                [0mNo le├¡das[0m
              [36m</span>[39m
              [36m<span[39m
                [33mclass[39m=[32m"stat-value stat-value-unread"[39m
              [36m>[39m
                [0m0[0m
              [36m</span>[39m
            [36m</div>[39m
          [36m</div>[39m
        [36m</div>[39m
        [36m<div[39m
          [33mclass[39m=[32m"notifications-tabs"[39m
        [36m>[39m
          [36m<button[39m
            [33mclass[39m=[32m"tab-button active"[39m
          [36m>[39m
            [36m<svg[39m
              [33maria-hidden[39m=[32m"true"[39m
              [33mclass[39m=[32m"lucide lucide-bell w-4 h-4"[39m
              [33mfill[39m=[32m"none"[39m
              [33mheight[39m=[32m"24"[39m
              [33mstroke[39m=[32m"currentColor"[39m
              [33mstroke-linecap[39m=[32m"round"[39m
              [33mstroke-linejoin[39m=[32m"round"[39m
              [33mstroke-width[39m=[32m"2"[39m
              [33mviewBox[39m=[32m"0 0 24 24"[39m
              [33mwidth[39m=[32m"24"[39m
              [33mxmlns[39m=[32m"http://www.w3.org/2000/svg"[39m
            [36m>[39m
              [36m<path[39m
                [33md[39m=[32m"M10.268 21a2 2 0 0 0 3.464 0"[39m
              [36m/>[39m
              [36m<path[39m
                [33md[39m=[32m"M3.262 15.326A1 1 0 0 0 4 17h16a1 1 0 0 0 .74-1.673C19.41 13.956 18 12.499 18 8A6 6 
0 0 0 6 8c0 4.499-1.411 5.956-2.738 7.326"[39m
              [36m/>[39m
            [36m</svg>[39m
            [0mNotificaciones[0m
            [36m<span[39m
              [33mclass[39m=[32m"tab-badge"[39m
            [36m>[39m
              [0m1[0m
            [36m</span>[39m
          [36m</button>[39m
          [36m<button[39m
            [33mclass[39m=[32m"tab-button "[39m
          [36m>[39m
            [36m<svg[39m
              [33maria-hidden[39m=[32m"true"[39m
              [33mclass[39m=[32m"lucide lucide-calendar w-4 h-4"[39m
              [33mfill[39m=[32m"none"[39m
              [33mheight[39m=[32m"24"[39m
              [33mstroke[39m=[32m"currentColor"[39m
              [33mstroke-linecap[39m=[32m"round"[39m
              [33mstroke-linejoin[39m=[32m"round"[39m
              [33mstroke-width[39m=[32m"2"[39m
              [33mviewBox[39m=[32m"0 0 24 24"[39m
              [33mwidth[39m=[32m"24"[39m
              [33mxmlns[39m=[32m"http://www.w3.org/2000/svg"[39m
            [36m>[39m
              [36m<path[39m
                [33md[39m=[32m"M8 2v4"[39m
              [36m/>[39m
              [36m<path[39m
                [33md[39m=[32m"M16 2v4"[39m
              [36m/>[39m
              [36m<rect[39m
                [33mheight[39m=[32m"18"[39m
                [33mrx[39m=[32m"2"[39m
                [33mwidth[39m=[32m"18"[39m
                [33mx[39m=[32m"3"[39m
                [33my[39m=[32m"4"[39m
              [36m/>[39m
              [36m<path[39m
                [33md[39m=[32m"M3 10h18"[39m
              [36m/>[39m
            [36m</svg>[39m
            [0mRecordatorios[0m
          [36m</button>[39m
          [36m<button[39m
            [33mclass[39m=[32m"tab-button "[39m
          [36m>[39m
            [36m<svg[39m
              [33maria-hidden[39m=[32m"true"[39m
              [33mclass[39m=[32m"lucide lucide-settings w-4 h-4"[39m
              [33mfill[39m=[32m"none"[39m
              [33mheight[39m=[32m"24"[39m
              [33mstroke[39m=[32m"currentColor"[39m
              [33mstroke-linecap[39m=[32m"round"[39m
              [33mstroke-linejoin[39m=[32m"round"[39m
              [33mstroke-width[39m=[32m"2"[39m
              [33mviewBox[39m=[32m"0 0 24 24"[39m
              [33mwidth[39m=[32m"24"[39m
              [33mxmlns[39m=[32m"http://www.w3.org/2000/svg"[39m
            [36m>[39m
              [36m<path[39m
                [33md[39m=[32m"M9.671 4.136a2.34 2.34 0 0 1 4.659 0 2.34 2.34 0 0 0 3.319 1.915 2.34 2.34 0 0 1 
2.33 4.033 2.34 2.34 0 0 0 0 3.831 2.34 2.34 0 0 1-2.33 4.033 2.34 2.34 0 0 0-3.319 1.915 2.34 2.34 0 0 1-4.659 0 2.34 
2.34 0...
 ÔØ» src/pages/notifications/Notifications.test.tsx:187:66
    185|     await waitFor(() => {
    186|       expect(screen.getByText(mockNotification.title)).toBeInTheDocumeÔÇª
    187|       expect(screen.queryByText(mockReadNotification.title)).not.toBeIÔÇª
       |                                                                  ^
    188|     });
    189|   });
 ÔØ» runWithExpensiveErrorDiagnosticsDisabled node_modules/@testing-library/dom/dist/config.js:47:12
 ÔØ» checkCallback node_modules/@testing-library/dom/dist/wait-for.js:124:77
 ÔØ» Timeout.checkRealTimersCallback node_modules/@testing-library/dom/dist/wait-for.js:118:16

ÔÄ»ÔÄ»ÔÄ»ÔÄ»ÔÄ»ÔÄ»ÔÄ»ÔÄ»ÔÄ»ÔÄ»ÔÄ»ÔÄ»ÔÄ»ÔÄ»ÔÄ»ÔÄ»ÔÄ»ÔÄ»ÔÄ»ÔÄ»ÔÄ»ÔÄ»[31/46]ÔÄ»

 FAIL  src/pages/notifications/Notifications.test.tsx > Notifications Page > debe cambiar a la pesta├▒a de 
recordatorios
TestingLibraryElementError: Found multiple elements with the text: /recordatorios personalizados/i

Here are the matching elements:

Ignored nodes: comments, script, style
[36m<h2[39m
  [33mclass[39m=[32m"reminders-title"[39m
[36m>[39m
  [0mRecordatorios Personalizados[0m
[36m</h2>[39m

Ignored nodes: comments, script, style
[36m<p[39m
  [33mclass[39m=[32m"notifications-empty-text"[39m
[36m>[39m
  [0mCrea recordatorios personalizados para no olvidar eventos importantes[0m
[36m</p>[39m

(If this is intentional, then use the `*AllBy*` variant of the query (like `queryAllByText`, `getAllByText`, or 
`findAllByText`)).

Ignored nodes: comments, script, style
[36m<body>[39m
  [36m<div>[39m
    [36m<div[39m
      [33mclass[39m=[32m"notifications-page"[39m
    [36m>[39m
      [36m<div[39m
        [33mclass[39m=[32m"notifications-header"[39m
      [36m>[39m
        [36m<div[39m
          [33mclass[39m=[32m"notifications-header-left"[39m
        [36m>[39m
          [36m<svg[39m
            [33maria-hidden[39m=[32m"true"[39m
            [33mclass[39m=[32m"lucide lucide-bell w-8 h-8 text-blue-600"[39m
            [33mfill[39m=[32m"none"[39m
            [33mheight[39m=[32m"24"[39m
            [33mstroke[39m=[32m"currentColor"[39m
            [33mstroke-linecap[39m=[32m"round"[39m
            [33mstroke-linejoin[39m=[32m"round"[39m
            [33mstroke-width[39m=[32m"2"[39m
            [33mviewBox[39m=[32m"0 0 24 24"[39m
            [33mwidth[39m=[32m"24"[39m
            [33mxmlns[39m=[32m"http://www.w3.org/2000/svg"[39m
          [36m>[39m
            [36m<path[39m
              [33md[39m=[32m"M10.268 21a2 2 0 0 0 3.464 0"[39m
            [36m/>[39m
            [36m<path[39m
              [33md[39m=[32m"M3.262 15.326A1 1 0 0 0 4 17h16a1 1 0 0 0 .74-1.673C19.41 13.956 18 12.499 18 8A6 6 0 
0 0 6 8c0 4.499-1.411 5.956-2.738 7.326"[39m
            [36m/>[39m
          [36m</svg>[39m
          [36m<div>[39m
            [36m<h1[39m
              [33mclass[39m=[32m"notifications-title"[39m
            [36m>[39m
              [0mNotificaciones[0m
            [36m</h1>[39m
            [36m<p[39m
              [33mclass[39m=[32m"notifications-subtitle"[39m
            [36m>[39m
              [0mGestiona tus alertas, recordatorios y preferencias[0m
            [36m</p>[39m
          [36m</div>[39m
        [36m</div>[39m
        [36m<div[39m
          [33mclass[39m=[32m"notifications-stats"[39m
        [36m>[39m
          [36m<div[39m
            [33mclass[39m=[32m"stat-item"[39m
          [36m>[39m
            [36m<span[39m
              [33mclass[39m=[32m"stat-label"[39m
            [36m>[39m
              [0mTotal[0m
            [36m</span>[39m
            [36m<span[39m
              [33mclass[39m=[32m"stat-value"[39m
            [36m>[39m
              [0m0[0m
            [36m</span>[39m
          [36m</div>[39m
          [36m<div[39m
            [33mclass[39m=[32m"stat-item"[39m
          [36m>[39m
            [36m<span[39m
              [33mclass[39m=[32m"stat-label"[39m
            [36m>[39m
              [0mNo le├¡das[0m
            [36m</span>[39m
            [36m<span[39m
              [33mclass[39m=[32m"stat-value stat-value-unread"[39m
            [36m>[39m
              [0m0[0m
            [36m</span>[39m
          [36m</div>[39m
        [36m</div>[39m
      [36m</div>[39m
      [36m<div[39m
        [33mclass[39m=[32m"notifications-tabs"[39m
      [36m>[39m
        [36m<button[39m
          [33mclass[39m=[32m"tab-button "[39m
        [36m>[39m
          [36m<svg[39m
            [33maria-hidden[39m=[32m"true"[39m
            [33mclass[39m=[32m"lucide lucide-bell w-4 h-4"[39m
            [33mfill[39m=[32m"none"[39m
            [33mheight[39m=[32m"24"[39m
            [33mstroke[39m=[32m"currentColor"[39m
            [33mstroke-linecap[39m=[32m"round"[39m
            [33mstroke-linejoin[39m=[32m"round"[39m
            [33mstroke-width[39m=[32m"2"[39m
            [33mviewBox[39m=[32m"0 0 24 24"[39m
            [33mwidth[39m=[32m"24"[39m
            [33mxmlns[39m=[32m"http://www.w3.org/2000/svg"[39m
          [36m>[39m
            [36m<path[39m
              [33md[39m=[32m"M10.268 21a2 2 0 0 0 3.464 0"[39m
            [36m/>[39m
            [36m<path[39m
              [33md[39m=[32m"M3.262 15.326A1 1 0 0 0 4 17h16a1 1 0 0 0 .74-1.673C19.41 13.956 18 12.499 18 8A6 6 0 
0 0 6 8c0 4.499-1.411 5.956-2.738 7.326"[39m
            [36m/>[39m
          [36m</svg>[39m
          [0mNotificaciones[0m
        [36m</button>[39m
        [36m<button[39m
          [33mclass[39m=[32m"tab-button active"[39m
        [36m>[39m
          [36m<svg[39m
            [33maria-hidden[39m=[32m"true"[39m
            [33mclass[39m=[32m"lucide lucide-calendar w-4 h-4"[39m
            [33mfill[39m=[32m"none"[39m
            [33mheight[39m=[32m"24"[39m
            [33mstroke[39m=[32m"currentColor"[39m
            [33mstroke-linecap[39m=[32m"round"[39m
            [33mstroke-linejoin[39m=[32m"round"[39m
            [33mstroke-width[39m=[32m"2"[39m
            [33mviewBox[39m=[32m"0 0 24 24"[39m
            [33mwidth[39m=[32m"24"[39m
            [33mxmlns[39m=[32m"http://www.w3.org/2000/svg"[39m
          [36m>[39m
            [36m<path[39m
              [33md[39m=[32m"M8 2v4"[39m
            [36m/>[39m
            [36m<path[39m
              [33md[39m=[32m"M16 2v4"[39m
            [36m/>[39m
            [36m<rect[39m
              [33mheight[39m=[32m"18"[39m
              [33mrx[39m=[32m"2"[39m
              [33mwidth[39m=[32m"18"[39m
              [33mx[39m=[32m"3"[39m
              [33my[39m=[32m"4"[39m
            [36m/>[39m
            [36m<path[39m
              [33md[39m=[32m"M3 10h18"[39m
            [36m/>[39m
          [36m</svg>[39m
          [0mRecordatorios[0m
        [36m</button>[39m
        [36m<button[39m
          [33mclass[39m=[32m"tab-button "[39m
        [36m>[39m
          [36m<svg[39m
            [33maria-hidden[39m=[32m"true"[39m
            [33mclass[39m=[32m"lucide lucide-settings w-4 h-4"[39m
            [33mfill[39m=[32m"none"[39m
            [33mheight[39m=[32m"24"[39m
            [33mstroke[39m=[32m"currentColor"[39m
            [33mstroke-linecap[39m=[32m"round"[39m
            [33mstroke-linejoin[39m=[32m"round"[39m
            [33mstroke-width[39m=[32m"2"[39m
            [33mviewBox[39m=[32m"0 0 24 24"[39m
            [33mwidth[39m=[32m"24"[39m
            [33mxmlns[39m=[32m"http://www.w3.org/2000/svg"[39m
          [36m>[39m
            [36m<path[39m
              [33md[39m=[32m"M9.671 4.136a2.34 2.34 0 0 1 4.659 0 2.34 2.34 0 0 0 3.319 1.915 2.34 2.34 0 0 1 2.33 
4.033 2.34 2.34 0 0 0 0 3.831 2.34 2.34 0 0 1-2.33 4.033 2.34 2.34 0 0 0-3.319 1.915 2.34 2.34 0 0 1-4.659 0 2.34 2.34 
0 0 0-3.32-1.915 2.34 2.34 0 0 1-2.33-4.033 2.34 2.34 0 0 0 0-3.831A2.34 2.34 0 0 1 6.35 6.051a2.34 2.34 0 0 0 
3.319-1.915"[39m
            [36m/>[39m
            [36m<circle[39m
              [33mcx[39m=[32m"12"[39m
              [33mcy[39m=[32m"12"[39m
              [33mr[39m=[32m"3"[39m
            [36m/>[39m
          [36m</svg>[39m
          [0mPreferencias[0m
        [36m</button>[39m
      [36m</div>[39m
      [36m<div[39m
        [33mclass[39m=[32m"notifications-content"[39m
      [36m>[39m
        [36m<div[39m
          [33mclass[39m=[32m"reminders-header"[39m
        [36m>[39m
          [36m<h2[39m
            [33mclass[39m=[32m"reminders-title"[39m
          [36m>[39m
            [0mRecordatorios Personalizados[0m
          [36m</h2>[39m
          [36m<button[39m
            [33mclass[39m=[32m"action-button action-button-primary"[39m
          [36m>[39m
            [36m<svg[39m
              [33maria-hidden[39m=[32m"true"[39m
              [33mclass[39m=[32m"lucide lucide-plus w-4 h-4"[39m
              [33mfill[39m=[32m"none"[39m
              [33mheight[39m=[32m"24"[39m
              [33mstroke[39m=[32m"currentColor"[39m
              [33mstroke-linecap[39m=[32m"round"[39m
              [33mstroke-linejoin[39m=[32m"round"[39m
              [33mstroke-width[39m=[32m"2"[39m
              [33mviewBox[39m=[32m"0 0 24 24"[39m
              [33mwidth[39m=[32m"24"[39m
              [33mxmlns[39m=[32m"http://www.w3.org/2000/svg"[39m
            [36m>[39m
              [36m<path[39m
                [33md[39m=[32m"M5 12h14"[39m
              [36m/>[39m
              [36m<path[39m
                [33md[39m=[32m"M12 5v14"[39m
              [36m/>[39m
            [36m</svg>[39m
            [0mNuevo Recordatorio[0m
          [36m</button>[39m
        [36m</div>[39m
        [36m<div[39m
          [33mclass[39m=[32m"notifications-empty"[39m
        [36m>[39m
          [36m<svg[39m
            [33maria-hidden[39m=[32m"true"[39m
            [33mclass[39m=[32m"lucide lucide-calendar w-16 h-16 text-gray-300"[39m
            [33mfill[39m=[32m"none"[39m
            [33mheight[39m=[32m"24"[39m
            [33mstroke[39m=[32m"currentColor"[39m
            [33mstroke-linecap[39m=[32m"round"[39m
            [33mstroke-linejoin[39m=[32m"round"[39m
            [33mstroke-width[39m=[32m"2"[39m
            [33mviewBox[39m=[32m"0 0 24 24"[39m
            [33mwidth[39m=[32m"24"[39m
            [33mxmlns[39m=[32m"http://www.w3.org/2000/svg"[39m
          [36m>[39m
            [36m<path[39m
              [33md[39m=[32m"M8 2v4"[39m
            [36m/>[39m
            [36m<path[39m
              [33md[39m=[32m"M16 2v4"[39m
            [36m/>[39m
            [36m<rect[39m
              [33mheight[39m=[32m"18"[39m
              [33mrx[39m=[32m"2"[39m
              [33mwidth[39m=[32m"18"[39m
              [33mx[39m=[32m"3"[39m
              [33my[39m=[32m"4"[39m
            [36m/>[39m
            [36m<path[39m
              [33md[39m=[32m"M3 10h18"[39m
            [36m/>[39m
          [36m</svg>[39m
          [36m<p[39m
            [33mclass[39m=[32m"notifications-empty-title"[39m
          [36m>[39m
            [0mNo hay recordatorios[0m
          [36m</p>[39m
          [36m<p[39m
            [33mclass[39m=[32m"notifications-empty-text"[39m
          [36m>[39m
            [0mCrea recordatorios personalizados para no olvidar eventos importantes[0m
          [36m</p>[39m
          [36m<button[39m
            [33mclass[39m=[32m"action-button action-button-primary mt-4"[39m
          [36m>[39m
            [36m<svg[39m
              [33maria-hidden[39m=[32m"true"[39m
              [33mclass[39m=[32m"lucide lucide-plus w-4 h-4"[39m
              [33mfill[39m=[32m"none"[39m
              [33mheight[39m=[32m"24"[39m
              [33mstroke[39m=[32m"currentColor"[39m
              [33mstroke-linecap[39m=[32m"round"[39m
              [33mstroke-linejoin[39m=[32m"round"[39m
              [33mstroke-width[39m=[32m"2"[39m
              [33mviewBox[39m=[32m"0 0 24 24"[39m
              [33mwidth[39m=[32m"24"[39m
              [33mxmlns[39m=[32m"http://www.w3.org/2000/svg"[39m
            [36m>[39m
              [36m<path[39m
                [33md[39m=[32m"M5 12h14"[39m
              [36m/>[39m
              [36m<path[39m
                [33md[39m=[32m"M12 5v14"[39m
              [36m/>[39m
            [36m</svg>[39m
            [0mCrear Primer Recordatorio[0m
          [36m</button>[39m
        [36m</div>[39m
      [36m</div>[39m
    [36m</div>[39m
  [36m</div>[39m
[36m</body>[39m

Ignored nodes: comments, script, style
[36m<html>[39m
  [36m<head />[39m
  [36m<body>[39m
    [36m<div>[39m
      [36m<div[39m
        [33mclass[39m=[32m"notifications-page"[39m
      [36m>[39m
        [36m<div[39m
          [33mclass[39m=[32m"notifications-header"[39m
        [36m>[39m
          [36m<div[39m
            [33mclass[39m=[32m"notifications-header-left"[39m
          [36m>[39m
            [36m<svg[39m
              [33maria-hidden[39m=[32m"true"[39m
              [33mclass[39m=[32m"lucide lucide-bell w-8 h-8 text-blue-600"[39m
              [33mfill[39m=[32m"none"[39m
              [33mheight[39m=[32m"24"[39m
              [33mstroke[39m=[32m"currentColor"[39m
              [33mstroke-linecap[39m=[32m"round"[39m
              [33mstroke-linejoin[39m=[32m"round"[39m
              [33mstroke-width[39m=[32m"2"[39m
              [33mviewBox[39m=[32m"0 0 24 24"[39m
              [33mwidth[39m=[32m"24"[39m
              [33mxmlns[39m=[32m"http://www.w3.org/2000/svg"[39m
            [36m>[39m
              [36m<path[39m
                [33md[39m=[32m"M10.268 21a2 2 0 0 0 3.464 0"[39m
              [36m/>[39m
              [36m<path[39m
                [33md[39m=[32m"M3.262 15.326A1 1 0 0 0 4 17h16a1 1 0 0 0 .74-1.673C19.41 13.956 18 12.499 18 8A6 6 
0 0 0 6 8c0 4.499-1.411 5.956-2.738 7.326"[39m
              [36m/>[39m
            [36m</svg>[39m
            [36m<div>[39m
              [36m<h1[39m
                [33mclass[39m=[32m"notifications-title"[39m
              [36m>[39m
                [0mNotificaciones[0m
              [36m</h1>[39m
              [36m<p[39m
                [33mclass[39m=[32m"notifications-subtitle"[39m
              [36m>[39m
                [0mGestiona tus alertas, recordatorios y preferencias[0m
              [36m</p>[39m
            [36m</div>[39m
          [36m</div>[39m
          [36m<div[39m
            [33mclass[39m=[32m"notifications-stats"[39m
          [36m>[39m
            [36m<div[39m
              [33mclass[39m=[32m"stat-item"[39m
            [36m>[39m
              [36m<span[39m
                [33mclass[39m=[32m"stat-label"[39m
              [36m>[39m
                [0mTotal[0m
              [36m</span>[39m
              [36m<span[39m
                [33mclass[39m=[32m"stat-value"[39m
              [36m>[39m
                [0m0[0m
              [36m</span>[39m
            [36m</div>[39m
            [36m<div[39m
              [33mclass[39m=[32m"stat-item"[39m
            [36m>[39m
              [36m<span[39m
                [33mclass[39m=[32m"stat-label"[39m
              [36m>[39m
                [0mNo le├¡das[0m
              [36m</span>[39m
              [36m<span[39m
                [33mclass[39m=[32m"stat-value stat-value-unread"[39m
              [36m>[39m
                [0m0[0m
              [36m</span>[39m
            [36m</div>[39m
          [36m</div>[39m
        [36m</div>[39m
        [36m<div[39m
          [33mclass[39m=[32m"notifications-tabs"[39m
        [36m>[39m
          [36m<button[39m
            [33mclass[39m=[32m"tab-button "[39m
          [36m>[39m
            [36m<svg[39m
              [33maria-hidden[39m=[32m"true"[39m
              [33mclass[39m=[32m"lucide lucide-bell w-4 h-4"[39m
              [33mfill[39m=[32m"none"[39m
              [33mheight[39m=[32m"24"[39m
              [33mstroke[39m=[32m"currentColor"[39m
              [33mstroke-linecap[39m=[32m"round"[39m
              [33mstroke-linejoin[39m=[32m"round"[39m
              [33mstroke-width[39m=[32m"2"[39m
              [33mviewBox[39m=[32m"0 0 24 24"[39m
              [33mwidth[39m=[32m"24"[39m
              [33mxmlns[39m=[32m"http://www.w3.org/2000/svg"[39m
            [36m>[39m
              [36m<path[39m
                [33md[39m=[32m"M10.268 21a2 2 0 0 0 3.464 0"[39m
              [36m/>[39m
              [36m<path[39m
                [33md[39m=[32m"M3.262 15.326A1 1 0 0 0 4 17h16a1 1 0 0 0 .74-1.673C19.41 13.956 18 12.499 18 8A6 6 
0 0 0 6 8c0 4.499-1.411 5.956-2.738 7.326"[39m
              [36m/>[39m
            [36m</svg>[39m
            [0mNotificaciones[0m
          [36m</button>[39m
          [36m<button[39m
            [33mclass[39m=[32m"tab-button active"[39m
          [36m>[39m
            [36m<svg[39m
              [33maria-hidden[39m=[32m"true"[39m
              [33mclass[39m=[32m"lucide lucide-calendar w-4 h-4"[39m
              [33mfill[39m=[32m"none"[39m
              [33mheight[39m=[32m"24"[39m
              [33mstroke[39m=[32m"currentColor"[39m
              [33mstroke-linecap[39m=[32m"round"[39m
              [33mstroke-linejoin[39m=[32m"round"[39m
              [33mstroke-width[39m=[32m"2"[39m
              [33mviewBox[39m=[32m"0 0 24 24"[39m
              [33mwidth[39m=[32m"24"[39m
              [33mxmlns[39m=[32m"http://www.w3.org/2000/svg"[39m
            [36m>[39m
              [36m<path[39m
                [33md[39m=[32m"M8 2v4"[39m
              [36m/>[39m
              [36m<path[39m
                [33md[39m=[32m"M16 2v4"[39m
              [36m/>[39m
              [36m<rect[39m
                [33mheight[39m=[32m"18"[39m
                [33mrx[39m=[32m"2"[39m
                [33mwidth[39m=[32m"18"[39m
                [33mx[39m=[32m"3"[39m
                [33my[39m=[32m"4"[39m
              [36m/>[39m
              [36m<path[39m
                [33md[39m=[32m"M3 10h18"[39m
              [36m/>[39m
            [36m</svg>[39m
            [0mRecordatorios[0m
          [36m</button>[39m
          [36m<button[39m
            [33mclass[39m=[32m"tab-button "[39m
          [36m>[39m
            [36m<svg[39m
              [33maria-hidden[39m=[32m"true"[39m
              [33mclass[39m=[32m"lucide lucide-settings w-4 h-4"[39m
              [33mfill[39m=[32m"none"[39m
              [33mheight[39m=[32m"24"[39m
              [33mstroke[39m=[32m"currentColor"[39m
              [33mstroke-linecap[39m=[32m"round"[39m
              [33mstroke-linejoin[39m=[32m"round"[39m
              [33mstroke-width[39m=[32m"2"[39m
              [33mviewBox[39m=[32m"0 0 24 24"[39m
              [33mwidth[39m=[32m"24"[39m
              [33mxmlns[39m=[32m"http://www.w3.org/2000/svg"[39m
            [36m>[39m
              [36m<path[39m
                [33md[39m=[32m"M9.671 4.136a2.34 2.34 0 0 1 4.659 0 2.34 2.34 0 0 0 3.319 1.915 2.34 2.34 0 0 1 
2.33 4.033 2.34 2.34 0 0 0 0 3.831 2.34 2.34 0 0 1-2.33 4.033 2.34 2.34 0 0 0-3.319 1.915 2.34 2.34 0 0 1-4.659 0 2.34 
2.34 0 0 0-3.32-1.915 2.34 2.34 0 0 1-2.33-4.033 2.34 2.34 0 0 0 0-3.831A2.34 2.34 0 0 1 6.35 6.051a2.34 2.34 0 0 0 
3.319-1.915"[39m
              [36m/>[39m
   ...
 ÔØ» Module.waitForWrapper node_modules/@testing-library/dom/dist/wait-for.js:163:27
 ÔØ» src/pages/notifications/Notifications.test.tsx:264:11
    262|     await user.click(remindersTab);
    263| 
    264|     await waitFor(() => {
       |           ^
    265|       expect(screen.getByText(/recordatorios personalizados/i)).toBeInÔÇª
    266|     });

ÔÄ»ÔÄ»ÔÄ»ÔÄ»ÔÄ»ÔÄ»ÔÄ»ÔÄ»ÔÄ»ÔÄ»ÔÄ»ÔÄ»ÔÄ»ÔÄ»ÔÄ»ÔÄ»ÔÄ»ÔÄ»ÔÄ»ÔÄ»ÔÄ»ÔÄ»[32/46]ÔÄ»

 FAIL  src/pages/notifications/Notifications.test.tsx > Notifications Page > debe abrir modal para crear recordatorio
TestingLibraryElementError: Found multiple elements with the text: /nuevo recordatorio/i

Here are the matching elements:

Ignored nodes: comments, script, style
[36m<button[39m
  [33mclass[39m=[32m"action-button action-button-primary"[39m
[36m>[39m
  [36m<svg[39m
    [33maria-hidden[39m=[32m"true"[39m
    [33mclass[39m=[32m"lucide lucide-plus w-4 h-4"[39m
    [33mfill[39m=[32m"none"[39m
    [33mheight[39m=[32m"24"[39m
    [33mstroke[39m=[32m"currentColor"[39m
    [33mstroke-linecap[39m=[32m"round"[39m
    [33mstroke-linejoin[39m=[32m"round"[39m
    [33mstroke-width[39m=[32m"2"[39m
    [33mviewBox[39m=[32m"0 0 24 24"[39m
    [33mwidth[39m=[32m"24"[39m
    [33mxmlns[39m=[32m"http://www.w3.org/2000/svg"[39m
  [36m>[39m
    [36m<path[39m
      [33md[39m=[32m"M5 12h14"[39m
    [36m/>[39m
    [36m<path[39m
      [33md[39m=[32m"M12 5v14"[39m
    [36m/>[39m
  [36m</svg>[39m
  [0mNuevo Recordatorio[0m
[36m</button>[39m

Ignored nodes: comments, script, style
[36m<h2[39m
  [33mclass[39m=[32m"modal-title"[39m
[36m>[39m
  [0mNuevo Recordatorio[0m
[36m</h2>[39m

(If this is intentional, then use the `*AllBy*` variant of the query (like `queryAllByText`, `getAllByText`, or 
`findAllByText`)).

Ignored nodes: comments, script, style
[36m<body>[39m
  [36m<div>[39m
    [36m<div[39m
      [33mclass[39m=[32m"notifications-page"[39m
    [36m>[39m
      [36m<div[39m
        [33mclass[39m=[32m"notifications-header"[39m
      [36m>[39m
        [36m<div[39m
          [33mclass[39m=[32m"notifications-header-left"[39m
        [36m>[39m
          [36m<svg[39m
            [33maria-hidden[39m=[32m"true"[39m
            [33mclass[39m=[32m"lucide lucide-bell w-8 h-8 text-blue-600"[39m
            [33mfill[39m=[32m"none"[39m
            [33mheight[39m=[32m"24"[39m
            [33mstroke[39m=[32m"currentColor"[39m
            [33mstroke-linecap[39m=[32m"round"[39m
            [33mstroke-linejoin[39m=[32m"round"[39m
            [33mstroke-width[39m=[32m"2"[39m
            [33mviewBox[39m=[32m"0 0 24 24"[39m
            [33mwidth[39m=[32m"24"[39m
            [33mxmlns[39m=[32m"http://www.w3.org/2000/svg"[39m
          [36m>[39m
            [36m<path[39m
              [33md[39m=[32m"M10.268 21a2 2 0 0 0 3.464 0"[39m
            [36m/>[39m
            [36m<path[39m
              [33md[39m=[32m"M3.262 15.326A1 1 0 0 0 4 17h16a1 1 0 0 0 .74-1.673C19.41 13.956 18 12.499 18 8A6 6 0 
0 0 6 8c0 4.499-1.411 5.956-2.738 7.326"[39m
            [36m/>[39m
          [36m</svg>[39m
          [36m<div>[39m
            [36m<h1[39m
              [33mclass[39m=[32m"notifications-title"[39m
            [36m>[39m
              [0mNotificaciones[0m
            [36m</h1>[39m
            [36m<p[39m
              [33mclass[39m=[32m"notifications-subtitle"[39m
            [36m>[39m
              [0mGestiona tus alertas, recordatorios y preferencias[0m
            [36m</p>[39m
          [36m</div>[39m
        [36m</div>[39m
        [36m<div[39m
          [33mclass[39m=[32m"notifications-stats"[39m
        [36m>[39m
          [36m<div[39m
            [33mclass[39m=[32m"stat-item"[39m
          [36m>[39m
            [36m<span[39m
              [33mclass[39m=[32m"stat-label"[39m
            [36m>[39m
              [0mTotal[0m
            [36m</span>[39m
            [36m<span[39m
              [33mclass[39m=[32m"stat-value"[39m
            [36m>[39m
              [0m0[0m
            [36m</span>[39m
          [36m</div>[39m
          [36m<div[39m
            [33mclass[39m=[32m"stat-item"[39m
          [36m>[39m
            [36m<span[39m
              [33mclass[39m=[32m"stat-label"[39m
            [36m>[39m
              [0mNo le├¡das[0m
            [36m</span>[39m
            [36m<span[39m
              [33mclass[39m=[32m"stat-value stat-value-unread"[39m
            [36m>[39m
              [0m0[0m
            [36m</span>[39m
          [36m</div>[39m
        [36m</div>[39m
      [36m</div>[39m
      [36m<div[39m
        [33mclass[39m=[32m"notifications-tabs"[39m
      [36m>[39m
        [36m<button[39m
          [33mclass[39m=[32m"tab-button "[39m
        [36m>[39m
          [36m<svg[39m
            [33maria-hidden[39m=[32m"true"[39m
            [33mclass[39m=[32m"lucide lucide-bell w-4 h-4"[39m
            [33mfill[39m=[32m"none"[39m
            [33mheight[39m=[32m"24"[39m
            [33mstroke[39m=[32m"currentColor"[39m
            [33mstroke-linecap[39m=[32m"round"[39m
            [33mstroke-linejoin[39m=[32m"round"[39m
            [33mstroke-width[39m=[32m"2"[39m
            [33mviewBox[39m=[32m"0 0 24 24"[39m
            [33mwidth[39m=[32m"24"[39m
            [33mxmlns[39m=[32m"http://www.w3.org/2000/svg"[39m
          [36m>[39m
            [36m<path[39m
              [33md[39m=[32m"M10.268 21a2 2 0 0 0 3.464 0"[39m
            [36m/>[39m
            [36m<path[39m
              [33md[39m=[32m"M3.262 15.326A1 1 0 0 0 4 17h16a1 1 0 0 0 .74-1.673C19.41 13.956 18 12.499 18 8A6 6 0 
0 0 6 8c0 4.499-1.411 5.956-2.738 7.326"[39m
            [36m/>[39m
          [36m</svg>[39m
          [0mNotificaciones[0m
        [36m</button>[39m
        [36m<button[39m
          [33mclass[39m=[32m"tab-button active"[39m
        [36m>[39m
          [36m<svg[39m
            [33maria-hidden[39m=[32m"true"[39m
            [33mclass[39m=[32m"lucide lucide-calendar w-4 h-4"[39m
            [33mfill[39m=[32m"none"[39m
            [33mheight[39m=[32m"24"[39m
            [33mstroke[39m=[32m"currentColor"[39m
            [33mstroke-linecap[39m=[32m"round"[39m
            [33mstroke-linejoin[39m=[32m"round"[39m
            [33mstroke-width[39m=[32m"2"[39m
            [33mviewBox[39m=[32m"0 0 24 24"[39m
            [33mwidth[39m=[32m"24"[39m
            [33mxmlns[39m=[32m"http://www.w3.org/2000/svg"[39m
          [36m>[39m
            [36m<path[39m
              [33md[39m=[32m"M8 2v4"[39m
            [36m/>[39m
            [36m<path[39m
              [33md[39m=[32m"M16 2v4"[39m
            [36m/>[39m
            [36m<rect[39m
              [33mheight[39m=[32m"18"[39m
              [33mrx[39m=[32m"2"[39m
              [33mwidth[39m=[32m"18"[39m
              [33mx[39m=[32m"3"[39m
              [33my[39m=[32m"4"[39m
            [36m/>[39m
            [36m<path[39m
              [33md[39m=[32m"M3 10h18"[39m
            [36m/>[39m
          [36m</svg>[39m
          [0mRecordatorios[0m
        [36m</button>[39m
        [36m<button[39m
          [33mclass[39m=[32m"tab-button "[39m
        [36m>[39m
          [36m<svg[39m
            [33maria-hidden[39m=[32m"true"[39m
            [33mclass[39m=[32m"lucide lucide-settings w-4 h-4"[39m
            [33mfill[39m=[32m"none"[39m
            [33mheight[39m=[32m"24"[39m
            [33mstroke[39m=[32m"currentColor"[39m
            [33mstroke-linecap[39m=[32m"round"[39m
            [33mstroke-linejoin[39m=[32m"round"[39m
            [33mstroke-width[39m=[32m"2"[39m
            [33mviewBox[39m=[32m"0 0 24 24"[39m
            [33mwidth[39m=[32m"24"[39m
            [33mxmlns[39m=[32m"http://www.w3.org/2000/svg"[39m
          [36m>[39m
            [36m<path[39m
              [33md[39m=[32m"M9.671 4.136a2.34 2.34 0 0 1 4.659 0 2.34 2.34 0 0 0 3.319 1.915 2.34 2.34 0 0 1 2.33 
4.033 2.34 2.34 0 0 0 0 3.831 2.34 2.34 0 0 1-2.33 4.033 2.34 2.34 0 0 0-3.319 1.915 2.34 2.34 0 0 1-4.659 0 2.34 2.34 
0 0 0-3.32-1.915 2.34 2.34 0 0 1-2.33-4.033 2.34 2.34 0 0 0 0-3.831A2.34 2.34 0 0 1 6.35 6.051a2.34 2.34 0 0 0 
3.319-1.915"[39m
            [36m/>[39m
            [36m<circle[39m
              [33mcx[39m=[32m"12"[39m
              [33mcy[39m=[32m"12"[39m
              [33mr[39m=[32m"3"[39m
            [36m/>[39m
          [36m</svg>[39m
          [0mPreferencias[0m
        [36m</button>[39m
      [36m</div>[39m
      [36m<div[39m
        [33mclass[39m=[32m"notifications-content"[39m
      [36m>[39m
        [36m<div[39m
          [33mclass[39m=[32m"reminders-header"[39m
        [36m>[39m
          [36m<h2[39m
            [33mclass[39m=[32m"reminders-title"[39m
          [36m>[39m
            [0mRecordatorios Personalizados[0m
          [36m</h2>[39m
          [36m<button[39m
            [33mclass[39m=[32m"action-button action-button-primary"[39m
          [36m>[39m
            [36m<svg[39m
              [33maria-hidden[39m=[32m"true"[39m
              [33mclass[39m=[32m"lucide lucide-plus w-4 h-4"[39m
              [33mfill[39m=[32m"none"[39m
              [33mheight[39m=[32m"24"[39m
              [33mstroke[39m=[32m"currentColor"[39m
              [33mstroke-linecap[39m=[32m"round"[39m
              [33mstroke-linejoin[39m=[32m"round"[39m
              [33mstroke-width[39m=[32m"2"[39m
              [33mviewBox[39m=[32m"0 0 24 24"[39m
              [33mwidth[39m=[32m"24"[39m
              [33mxmlns[39m=[32m"http://www.w3.org/2000/svg"[39m
            [36m>[39m
              [36m<path[39m
                [33md[39m=[32m"M5 12h14"[39m
              [36m/>[39m
              [36m<path[39m
                [33md[39m=[32m"M12 5v14"[39m
              [36m/>[39m
            [36m</svg>[39m
            [0mNuevo Recordatorio[0m
          [36m</button>[39m
        [36m</div>[39m
        [36m<div[39m
          [33mclass[39m=[32m"notifications-empty"[39m
        [36m>[39m
          [36m<svg[39m
            [33maria-hidden[39m=[32m"true"[39m
            [33mclass[39m=[32m"lucide lucide-calendar w-16 h-16 text-gray-300"[39m
            [33mfill[39m=[32m"none"[39m
            [33mheight[39m=[32m"24"[39m
            [33mstroke[39m=[32m"currentColor"[39m
            [33mstroke-linecap[39m=[32m"round"[39m
            [33mstroke-linejoin[39m=[32m"round"[39m
            [33mstroke-width[39m=[32m"2"[39m
            [33mviewBox[39m=[32m"0 0 24 24"[39m
            [33mwidth[39m=[32m"24"[39m
            [33mxmlns[39m=[32m"http://www.w3.org/2000/svg"[39m
          [36m>[39m
            [36m<path[39m
              [33md[39m=[32m"M8 2v4"[39m
            [36m/>[39m
            [36m<path[39m
              [33md[39m=[32m"M16 2v4"[39m
            [36m/>[39m
            [36m<rect[39m
              [33mheight[39m=[32m"18"[39m
              [33mrx[39m=[32m"2"[39m
              [33mwidth[39m=[32m"18"[39m
              [33mx[39m=[32m"3"[39m
              [33my[39m=[32m"4"[39m
            [36m/>[39m
            [36m<path[39m
              [33md[39m=[32m"M3 10h18"[39m
            [36m/>[39m
          [36m</svg>[39m
          [36m<p[39m
            [33mclass[39m=[32m"notifications-empty-title"[39m
          [36m>[39m
            [0mNo hay recordatorios[0m
          [36m</p>[39m
          [36m<p[39m
            [33mclass[39m=[32m"notifications-empty-text"[39m
          [36m>[39m
            [0mCrea recordatorios personalizados para no olvidar eventos importantes[0m
          [36m</p>[39m
          [36m<button[39m
            [33mclass[39m=[32m"action-button action-button-primary mt-4"[39m
          [36m>[39m
            [36m<svg[39m
              [33maria-hidden[39m=[32m"true"[39m
              [33mclass[39m=[32m"lucide lucide-plus w-4 h-4"[39m
              [33mfill[39m=[32m"none"[39m
              [33mheight[39m=[32m"24"[39m
              [33mstroke[39m=[32m"currentColor"[39m
              [33mstroke-linecap[39m=[32m"round"[39m
              [33mstroke-linejoin[39m=[32m"round"[39m
              [33mstroke-width[39m=[32m"2"[39m
              [33mviewBox[39m=[32m"0 0 24 24"[39m
              [33mwidth[39m=[32m"24"[39m
              [33mxmlns[39m=[32m"http://www.w3.org/2000/svg"[39m
            [36m>[39m
              [36m<path[39m
                [33md[39m=[32m"M5 12h14"[39m
              [36m/>[39m
              [36m<path[39m
                [33md[39m=[32m"M12 5v14"[39m
              [36m/>[39m
            [36m</svg>[39m
            [0mCrear Primer Recordatorio[0m
          [36m</button>[39m
        [36m</div>[39m
      [36m</div>[39m
      [36m<div[39m
        [33mclass[39m=[32m"modal-overlay"[39m
      [36m>[39m
        [36m<div[39m
          [33mclass[39m=[32m"modal-content"[39m
        [36m>[39m
          [36m<div[39m
            [33mclass[39m=[32m"modal-header"[39m
          [36m>[39m
            [36m<h2[39m
              [33mclass[39m=[32m"modal-title"[39m
            [36m>[39m
              [0mNuevo Recordatorio[0m
            [36m</h2>[39m
            [36m<button[39m
              [33maria-label[39m=[32m"Cerrar"[39m
              [33mclass[39m=[32m"modal-close-btn"[39m
            [36m>[39m
              [36m<svg[39m
                [33maria-hidden[39m=[32m"true"[39m
                [33mclass[39m=[32m"lucide lucide-x w-5 h-5"[39m
                [33mfill[39m=[32m"none"[39m
                [33mheight[39m=[32m"24"[39m
                [33mstroke[39m=[32m"currentColor"[39m
                [33mstroke-linecap[39m=[32m"round"[39m
                [33mstroke-linejoin[39m=[32m"round"[39m
                [33mstroke-width[39m=[32m"2"[39m
                [33mviewBox[39m=[32m"0 0 24 24"[39m
                [33mwidth[39m=[32m"24"[39m
                [33mxmlns[39m=[32m"http://www.w3.org/2000/svg"[39m
              [36m>[39m
                [36m<path[39m
                  [33md[39m=[32m"M18 6 6 18"[39m
                [36m/>[39m
                [36m<path[39m
                  [33md[39m=[32m"m6 6 12 12"[39m
                [36m/>[39m
              [36m</svg>[39m
            [36m</button>[39m
          [36m</div>[39m
          [36m<form[39m
            [33mclass[39m=[32m"reminder-form"[39m
          [36m>[39m
            [36m<div[39m
              [33mclass[39m=[32m"form-group"[39m
            [36m>[39m
              [36m<label[39m
                [33mclass[39m=[32m"form-label"[39m
                [33mfor[39m=[32m"title"[39m
              [36m>[39m
                [0mT├¡tulo *[0m
              [36m</label>[39m
              [36m<input[39m
                [33mclass[39m=[32m"form-input"[39m
                [33mid[39m=[32m"title"[39m
                [33mmaxlength[39m=[32m"200"[39m
                [33mplaceholder[39m=[32m"Ej: Reuni├│n con contador"[39m
                [33mrequired[39m=[32m""[39m
                [33mtype[39m=[32m"text"[39m
                [33mvalue[39m=[32m""[39m
              [36m/>[39m
            [36m</div>[39m
            [36m<div[39m
              [33mclass[39m=[32m"form-group"[39m
            [36m>[39m
              [36m<label[39m
                [33mclass[39m=[32m"form-label"[39m
                [33mfor[39m=[32m"message"[39m
              [36m>[39m
                [0mMensaje *[0m
              [36m</label>[39m
              [36m<textarea[39m
                [33mclass[39m=[32m"form-textarea"[39m
                [33mid[39m=[32m"message"[39m
                [33mplaceholder[39m=[32m"Ej: Llevar documentos del mes"[39m
                [33mrequired[39m=[32m""[39m
                [33mrows[39m=[32m"4"[39m
              [36m/>[39m
            [36m</div>[39m
            [36m<div[39m
              [33mclass[39m=[32m"form-row"[39m
            [36m>[39m
              [36m<div[39m
                [33mclass[39m=[32m"form-group"[39m
              [36m>[39m
                [36m<label[39m
                  [33mclass[39m=[32m"form-label"[39m
                  [33mfor[39m=[32m"reminder_date"[39m
                [36m>[39m
                  [36m<svg[39m
                    [33maria-hidden[39m=[32m"true"[39m
                    [33mclass[39m=[32m"lucide lucide-calendar w-4 h-4 inline mr-1"[39m
                    [33mfill[39m=[32m"none"[39m
                    [33mheight[39m=[32m"24"[39m
                    [33mstroke[39m=[32m"currentColor"[39m
                    [33mstroke-linecap[39m=[32m"round"[39m
                    [33mstroke-linejoin[39m=[32m"round"[39m
                    [33mstroke-width[39m=[32m"2"[39m
                    [33mviewBox[39m=[32m"0 0 24 24"[39m
                    [33mwidth[39m=[32m"24"[39m
                    [33mxmlns[39m=[32m"http://www.w3.org/2000/svg"[39m
                  [36m>[39m
                    [36m<path[39m
                      [33md[39m=[32m"M8 2v4"[39m
                    [36m/>[39m
                    [36m<path[39m
                      [33md[39m=[32m"M16 2v4"[39m
                    [36m/>[39m
                    [36m<rect[39m
                      [33mheight[39m=[32m"18"[39m
                      [33mrx[39m=[32m"2"[39m
                      [33mwidth[39m=[32m"18"[39m
                      [33mx[39m=[32m"3"[39m
                      [33my[39m=[32m"4"[39m
                    [36m/>[39m
                    [36m<path[39m
                      [33md[39m=[32m"M3 10h18"[39m
                    [36m/>[39m
                  [36m</svg>[39m
                  [0mFecha *[0m
                [36m</label>[39m
                [36m<input[39m
                  [33mclass[39m=[32m"form-input"[39m
                  [33mid[39m=[32m"reminder_date"[39m
                  [33mmin[39m=[32m"2025-12-11"[39m
                  [33mrequired[39m=[32m""[39m
                  [33mtype[39m=[32m"date"[39m
                  [33mvalue[39m=[32m"2025-12-11"[39m
                [36m/>[39m
              [36m</div>[39m
              [36m<div[39m
                [33mclass[39m=[32m"form-group"[39m
              [36m>[39m
                [36m<label[39m
                  [33mclass[39m=[32m"form-label"[39m
                  [33mfor[39m=[32m"reminder_time"[39m
                [36m>[39m
                  [36m<svg[39m
                    [33maria-hidden[39m=[32m"true"[39m
                    [33mclass[39m=[32m"lucide lucide-clock w-4 h-4 inline mr-1"[39m
                    [33mfill[39m=[32m"none"[39m
                    [33mheight[39m=[32m"24"[39m
                    [33mstroke[39m=[32m"currentColor"[39m
                    [33mstroke-linecap[39m=[32m"round"[39m
                    [33mstroke-linejoin[39m=[32m"round"[39m
                    [33mstroke-width[39m=[32m"2"[39m
                    [33mviewBox[39m=[32m"0 0 24 24"[39m
                    [33mwidth[39m=[32m"24"[39m
                    [33mxmlns[39m=[32m"http://www.w3.org/2000/svg"[39m
                  [36m>[39m
                    [36m<path[39m
                      [33md[39m=[32m"M12 6v6l4 2"[39m
                    [36m/>[39m
                    [36m<circle[39m
                      [33mcx[39m=[32m"12"[39m
                      [33mcy[39m=[32m"12"[39m
                      [33mr[39m=[32m"10"[39m
                    [36m/>[39m
                  [36m</svg>[39m
                  [0mHora *[0m
                [36m</label>[39m
                [36m<input[39m
                  [33mclass[39m=[32m"form-input"[39m
                  [33mid[39m=[32m"reminder_time"[39m
                  [33mrequired[39m=[32m""[39m
                  [33mtype[39m=[32m"time"[39m
                  [33mvalue[39m=[32m"09:00"[39m
                [36m/>[39m
              [36m</div>[39m
            [36m</div>[39m
            [36m<div[39m
              [33mclass[39m=[32m"modal-actions"[39m
            [36m>[39m
              [36m<button[39m
                [33mclass[39m=[32m"modal-btn modal-btn-secondary"[39m
                [33mtype[39m=[32m"button"[39m
              [36m>[39m
                [0mCancelar[0m
              [36m</button>[39m
              [36m<button[39m
                [33mclass[39m=[32m"modal-btn modal-btn-primary"[39m
                [33mtype[39m=[32m"submit"[39m
              [36m>[39m
                [0mGuardar[0m
              [36m</button>[39m
            [36m</div>[39m
          [36m</form>[39m
        [36m</div>[39m
      [36m</div>[39m
    [36m</div>[39m
  [36m</div>[39m
[36m</body>[39m

Ignored nodes: comments, script, style
[36m<html>[39m
  [36m<head />[39m
  [36m<body>[39m
    [36m<div>[39m
      [36m<div[39m
        [33mclass[39m=[32m"notifications-page"[39m
      [36m>[39m
        [36m<div[39m
          [33mclass[39m=[32m"notifications-header"[39m
        [36m>[39m
          [36m<div[39m
            [33mclass[39m=[32m"notifications-header-left"[39m
          [36m>[39m
            [36m<svg[39m
              [33maria-hidden[39m=[32m"true"[39m
              [33mclass[39m=[32m"lucide lucide-bell w-8 h-8 text-blue-600"[39m
              [33mfill[39m=[32m"none"[39m
              [33mheight[39m=[32m"24"[39m
              [33mstroke[39m=[32m"currentColor"[39m
              [33mstroke-linecap[39m=[32m"round"[39m
              [33mstroke-linejoin[39m=[32m"round"[39m
              [33mstroke-width[39m=[32m"2"[39m
              [33mviewBox[39m=[32m"0 0 24 24"[39m
              [33mwidth[39m=[32m"24"[39m
              [33mxmlns[39m=[32m"http://www.w3.org/2000/svg"[39m
            [36m>[39m
              [36m<path[39m
                [33md[39m=[32m"M10.268 21a2 2 0 0 0 3.464 0"[39m
              [36m/>[39m
              [36m<path[39m
                [33md[39m=[32m"M3.262 15.326A1 1 0 0 0 4 17h16a1 1 0 0 0 .74-1.673C19.41 13.956 18 12.499 18 8A6 6 
0 0 0 6 8c0 4.499-1.411 5.956-2.738 7.326"[39m
              [36m/>[39m
            [36m</svg>[39m
            [36m<div>[39m
              [36m<h1[39m
                [33mclass[39m=[32m"notifications-title"[39m
              [36m>[39m
                [0mNotificaciones[0m
              [36m</h1>[39m
              [36m<p[39m
                [33mclass[39m=[32m"notifications-subtitle"[39m
              [36m>[39m
                [0mGestiona tus alertas, recordatorios y preferencias[0m
              [36m</p>[39m
            [36m</div>[39m
          [36m</div>[39m
          [36m<div[39m
            [33mclass[39m=[32m"notifications-stats"[39m
          [36m>[39m
            [36m<div[39m
              [33mclass[39m=[32m"stat-item"[39m
            [36m>[39m
              [36m<span[39m
                [33mclass[39m=[32m"stat-label"[39m
              [36m>[39m
                [0mTotal[0m
              [36m</span>[39m
              [36m<span[39m
                [33mclass[39m=[32m"stat-value"[39m
              [36m>[39m
                [0m0[0m
              [36m</span>[39m
            [36m</div>[39m
            [36m<div[39m
              [33mclass[39m=[32m"stat-item"[39m
            [36m>[39m
              [36m<span[39m
                [33mclass[39m=[32m"stat-label"[39m
              [36m>[39m
                [0mNo le├¡das[0m
              [36m</span>[39m
              [36m<span[39m
                [33mclass[39m=[32m"stat-value stat-value-unread"[39m
              [36m>[39m
                [0m0[0m
              [36m</span>[39m
            [36m</div>[39m
          [36m</div>[39m
        [36m</div>[39m
        [36m<div[39m
          [33mclass[39m=[32m"notifications-tabs"[39m
        [36m>[39m
          [36m<button[39m
            [33mclass[39m=[32m"tab-button "[39m
          [36m>[39m
            [36m<svg[39m
              [33maria-hidden[39m=[32m"true"[39m
              [33mclass[39m=[32m"lucide lucide-bell w-4 h-4"[39m
              [33mfill[39m=[32m"none"[39m
              [33mheight[39m=[32m"24"[39m
              [33mstroke[39m=[32m"currentColor"[39m
              [33mstroke-linecap[39m=[32m"round"[39m
              [33mstroke-linejoin[39m=[32m"round"[39m
              [33mstroke-width[39m=[32m"2"[39m
              [33mviewBox[39m=[32m"0 0 24 24"[39m
              [33mwidth[39m=[32m"24"[39m
              [33mxmlns[39m=[32m"http://www.w3.org/2000/svg"[39m
            [36m>[39m
              [36m<path[39m
                [33md[39m=[32m"M10.268 21a2 2 0 0 0 3.464 0"[39m
              [36m/>[39m
              [36m<path[39m
                [33md[39m=[32m"M3.262 15.326A1 1 0 0 0 4 17h16a1 1 0 0 0 .74-1.673C19.41 13.956 18 12.499 18 8A6 6 
0 0 0 6 8c0 4.499-1.411 5.956-2.738 7.326"[39m
              [36m/>[39m
            [36m</svg>[39m
            [0mNotificaciones[0m
          [36m</button>[39m
          [36m<button[39m
            [33mclass[39m=[32m"tab-button active"[39m
          [36m>[39m
            [36m<svg[39m
              [33maria-hidden[39m=[32m"true"[39m
              [33mclass[39m=[32m"lucide lucide-calendar w-4 h-4"[39m
              [33mfill[39m=[32m"none"[39m
              [33mheight[39m=[32m"24"[39m
              [33mstroke[39m=[32m"currentColor"[39m
              [33mstroke-linecap[39m=[32m"round"[39m
              [33mstroke-linejoin[39m=[32m"round"[39m
              [33mstroke-width[39m=[32m"2"[39m
              [33mviewBox[39m=[32m"0 0 24 24"[39m
              [33mwidth[39m=[32m"24"[39m
              [33mxmlns[39m=[32m"http://www.w3.org/2000/svg"[39m
            [36m>[39m
              [36m<path[39m
                [33md[39m=[32m"M8 2v4"[39m
              [36m/>[39m
              [36m<path[39m
                [33md[39m=[32m"M16 2v4"[39m
              [36m/>[39m
              [36m<rect[39m
                [33mheight[39m=[32m"18"[39m
                [33mrx[39m=[32m"2"[39m
                [33mwidth[39m=[32m"18"[39m
                [33mx[39m=[32m"3"[39m
                [33my[39m=[32m"4"[39m
              [36m/>[39m
              [36m<path[39m
                [33md[39m=[32m"M3 10h18"[39m
              [36m/>[39m
            [36m</svg>[39m
            [0mRecordatorios[0m
          [36m</button>[39m
          [36m<button[39m
            [33mclass[39m=[32m"tab-button "[39m
          [36m>[39m
            [36m<svg[39m
              [33maria-hidden[39m=[32m"true"[39m
              [33mclass[39m=[32m"lucide lucide-settings w-4 h-4"[39m
              [33mfill[39m=[32m"none"[39m
              [33mheight[39m=[32m"24"[39m
              [33mstroke[39m=[32m"currentColor"[39m
              [33mstroke-linecap[39m=[32m"round"[39m
              [33mstroke-linejoin[39m=[32m"round"[39m
              [33mstroke-width[39m=[32m"2"[39m
              [33mviewBox[39m=[32m"0 0 24 24"[39m
              [33mwidth[39m=[32m"24"[39m
              [33mxmlns[39m=[32m"http://www.w3.org/2000/svg"[39m
            [36m>[39m
              [36m<path[39m
                [33md[39m=[32m"M9.671 4.136a2.34 2.34 0 0 1 4.659 0 2.34 2.34 0 0 0 3.319 1.915 2.34 2.34 0 0 1 
2.33 4.033 2.34 2.34 0 0 0 0 3.831 2.34 2.34 0 0 1-2.33 4.033 2.34 2.34 0 0 0-3.319 1.915 2.34 2.34 0 0 1-4.659 0 2.34 
2.34 0 0 0-3.32-1.915 2.34 2.34 0 0 1-2.33-4.033 2.34 2.34 0 0 0 0-3.831A2.34 2.34 0 0 1 6.35 6.051a2.34 2.34 0 0 0 
3.319-1.915"[39m
              [36m/>[39m
   ...
 ÔØ» Module.waitForWrapper node_modules/@testing-library/dom/dist/wait-for.js:163:27
 ÔØ» src/pages/notifications/Notifications.test.tsx:309:11
    307|     await user.click(createButton);
    308| 
    309|     await waitFor(() => {
       |           ^
    310|       expect(screen.getByText(/nuevo recordatorio/i)).toBeInTheDocumenÔÇª
    311|     });

ÔÄ»ÔÄ»ÔÄ»ÔÄ»ÔÄ»ÔÄ»ÔÄ»ÔÄ»ÔÄ»ÔÄ»ÔÄ»ÔÄ»ÔÄ»ÔÄ»ÔÄ»ÔÄ»ÔÄ»ÔÄ»ÔÄ»ÔÄ»ÔÄ»ÔÄ»[33/46]ÔÄ»

 FAIL  src/pages/notifications/Notifications.test.tsx > Notifications Page > debe crear recordatorio personalizado
AssertionError: expected "vi.fn()" to be called with arguments: [ { ÔÇª(4) } ]

Number of calls: 0


Ignored nodes: comments, script, style
[36m<html>[39m
  [36m<head />[39m
  [36m<body>[39m
    [36m<div>[39m
      [36m<div[39m
        [33mclass[39m=[32m"notifications-page"[39m
      [36m>[39m
        [36m<div[39m
          [33mclass[39m=[32m"notifications-header"[39m
        [36m>[39m
          [36m<div[39m
            [33mclass[39m=[32m"notifications-header-left"[39m
          [36m>[39m
            [36m<svg[39m
              [33maria-hidden[39m=[32m"true"[39m
              [33mclass[39m=[32m"lucide lucide-bell w-8 h-8 text-blue-600"[39m
              [33mfill[39m=[32m"none"[39m
              [33mheight[39m=[32m"24"[39m
              [33mstroke[39m=[32m"currentColor"[39m
              [33mstroke-linecap[39m=[32m"round"[39m
              [33mstroke-linejoin[39m=[32m"round"[39m
              [33mstroke-width[39m=[32m"2"[39m
              [33mviewBox[39m=[32m"0 0 24 24"[39m
              [33mwidth[39m=[32m"24"[39m
              [33mxmlns[39m=[32m"http://www.w3.org/2000/svg"[39m
            [36m>[39m
              [36m<path[39m
                [33md[39m=[32m"M10.268 21a2 2 0 0 0 3.464 0"[39m
              [36m/>[39m
              [36m<path[39m
                [33md[39m=[32m"M3.262 15.326A1 1 0 0 0 4 17h16a1 1 0 0 0 .74-1.673C19.41 13.956 18 12.499 18 8A6 6 
0 0 0 6 8c0 4.499-1.411 5.956-2.738 7.326"[39m
              [36m/>[39m
            [36m</svg>[39m
            [36m<div>[39m
              [36m<h1[39m
                [33mclass[39m=[32m"notifications-title"[39m
              [36m>[39m
                [0mNotificaciones[0m
              [36m</h1>[39m
              [36m<p[39m
                [33mclass[39m=[32m"notifications-subtitle"[39m
              [36m>[39m
                [0mGestiona tus alertas, recordatorios y preferencias[0m
              [36m</p>[39m
            [36m</div>[39m
          [36m</div>[39m
          [36m<div[39m
            [33mclass[39m=[32m"notifications-stats"[39m
          [36m>[39m
            [36m<div[39m
              [33mclass[39m=[32m"stat-item"[39m
            [36m>[39m
              [36m<span[39m
                [33mclass[39m=[32m"stat-label"[39m
              [36m>[39m
                [0mTotal[0m
              [36m</span>[39m
              [36m<span[39m
                [33mclass[39m=[32m"stat-value"[39m
              [36m>[39m
                [0m0[0m
              [36m</span>[39m
            [36m</div>[39m
            [36m<div[39m
              [33mclass[39m=[32m"stat-item"[39m
            [36m>[39m
              [36m<span[39m
                [33mclass[39m=[32m"stat-label"[39m
              [36m>[39m
                [0mNo le├¡das[0m
              [36m</span>[39m
              [36m<span[39m
                [33mclass[39m=[32m"stat-value stat-value-unread"[39m
              [36m>[39m
                [0m0[0m
              [36m</span>[39m
            [36m</div>[39m
          [36m</div>[39m
        [36m</div>[39m
        [36m<div[39m
          [33mclass[39m=[32m"notifications-tabs"[39m
        [36m>[39m
          [36m<button[39m
            [33mclass[39m=[32m"tab-button "[39m
          [36m>[39m
            [36m<svg[39m
              [33maria-hidden[39m=[32m"true"[39m
              [33mclass[39m=[32m"lucide lucide-bell w-4 h-4"[39m
              [33mfill[39m=[32m"none"[39m
              [33mheight[39m=[32m"24"[39m
              [33mstroke[39m=[32m"currentColor"[39m
              [33mstroke-linecap[39m=[32m"round"[39m
              [33mstroke-linejoin[39m=[32m"round"[39m
              [33mstroke-width[39m=[32m"2"[39m
              [33mviewBox[39m=[32m"0 0 24 24"[39m
              [33mwidth[39m=[32m"24"[39m
              [33mxmlns[39m=[32m"http://www.w3.org/2000/svg"[39m
            [36m>[39m
              [36m<path[39m
                [33md[39m=[32m"M10.268 21a2 2 0 0 0 3.464 0"[39m
              [36m/>[39m
              [36m<path[39m
                [33md[39m=[32m"M3.262 15.326A1 1 0 0 0 4 17h16a1 1 0 0 0 .74-1.673C19.41 13.956 18 12.499 18 8A6 6 
0 0 0 6 8c0 4.499-1.411 5.956-2.738 7.326"[39m
              [36m/>[39m
            [36m</svg>[39m
            [0mNotificaciones[0m
          [36m</button>[39m
          [36m<button[39m
            [33mclass[39m=[32m"tab-button active"[39m
          [36m>[39m
            [36m<svg[39m
              [33maria-hidden[39m=[32m"true"[39m
              [33mclass[39m=[32m"lucide lucide-calendar w-4 h-4"[39m
              [33mfill[39m=[32m"none"[39m
              [33mheight[39m=[32m"24"[39m
              [33mstroke[39m=[32m"currentColor"[39m
              [33mstroke-linecap[39m=[32m"round"[39m
              [33mstroke-linejoin[39m=[32m"round"[39m
              [33mstroke-width[39m=[32m"2"[39m
              [33mviewBox[39m=[32m"0 0 24 24"[39m
              [33mwidth[39m=[32m"24"[39m
              [33mxmlns[39m=[32m"http://www.w3.org/2000/svg"[39m
            [36m>[39m
              [36m<path[39m
                [33md[39m=[32m"M8 2v4"[39m
              [36m/>[39m
              [36m<path[39m
                [33md[39m=[32m"M16 2v4"[39m
              [36m/>[39m
              [36m<rect[39m
                [33mheight[39m=[32m"18"[39m
                [33mrx[39m=[32m"2"[39m
                [33mwidth[39m=[32m"18"[39m
                [33mx[39m=[32m"3"[39m
                [33my[39m=[32m"4"[39m
              [36m/>[39m
              [36m<path[39m
                [33md[39m=[32m"M3 10h18"[39m
              [36m/>[39m
            [36m</svg>[39m
            [0mRecordatorios[0m
          [36m</button>[39m
          [36m<button[39m
            [33mclass[39m=[32m"tab-button "[39m
          [36m>[39m
            [36m<svg[39m
              [33maria-hidden[39m=[32m"true"[39m
              [33mclass[39m=[32m"lucide lucide-settings w-4 h-4"[39m
              [33mfill[39m=[32m"none"[39m
              [33mheight[39m=[32m"24"[39m
              [33mstroke[39m=[32m"currentColor"[39m
              [33mstroke-linecap[39m=[32m"round"[39m
              [33mstroke-linejoin[39m=[32m"round"[39m
              [33mstroke-width[39m=[32m"2"[39m
              [33mviewBox[39m=[32m"0 0 24 24"[39m
              [33mwidth[39m=[32m"24"[39m
              [33mxmlns[39m=[32m"http://www.w3.org/2000/svg"[39m
            [36m>[39m
              [36m<path[39m
                [33md[39m=[32m"M9.671 4.136a2.34 2.34 0 0 1 4.659 0 2.34 2.34 0 0 0 3.319 1.915 2.34 2.34 0 0 1 
2.33 4.033 2.34 2.34 0 0 0 0 3.831 2.34 2.34 0 0 1-2.33 4.033 2.34 2.34 0 0 0-3.319 1.915 2.34 2.34 0 0 1-4.659 0 2.34 
2.34 0 0 0-3.32-1.915 2.34 2.34 0 0 1-2.33-4.033 2.34 2.34 0 0 0 0-3.831A2.34 2.34 0 0 1 6.35 6.051a2.34 2.34 0 0 0 
3.319-1.915"[39m
              [36m/>[39m
   ...
 ÔØ» src/pages/notifications/Notifications.test.tsx:351:40
    349| 
    350|     await waitFor(() => {
    351|       expect(mockCreateCustomReminder).toHaveBeenCalledWith({
       |                                        ^
    352|         title: 'Nuevo Recordatorio',
    353|         message: 'Mensaje del recordatorio',
 ÔØ» runWithExpensiveErrorDiagnosticsDisabled node_modules/@testing-library/dom/dist/config.js:47:12
 ÔØ» checkCallback node_modules/@testing-library/dom/dist/wait-for.js:124:77
 ÔØ» Timeout.checkRealTimersCallback node_modules/@testing-library/dom/dist/wait-for.js:118:16

ÔÄ»ÔÄ»ÔÄ»ÔÄ»ÔÄ»ÔÄ»ÔÄ»ÔÄ»ÔÄ»ÔÄ»ÔÄ»ÔÄ»ÔÄ»ÔÄ»ÔÄ»ÔÄ»ÔÄ»ÔÄ»ÔÄ»ÔÄ»ÔÄ»ÔÄ»[34/46]ÔÄ»

 FAIL  src/pages/notifications/Notifications.test.tsx > Notifications Page > debe cambiar a la pesta├▒a de preferencias
TestingLibraryElementError: Unable to find an element with the text: /preferencias de notificaciones/i. This could be 
because the text is broken up by multiple elements. In this case, you can provide a function for your text matcher to 
make your matcher more flexible.

Ignored nodes: comments, script, style
[36m<body>[39m
  [36m<div>[39m
    [36m<div[39m
      [33mclass[39m=[32m"notifications-page"[39m
    [36m>[39m
      [36m<div[39m
        [33mclass[39m=[32m"notifications-header"[39m
      [36m>[39m
        [36m<div[39m
          [33mclass[39m=[32m"notifications-header-left"[39m
        [36m>[39m
          [36m<svg[39m
            [33maria-hidden[39m=[32m"true"[39m
            [33mclass[39m=[32m"lucide lucide-bell w-8 h-8 text-blue-600"[39m
            [33mfill[39m=[32m"none"[39m
            [33mheight[39m=[32m"24"[39m
            [33mstroke[39m=[32m"currentColor"[39m
            [33mstroke-linecap[39m=[32m"round"[39m
            [33mstroke-linejoin[39m=[32m"round"[39m
            [33mstroke-width[39m=[32m"2"[39m
            [33mviewBox[39m=[32m"0 0 24 24"[39m
            [33mwidth[39m=[32m"24"[39m
            [33mxmlns[39m=[32m"http://www.w3.org/2000/svg"[39m
          [36m>[39m
            [36m<path[39m
              [33md[39m=[32m"M10.268 21a2 2 0 0 0 3.464 0"[39m
            [36m/>[39m
            [36m<path[39m
              [33md[39m=[32m"M3.262 15.326A1 1 0 0 0 4 17h16a1 1 0 0 0 .74-1.673C19.41 13.956 18 12.499 18 8A6 6 0 
0 0 6 8c0 4.499-1.411 5.956-2.738 7.326"[39m
            [36m/>[39m
          [36m</svg>[39m
          [36m<div>[39m
            [36m<h1[39m
              [33mclass[39m=[32m"notifications-title"[39m
            [36m>[39m
              [0mNotificaciones[0m
            [36m</h1>[39m
            [36m<p[39m
              [33mclass[39m=[32m"notifications-subtitle"[39m
            [36m>[39m
              [0mGestiona tus alertas, recordatorios y preferencias[0m
            [36m</p>[39m
          [36m</div>[39m
        [36m</div>[39m
        [36m<div[39m
          [33mclass[39m=[32m"notifications-stats"[39m
        [36m>[39m
          [36m<div[39m
            [33mclass[39m=[32m"stat-item"[39m
          [36m>[39m
            [36m<span[39m
              [33mclass[39m=[32m"stat-label"[39m
            [36m>[39m
              [0mTotal[0m
            [36m</span>[39m
            [36m<span[39m
              [33mclass[39m=[32m"stat-value"[39m
            [36m>[39m
              [0m0[0m
            [36m</span>[39m
          [36m</div>[39m
          [36m<div[39m
            [33mclass[39m=[32m"stat-item"[39m
          [36m>[39m
            [36m<span[39m
              [33mclass[39m=[32m"stat-label"[39m
            [36m>[39m
              [0mNo le├¡das[0m
            [36m</span>[39m
            [36m<span[39m
              [33mclass[39m=[32m"stat-value stat-value-unread"[39m
            [36m>[39m
              [0m0[0m
            [36m</span>[39m
          [36m</div>[39m
        [36m</div>[39m
      [36m</div>[39m
      [36m<div[39m
        [33mclass[39m=[32m"notifications-tabs"[39m
      [36m>[39m
        [36m<button[39m
          [33mclass[39m=[32m"tab-button "[39m
        [36m>[39m
          [36m<svg[39m
            [33maria-hidden[39m=[32m"true"[39m
            [33mclass[39m=[32m"lucide lucide-bell w-4 h-4"[39m
            [33mfill[39m=[32m"none"[39m
            [33mheight[39m=[32m"24"[39m
            [33mstroke[39m=[32m"currentColor"[39m
            [33mstroke-linecap[39m=[32m"round"[39m
            [33mstroke-linejoin[39m=[32m"round"[39m
            [33mstroke-width[39m=[32m"2"[39m
            [33mviewBox[39m=[32m"0 0 24 24"[39m
            [33mwidth[39m=[32m"24"[39m
            [33mxmlns[39m=[32m"http://www.w3.org/2000/svg"[39m
          [36m>[39m
            [36m<path[39m
              [33md[39m=[32m"M10.268 21a2 2 0 0 0 3.464 0"[39m
            [36m/>[39m
            [36m<path[39m
              [33md[39m=[32m"M3.262 15.326A1 1 0 0 0 4 17h16a1 1 0 0 0 .74-1.673C19.41 13.956 18 12.499 18 8A6 6 0 
0 0 6 8c0 4.499-1.411 5.956-2.738 7.326"[39m
            [36m/>[39m
          [36m</svg>[39m
          [0mNotificaciones[0m
        [36m</button>[39m
        [36m<button[39m
          [33mclass[39m=[32m"tab-button "[39m
        [36m>[39m
          [36m<svg[39m
            [33maria-hidden[39m=[32m"true"[39m
            [33mclass[39m=[32m"lucide lucide-calendar w-4 h-4"[39m
            [33mfill[39m=[32m"none"[39m
            [33mheight[39m=[32m"24"[39m
            [33mstroke[39m=[32m"currentColor"[39m
            [33mstroke-linecap[39m=[32m"round"[39m
            [33mstroke-linejoin[39m=[32m"round"[39m
            [33mstroke-width[39m=[32m"2"[39m
            [33mviewBox[39m=[32m"0 0 24 24"[39m
            [33mwidth[39m=[32m"24"[39m
            [33mxmlns[39m=[32m"http://www.w3.org/2000/svg"[39m
          [36m>[39m
            [36m<path[39m
              [33md[39m=[32m"M8 2v4"[39m
            [36m/>[39m
            [36m<path[39m
              [33md[39m=[32m"M16 2v4"[39m
            [36m/>[39m
            [36m<rect[39m
              [33mheight[39m=[32m"18"[39m
              [33mrx[39m=[32m"2"[39m
              [33mwidth[39m=[32m"18"[39m
              [33mx[39m=[32m"3"[39m
              [33my[39m=[32m"4"[39m
            [36m/>[39m
            [36m<path[39m
              [33md[39m=[32m"M3 10h18"[39m
            [36m/>[39m
          [36m</svg>[39m
          [0mRecordatorios[0m
        [36m</button>[39m
        [36m<button[39m
          [33mclass[39m=[32m"tab-button active"[39m
        [36m>[39m
          [36m<svg[39m
            [33maria-hidden[39m=[32m"true"[39m
            [33mclass[39m=[32m"lucide lucide-settings w-4 h-4"[39m
            [33mfill[39m=[32m"none"[39m
            [33mheight[39m=[32m"24"[39m
            [33mstroke[39m=[32m"currentColor"[39m
            [33mstroke-linecap[39m=[32m"round"[39m
            [33mstroke-linejoin[39m=[32m"round"[39m
            [33mstroke-width[39m=[32m"2"[39m
            [33mviewBox[39m=[32m"0 0 24 24"[39m
            [33mwidth[39m=[32m"24"[39m
            [33mxmlns[39m=[32m"http://www.w3.org/2000/svg"[39m
          [36m>[39m
            [36m<path[39m
              [33md[39m=[32m"M9.671 4.136a2.34 2.34 0 0 1 4.659 0 2.34 2.34 0 0 0 3.319 1.915 2.34 2.34 0 0 1 2.33 
4.033 2.34 2.34 0 0 0 0 3.831 2.34 2.34 0 0 1-2.33 4.033 2.34 2.34 0 0 0-3.319 1.915 2.34 2.34 0 0 1-4.659 0 2.34 2.34 
0 0 0-3.32-1.915 2.34 2.34 0 0 1-2.33-4.033 2.34 2.34 0 0 0 0-3.831A2.34 2.34 0 0 1 6.35 6.051a2.34 2.34 0 0 0 
3.319-1.915"[39m
            [36m/>[39m
            [36m<circle[39m
              [33mcx[39m=[32m"12"[39m
              [33mcy[39m=[32m"12"[39m
              [33mr[39m=[32m"3"[39m
            [36m/>[39m
          [36m</svg>[39m
          [0mPreferencias[0m
        [36m</button>[39m
      [36m</div>[39m
      [36m<div[39m
        [33mclass[39m=[32m"notifications-content"[39m
      [36m>[39m
        [36m<div[39m
          [33mclass[39m=[32m"preferences-error"[39m
        [36m>[39m
          [36m<svg[39m
            [33maria-hidden[39m=[32m"true"[39m
            [33mclass[39m=[32m"lucide lucide-circle-alert w-8 h-8 text-red-600"[39m
            [33mfill[39m=[32m"none"[39m
            [33mheight[39m=[32m"24"[39m
            [33mstroke[39m=[32m"currentColor"[39m
            [33mstroke-linecap[39m=[32m"round"[39m
            [33mstroke-linejoin[39m=[32m"round"[39m
            [33mstroke-width[39m=[32m"2"[39m
            [33mviewBox[39m=[32m"0 0 24 24"[39m
            [33mwidth[39m=[32m"24"[39m
            [33mxmlns[39m=[32m"http://www.w3.org/2000/svg"[39m
          [36m>[39m
            [36m<circle[39m
              [33mcx[39m=[32m"12"[39m
              [33mcy[39m=[32m"12"[39m
              [33mr[39m=[32m"10"[39m
            [36m/>[39m
            [36m<line[39m
              [33mx1[39m=[32m"12"[39m
              [33mx2[39m=[32m"12"[39m
              [33my1[39m=[32m"8"[39m
              [33my2[39m=[32m"12"[39m
            [36m/>[39m
            [36m<line[39m
              [33mx1[39m=[32m"12"[39m
              [33mx2[39m=[32m"12.01"[39m
              [33my1[39m=[32m"16"[39m
              [33my2[39m=[32m"16"[39m
            [36m/>[39m
          [36m</svg>[39m
          [36m<p>[39m
            [0mNo se pudieron cargar las preferencias[0m
          [36m</p>[39m
        [36m</div>[39m
      [36m</div>[39m
    [36m</div>[39m
  [36m</div>[39m
[36m</body>[39m

Ignored nodes: comments, script, style
[36m<html>[39m
  [36m<head />[39m
  [36m<body>[39m
    [36m<div>[39m
      [36m<div[39m
        [33mclass[39m=[32m"notifications-page"[39m
      [36m>[39m
        [36m<div[39m
          [33mclass[39m=[32m"notifications-header"[39m
        [36m>[39m
          [36m<div[39m
            [33mclass[39m=[32m"notifications-header-left"[39m
          [36m>[39m
            [36m<svg[39m
              [33maria-hidden[39m=[32m"true"[39m
              [33mclass[39m=[32m"lucide lucide-bell w-8 h-8 text-blue-600"[39m
              [33mfill[39m=[32m"none"[39m
              [33mheight[39m=[32m"24"[39m
              [33mstroke[39m=[32m"currentColor"[39m
              [33mstroke-linecap[39m=[32m"round"[39m
              [33mstroke-linejoin[39m=[32m"round"[39m
              [33mstroke-width[39m=[32m"2"[39m
              [33mviewBox[39m=[32m"0 0 24 24"[39m
              [33mwidth[39m=[32m"24"[39m
              [33mxmlns[39m=[32m"http://www.w3.org/2000/svg"[39m
            [36m>[39m
              [36m<path[39m
                [33md[39m=[32m"M10.268 21a2 2 0 0 0 3.464 0"[39m
              [36m/>[39m
              [36m<path[39m
                [33md[39m=[32m"M3.262 15.326A1 1 0 0 0 4 17h16a1 1 0 0 0 .74-1.673C19.41 13.956 18 12.499 18 8A6 6 
0 0 0 6 8c0 4.499-1.411 5.956-2.738 7.326"[39m
              [36m/>[39m
            [36m</svg>[39m
            [36m<div>[39m
              [36m<h1[39m
                [33mclass[39m=[32m"notifications-title"[39m
              [36m>[39m
                [0mNotificaciones[0m
              [36m</h1>[39m
              [36m<p[39m
                [33mclass[39m=[32m"notifications-subtitle"[39m
              [36m>[39m
                [0mGestiona tus alertas, recordatorios y preferencias[0m
              [36m</p>[39m
            [36m</div>[39m
          [36m</div>[39m
          [36m<div[39m
            [33mclass[39m=[32m"notifications-stats"[39m
          [36m>[39m
            [36m<div[39m
              [33mclass[39m=[32m"stat-item"[39m
            [36m>[39m
              [36m<span[39m
                [33mclass[39m=[32m"stat-label"[39m
              [36m>[39m
                [0mTotal[0m
              [36m</span>[39m
              [36m<span[39m
                [33mclass[39m=[32m"stat-value"[39m
              [36m>[39m
                [0m0[0m
              [36m</span>[39m
            [36m</div>[39m
            [36m<div[39m
              [33mclass[39m=[32m"stat-item"[39m
            [36m>[39m
              [36m<span[39m
                [33mclass[39m=[32m"stat-label"[39m
              [36m>[39m
                [0mNo le├¡das[0m
              [36m</span>[39m
              [36m<span[39m
                [33mclass[39m=[32m"stat-value stat-value-unread"[39m
              [36m>[39m
                [0m0[0m
              [36m</span>[39m
            [36m</div>[39m
          [36m</div>[39m
        [36m</div>[39m
        [36m<div[39m
          [33mclass[39m=[32m"notifications-tabs"[39m
        [36m>[39m
          [36m<button[39m
            [33mclass[39m=[32m"tab-button "[39m
          [36m>[39m
            [36m<svg[39m
              [33maria-hidden[39m=[32m"true"[39m
              [33mclass[39m=[32m"lucide lucide-bell w-4 h-4"[39m
              [33mfill[39m=[32m"none"[39m
              [33mheight[39m=[32m"24"[39m
              [33mstroke[39m=[32m"currentColor"[39m
              [33mstroke-linecap[39m=[32m"round"[39m
              [33mstroke-linejoin[39m=[32m"round"[39m
              [33mstroke-width[39m=[32m"2"[39m
              [33mviewBox[39m=[32m"0 0 24 24"[39m
              [33mwidth[39m=[32m"24"[39m
              [33mxmlns[39m=[32m"http://www.w3.org/2000/svg"[39m
            [36m>[39m
              [36m<path[39m
                [33md[39m=[32m"M10.268 21a2 2 0 0 0 3.464 0"[39m
              [36m/>[39m
              [36m<path[39m
                [33md[39m=[32m"M3.262 15.326A1 1 0 0 0 4 17h16a1 1 0 0 0 .74-1.673C19.41 13.956 18 12.499 18 8A6 6 
0 0 0 6 8c0 4.499-1.411 5.956-2.738 7.326"[39m
              [36m/>[39m
            [36m</svg>[39m
            [0mNotificaciones[0m
          [36m</button>[39m
          [36m<button[39m
            [33mclass[39m=[32m"tab-button "[39m
          [36m>[39m
            [36m<svg[39m
              [33maria-hidden[39m=[32m"true"[39m
              [33mclass[39m=[32m"lucide lucide-calendar w-4 h-4"[39m
              [33mfill[39m=[32m"none"[39m
              [33mheight[39m=[32m"24"[39m
              [33mstroke[39m=[32m"currentColor"[39m
              [33mstroke-linecap[39m=[32m"round"[39m
              [33mstroke-linejoin[39m=[32m"round"[39m
              [33mstroke-width[39m=[32m"2"[39m
              [33mviewBox[39m=[32m"0 0 24 24"[39m
              [33mwidth[39m=[32m"24"[39m
              [33mxmlns[39m=[32m"http://www.w3.org/2000/svg"[39m
            [36m>[39m
              [36m<path[39m
                [33md[39m=[32m"M8 2v4"[39m
              [36m/>[39m
              [36m<path[39m
                [33md[39m=[32m"M16 2v4"[39m
              [36m/>[39m
              [36m<rect[39m
                [33mheight[39m=[32m"18"[39m
                [33mrx[39m=[32m"2"[39m
                [33mwidth[39m=[32m"18"[39m
                [33mx[39m=[32m"3"[39m
                [33my[39m=[32m"4"[39m
              [36m/>[39m
              [36m<path[39m
                [33md[39m=[32m"M3 10h18"[39m
              [36m/>[39m
            [36m</svg>[39m
            [0mRecordatorios[0m
          [36m</button>[39m
          [36m<button[39m
            [33mclass[39m=[32m"tab-button active"[39m
          [36m>[39m
            [36m<svg[39m
              [33maria-hidden[39m=[32m"true"[39m
              [33mclass[39m=[32m"lucide lucide-settings w-4 h-4"[39m
              [33mfill[39m=[32m"none"[39m
              [33mheight[39m=[32m"24"[39m
              [33mstroke[39m=[32m"currentColor"[39m
              [33mstroke-linecap[39m=[32m"round"[39m
              [33mstroke-linejoin[39m=[32m"round"[39m
              [33mstroke-width[39m=[32m"2"[39m
              [33mviewBox[39m=[32m"0 0 24 24"[39m
              [33mwidth[39m=[32m"24"[39m
              [33mxmlns[39m=[32m"http://www.w3.org/2000/svg"[39m
            [36m>[39m
              [36m<path[39m
                [33md[39m=[32m"M9.671 4.136a2.34 2.34 0 0 1 4.659 0 2.34 2.34 0 0 0 3.319 1.915 2.34 2.34 0 0 1 
2.33 4.033 2.34 2.34 0 0 0 0 3.831 2.34 2.34 0 0 1-2.33 4.033 2.34 2.34 0 0 0-3.319 1.915 2.34 2.34 0 0 1-4.659 0 2.34 
2.34 0 0 0-3.32-1.915 2.34 2.34 0 0 1-2.33-4.033 2.34 2.34 0 0 0 0-3.831A2.34 2.34 0 0 1 6.35 6.051a2.34 2.34 0 0 0 
3.319-1.915"[39m
              [36m/>[39m
   ...
 ÔØ» Module.waitForWrapper node_modules/@testing-library/dom/dist/wait-for.js:163:27
 ÔØ» src/pages/notifications/Notifications.test.tsx:367:11
    365|     await user.click(preferencesTab);
    366| 
    367|     await waitFor(() => {
       |           ^
    368|       expect(screen.getByText(/preferencias de notificaciones/i)).toBeÔÇª
    369|     });

ÔÄ»ÔÄ»ÔÄ»ÔÄ»ÔÄ»ÔÄ»ÔÄ»ÔÄ»ÔÄ»ÔÄ»ÔÄ»ÔÄ»ÔÄ»ÔÄ»ÔÄ»ÔÄ»ÔÄ»ÔÄ»ÔÄ»ÔÄ»ÔÄ»ÔÄ»[35/46]ÔÄ»

 FAIL  src/pages/notifications/Notifications.test.tsx > Notifications Page > debe mostrar mensaje cuando no hay 
notificaciones
TestingLibraryElementError: Found multiple elements with the text: /no hay notificaciones/i

Here are the matching elements:

Ignored nodes: comments, script, style
[36m<p[39m
  [33mclass[39m=[32m"notifications-empty-title"[39m
[36m>[39m
  [0mNo hay notificaciones[0m
[36m</p>[39m

Ignored nodes: comments, script, style
[36m<p[39m
  [33mclass[39m=[32m"notifications-empty-text"[39m
[36m>[39m
  [0mNo hay notificaciones que coincidan con los filtros seleccionados[0m
[36m</p>[39m

(If this is intentional, then use the `*AllBy*` variant of the query (like `queryAllByText`, `getAllByText`, or 
`findAllByText`)).

Ignored nodes: comments, script, style
[36m<body>[39m
  [36m<div>[39m
    [36m<div[39m
      [33mclass[39m=[32m"notifications-page"[39m
    [36m>[39m
      [36m<div[39m
        [33mclass[39m=[32m"notifications-header"[39m
      [36m>[39m
        [36m<div[39m
          [33mclass[39m=[32m"notifications-header-left"[39m
        [36m>[39m
          [36m<svg[39m
            [33maria-hidden[39m=[32m"true"[39m
            [33mclass[39m=[32m"lucide lucide-bell w-8 h-8 text-blue-600"[39m
            [33mfill[39m=[32m"none"[39m
            [33mheight[39m=[32m"24"[39m
            [33mstroke[39m=[32m"currentColor"[39m
            [33mstroke-linecap[39m=[32m"round"[39m
            [33mstroke-linejoin[39m=[32m"round"[39m
            [33mstroke-width[39m=[32m"2"[39m
            [33mviewBox[39m=[32m"0 0 24 24"[39m
            [33mwidth[39m=[32m"24"[39m
            [33mxmlns[39m=[32m"http://www.w3.org/2000/svg"[39m
          [36m>[39m
            [36m<path[39m
              [33md[39m=[32m"M10.268 21a2 2 0 0 0 3.464 0"[39m
            [36m/>[39m
            [36m<path[39m
              [33md[39m=[32m"M3.262 15.326A1 1 0 0 0 4 17h16a1 1 0 0 0 .74-1.673C19.41 13.956 18 12.499 18 8A6 6 0 
0 0 6 8c0 4.499-1.411 5.956-2.738 7.326"[39m
            [36m/>[39m
          [36m</svg>[39m
          [36m<div>[39m
            [36m<h1[39m
              [33mclass[39m=[32m"notifications-title"[39m
            [36m>[39m
              [0mNotificaciones[0m
            [36m</h1>[39m
            [36m<p[39m
              [33mclass[39m=[32m"notifications-subtitle"[39m
            [36m>[39m
              [0mGestiona tus alertas, recordatorios y preferencias[0m
            [36m</p>[39m
          [36m</div>[39m
        [36m</div>[39m
        [36m<div[39m
          [33mclass[39m=[32m"notifications-stats"[39m
        [36m>[39m
          [36m<div[39m
            [33mclass[39m=[32m"stat-item"[39m
          [36m>[39m
            [36m<span[39m
              [33mclass[39m=[32m"stat-label"[39m
            [36m>[39m
              [0mTotal[0m
            [36m</span>[39m
            [36m<span[39m
              [33mclass[39m=[32m"stat-value"[39m
            [36m>[39m
              [0m0[0m
            [36m</span>[39m
          [36m</div>[39m
          [36m<div[39m
            [33mclass[39m=[32m"stat-item"[39m
          [36m>[39m
            [36m<span[39m
              [33mclass[39m=[32m"stat-label"[39m
            [36m>[39m
              [0mNo le├¡das[0m
            [36m</span>[39m
            [36m<span[39m
              [33mclass[39m=[32m"stat-value stat-value-unread"[39m
            [36m>[39m
              [0m0[0m
            [36m</span>[39m
          [36m</div>[39m
        [36m</div>[39m
      [36m</div>[39m
      [36m<div[39m
        [33mclass[39m=[32m"notifications-tabs"[39m
      [36m>[39m
        [36m<button[39m
          [33mclass[39m=[32m"tab-button active"[39m
        [36m>[39m
          [36m<svg[39m
            [33maria-hidden[39m=[32m"true"[39m
            [33mclass[39m=[32m"lucide lucide-bell w-4 h-4"[39m
            [33mfill[39m=[32m"none"[39m
            [33mheight[39m=[32m"24"[39m
            [33mstroke[39m=[32m"currentColor"[39m
            [33mstroke-linecap[39m=[32m"round"[39m
            [33mstroke-linejoin[39m=[32m"round"[39m
            [33mstroke-width[39m=[32m"2"[39m
            [33mviewBox[39m=[32m"0 0 24 24"[39m
            [33mwidth[39m=[32m"24"[39m
            [33mxmlns[39m=[32m"http://www.w3.org/2000/svg"[39m
          [36m>[39m
            [36m<path[39m
              [33md[39m=[32m"M10.268 21a2 2 0 0 0 3.464 0"[39m
            [36m/>[39m
            [36m<path[39m
              [33md[39m=[32m"M3.262 15.326A1 1 0 0 0 4 17h16a1 1 0 0 0 .74-1.673C19.41 13.956 18 12.499 18 8A6 6 0 
0 0 6 8c0 4.499-1.411 5.956-2.738 7.326"[39m
            [36m/>[39m
          [36m</svg>[39m
          [0mNotificaciones[0m
        [36m</button>[39m
        [36m<button[39m
          [33mclass[39m=[32m"tab-button "[39m
        [36m>[39m
          [36m<svg[39m
            [33maria-hidden[39m=[32m"true"[39m
            [33mclass[39m=[32m"lucide lucide-calendar w-4 h-4"[39m
            [33mfill[39m=[32m"none"[39m
            [33mheight[39m=[32m"24"[39m
            [33mstroke[39m=[32m"currentColor"[39m
            [33mstroke-linecap[39m=[32m"round"[39m
            [33mstroke-linejoin[39m=[32m"round"[39m
            [33mstroke-width[39m=[32m"2"[39m
            [33mviewBox[39m=[32m"0 0 24 24"[39m
            [33mwidth[39m=[32m"24"[39m
            [33mxmlns[39m=[32m"http://www.w3.org/2000/svg"[39m
          [36m>[39m
            [36m<path[39m
              [33md[39m=[32m"M8 2v4"[39m
            [36m/>[39m
            [36m<path[39m
              [33md[39m=[32m"M16 2v4"[39m
            [36m/>[39m
            [36m<rect[39m
              [33mheight[39m=[32m"18"[39m
              [33mrx[39m=[32m"2"[39m
              [33mwidth[39m=[32m"18"[39m
              [33mx[39m=[32m"3"[39m
              [33my[39m=[32m"4"[39m
            [36m/>[39m
            [36m<path[39m
              [33md[39m=[32m"M3 10h18"[39m
            [36m/>[39m
          [36m</svg>[39m
          [0mRecordatorios[0m
        [36m</button>[39m
        [36m<button[39m
          [33mclass[39m=[32m"tab-button "[39m
        [36m>[39m
          [36m<svg[39m
            [33maria-hidden[39m=[32m"true"[39m
            [33mclass[39m=[32m"lucide lucide-settings w-4 h-4"[39m
            [33mfill[39m=[32m"none"[39m
            [33mheight[39m=[32m"24"[39m
            [33mstroke[39m=[32m"currentColor"[39m
            [33mstroke-linecap[39m=[32m"round"[39m
            [33mstroke-linejoin[39m=[32m"round"[39m
            [33mstroke-width[39m=[32m"2"[39m
            [33mviewBox[39m=[32m"0 0 24 24"[39m
            [33mwidth[39m=[32m"24"[39m
            [33mxmlns[39m=[32m"http://www.w3.org/2000/svg"[39m
          [36m>[39m
            [36m<path[39m
              [33md[39m=[32m"M9.671 4.136a2.34 2.34 0 0 1 4.659 0 2.34 2.34 0 0 0 3.319 1.915 2.34 2.34 0 0 1 2.33 
4.033 2.34 2.34 0 0 0 0 3.831 2.34 2.34 0 0 1-2.33 4.033 2.34 2.34 0 0 0-3.319 1.915 2.34 2.34 0 0 1-4.659 0 2.34 2.34 
0 0 0-3.32-1.915 2.34 2.34 0 0 1-2.33-4.033 2.34 2.34 0 0 0 0-3.831A2.34 2.34 0 0 1 6.35 6.051a2.34 2.34 0 0 0 
3.319-1.915"[39m
            [36m/>[39m
            [36m<circle[39m
              [33mcx[39m=[32m"12"[39m
              [33mcy[39m=[32m"12"[39m
              [33mr[39m=[32m"3"[39m
            [36m/>[39m
          [36m</svg>[39m
          [0mPreferencias[0m
        [36m</button>[39m
      [36m</div>[39m
      [36m<div[39m
        [33mclass[39m=[32m"notifications-content"[39m
      [36m>[39m
        [36m<div[39m
          [33mclass[39m=[32m"notifications-filters"[39m
        [36m>[39m
          [36m<div[39m
            [33mclass[39m=[32m"filter-group"[39m
          [36m>[39m
            [36m<svg[39m
              [33maria-hidden[39m=[32m"true"[39m
              [33mclass[39m=[32m"lucide lucide-funnel w-4 h-4"[39m
              [33mfill[39m=[32m"none"[39m
              [33mheight[39m=[32m"24"[39m
              [33mstroke[39m=[32m"currentColor"[39m
              [33mstroke-linecap[39m=[32m"round"[39m
              [33mstroke-linejoin[39m=[32m"round"[39m
              [33mstroke-width[39m=[32m"2"[39m
              [33mviewBox[39m=[32m"0 0 24 24"[39m
              [33mwidth[39m=[32m"24"[39m
              [33mxmlns[39m=[32m"http://www.w3.org/2000/svg"[39m
            [36m>[39m
              [36m<path[39m
                [33md[39m=[32m"M10 20a1 1 0 0 0 .553.895l2 1A1 1 0 0 0 14 21v-7a2 2 0 0 1 .517-1.341L21.74 4.67A1 1 
0 0 0 21 3H3a1 1 0 0 0-.742 1.67l7.225 7.989A2 2 0 0 1 10 14z"[39m
              [36m/>[39m
            [36m</svg>[39m
            [36m<select[39m
              [33mclass[39m=[32m"filter-select"[39m
            [36m>[39m
              [36m<option[39m
                [33mvalue[39m=[32m"all"[39m
              [36m>[39m
                [0mTodos los tipos[0m
              [36m</option>[39m
              [36m<option[39m
                [33mvalue[39m=[32m"budget_warning"[39m
              [36m>[39m
                [0mAlerta de presupuesto (80%)[0m
              [36m</option>[39m
              [36m<option[39m
                [33mvalue[39m=[32m"budget_exceeded"[39m
              [36m>[39m
                [0mPresupuesto excedido[0m

 Test Files  7 failed | 25 passed (32)
      Tests  46 failed | 302 passed (348)
   Start at  16:37:04
   Duration  59.46s (transform 3.71s, setup 15.55s, import 11.03s, tests 95.23s, environment 39.50s)

              [36m</option>[39m
              [36m<option[39m
                [33mvalue[39m=[32m"bill_reminder"[39m
              [36m>[39m
                [0mRecordatorio de factura[0m
              [36m</option>[39m
              [36m<option[39m
                [33mvalue[39m=[32m"soat_reminder"[39m
              [36m>[39m
                [0mRecordatorio de SOAT[0m
              [36m</option>[39m
              [36m<option[39m
                [33mvalue[39m=[32m"month_end_reminder"[39m
              [36m>[39m
                [0mFin de mes[0m
              [36m</option>[39m
              [36m<option[39m
                [33mvalue[39m=[32m"custom_reminder"[39m
              [36m>[39m
                [0mRecordatorio personalizado[0m
              [36m</option>[39m
            [36m</select>[39m
          [36m</div>[39m
          [36m<div[39m
            [33mclass[39m=[32m"filter-group"[39m
          [36m>[39m
            [36m<select[39m
              [33mclass[39m=[32m"filter-select"[39m
            [36m>[39m
              [36m<option[39m
                [33mvalue[39m=[32m"all"[39m
              [36m>[39m
                [0mTodas[0m
              [36m</option>[39m
              [36m<option[39m
                [33mvalue[39m=[32m"unread"[39m
              [36m>[39m
                [0mNo le├¡das[0m
              [36m</option>[39m
              [36m<option[39m
                [33mvalue[39m=[32m"read"[39m
              [36m>[39m
                [0mLe├¡das[0m
              [36m</option>[39m
            [36m</select>[39m
          [36m</div>[39m
          [36m<div[39m
            [33mclass[39m=[32m"filter-group"[39m
          [36m>[39m
            [36m<label[39m
              [33mclass[39m=[32m"filter-checkbox"[39m
            [36m>[39m
              [36m<input[39m
                [33mtype[39m=[32m"checkbox"[39m
              [36m/>[39m
              [0mMostrar descartadas[0m
            [36m</label>[39m
          [36m</div>[39m
          [36m<div[39m
            [33mclass[39m=[32m"filter-actions"[39m
          [36m/>[39m
        [36m</div>[39m
        [36m<div[39m
          [33mclass[39m=[32m"notifications-empty"[39m
        [36m>[39m
          [36m<svg[39m
            [33maria-hidden[39m=[32m"true"[39m
            [33mclass[39m=[32m"lucide lucide-bell w-16 h-16 text-gray-300"[39m
            [33mfill[39m=[32m"none"[39m
            [33mheight[39m=[32m"24"[39m
            [33mstroke[39m=[32m"currentColor"[39m
            [33mstroke-linecap[39m=[32m"round"[39m
            [33mstroke-linejoin[39m=[32m"round"[39m
            [33mstroke-width[39m=[32m"2"[39m
            [33mviewBox[39m=[32m"0 0 24 24"[39m
            [33mwidth[39m=[32m"24"[39m
            [33mxmlns[39m=[32m"http://www.w3.org/2000/svg"[39m
          [36m>[39m
            [36m<path[39m
              [33md[39m=[32m"M10.268 21a2 2 0 0 0 3.464 0"[39m
            [36m/>[39m
            [36m<path[39m
              [33md[39m=[32m"M3.262 15.326A1 1 0 0 0 4 17h16a1 1 0 0 0 .74-1.673C19.41 13.956 18 12.499 18 8A6 6 0 
0 0 6 8c0 4.499-1.411 5.956-2.738 7.326"[39m
            [36m/>[39m
          [36m</svg>[39m
          [36m<p[39m
            [33mclass[39m=[32m"notifications-empty-title"[39m
          [36m>[39m
            [0mNo hay notificaciones[0m
          [36m</p>[39m
          [36m<p[39m
            [33mclass[39m=[32m"notifications-empty-text"[39m
          [36m>[39m
            [0mNo hay notificaciones que coincidan con los filtros seleccionados[0m
          [36m</p>[39m
        [36m</div>[39m
      [36m</div>[39m
    [36m</div>[39m
  [36m</div>[39m
[36m</body>[39m
 ÔØ» Object.getElementError node_modules/@testing-library/dom/dist/config.js:37:19
 ÔØ» getElementError node_modules/@testing-library/dom/dist/query-helpers.js:20:35
 ÔØ» getMultipleElementsFoundError node_modules/@testing-library/dom/dist/query-helpers.js:23:10
 ÔØ» node_modules/@testing-library/dom/dist/query-helpers.js:55:13
 ÔØ» node_modules/@testing-library/dom/dist/query-helpers.js:95:19
 ÔØ» src/pages/notifications/Notifications.test.tsx:386:19
    384|     render(<Notifications />);
    385| 
    386|     expect(screen.getByText(/no hay notificaciones/i)).toBeInTheDocumeÔÇª
       |                   ^
    387|   });
    388| 

ÔÄ»ÔÄ»ÔÄ»ÔÄ»ÔÄ»ÔÄ»ÔÄ»ÔÄ»ÔÄ»ÔÄ»ÔÄ»ÔÄ»ÔÄ»ÔÄ»ÔÄ»ÔÄ»ÔÄ»ÔÄ»ÔÄ»ÔÄ»ÔÄ»ÔÄ»[36/46]ÔÄ»

 FAIL  src/pages/notifications/Notifications.test.tsx > Notifications Page > debe eliminar recordatorio personalizado
AssertionError: expected "vi.fn()" to be called at least once
 ÔØ» src/pages/notifications/Notifications.test.tsx:436:30
    434|     if (deleteButton) {
    435|       await user.click(deleteButton);
    436|       expect(window.confirm).toHaveBeenCalled();
       |                              ^
    437|       expect(mockDeleteCustomReminder).toHaveBeenCalledWith(mockCustomÔÇª
    438|     }

ÔÄ»ÔÄ»ÔÄ»ÔÄ»ÔÄ»ÔÄ»ÔÄ»ÔÄ»ÔÄ»ÔÄ»ÔÄ»ÔÄ»ÔÄ»ÔÄ»ÔÄ»ÔÄ»ÔÄ»ÔÄ»ÔÄ»ÔÄ»ÔÄ»ÔÄ»[37/46]ÔÄ»

